Archive member included to satisfy reference by file (symbol)

app/libapp.a(main.c.obj)      (--whole-archive)
zephyr/libzephyr.a(validate_libc.c.obj)
                              (--whole-archive)
zephyr/libzephyr.a(heap.c.obj)
                              (--whole-archive)
zephyr/libzephyr.a(cbprintf_packaged.c.obj)
                              (--whole-archive)
zephyr/libzephyr.a(clock.c.obj)
                              (--whole-archive)
zephyr/libzephyr.a(printk.c.obj)
                              (--whole-archive)
zephyr/libzephyr.a(sem.c.obj)
                              (--whole-archive)
zephyr/libzephyr.a(thread_entry.c.obj)
                              (--whole-archive)
zephyr/libzephyr.a(cbprintf_complete.c.obj)
                              (--whole-archive)
zephyr/libzephyr.a(assert.c.obj)
                              (--whole-archive)
zephyr/libzephyr.a(mpsc_pbuf.c.obj)
                              (--whole-archive)
zephyr/libzephyr.a(dec.c.obj)
                              (--whole-archive)
zephyr/libzephyr.a(hex.c.obj)
                              (--whole-archive)
zephyr/libzephyr.a(rb.c.obj)  (--whole-archive)
zephyr/libzephyr.a(timeutil.c.obj)
                              (--whole-archive)
zephyr/libzephyr.a(bitarray.c.obj)
                              (--whole-archive)
zephyr/libzephyr.a(ring_buffer.c.obj)
                              (--whole-archive)
zephyr/libzephyr.a(last_section_id.c.obj)
                              (--whole-archive)
zephyr/libzephyr.a(configs.c.obj)
                              (--whole-archive)
zephyr/libzephyr.a(stm32cube_hal.c.obj)
                              (--whole-archive)
zephyr/libzephyr.a(soc_config.c.obj)
                              (--whole-archive)
zephyr/libzephyr.a(stm32_cache.c.obj)
                              (--whole-archive)
zephyr/libzephyr.a(stm32_backup_domain.c.obj)
                              (--whole-archive)
zephyr/libzephyr.a(soc_m7.c.obj)
                              (--whole-archive)
zephyr/libzephyr.a(mpu_regions.c.obj)
                              (--whole-archive)
zephyr/libzephyr.a(log_core.c.obj)
                              (--whole-archive)
zephyr/libzephyr.a(log_mgmt.c.obj)
                              (--whole-archive)
zephyr/libzephyr.a(log_cache.c.obj)
                              (--whole-archive)
zephyr/libzephyr.a(log_msg.c.obj)
                              (--whole-archive)
zephyr/libzephyr.a(log_output.c.obj)
                              (--whole-archive)
zephyr/libzephyr.a(log_backend_uart.c.obj)
                              (--whole-archive)
zephyr/libzephyr.a(mem_attr.c.obj)
                              (--whole-archive)
zephyr/libzephyr.a(tracing_none.c.obj)
                              (--whole-archive)
zephyr/arch/common/libarch__common.a(sw_isr_common.c.obj)
                              (--whole-archive)
zephyr/arch/arch/arm/core/libarch__arm__core.a(fatal.c.obj)
                              (--whole-archive)
zephyr/arch/arch/arm/core/libarch__arm__core.a(nmi.c.obj)
                              (--whole-archive)
zephyr/arch/arch/arm/core/libarch__arm__core.a(nmi_on_reset.S.obj)
                              (--whole-archive)
zephyr/arch/arch/arm/core/libarch__arm__core.a(tls.c.obj)
                              (--whole-archive)
zephyr/arch/arch/arm/core/cortex_m/libarch__arm__core__cortex_m.a(exc_exit.c.obj)
                              (--whole-archive)
zephyr/arch/arch/arm/core/cortex_m/libarch__arm__core__cortex_m.a(fault.c.obj)
                              (--whole-archive)
zephyr/arch/arch/arm/core/cortex_m/libarch__arm__core__cortex_m.a(fault_s.S.obj)
                              (--whole-archive)
zephyr/arch/arch/arm/core/cortex_m/libarch__arm__core__cortex_m.a(fpu.c.obj)
                              (--whole-archive)
zephyr/arch/arch/arm/core/cortex_m/libarch__arm__core__cortex_m.a(reset.S.obj)
                              (--whole-archive)
zephyr/arch/arch/arm/core/cortex_m/libarch__arm__core__cortex_m.a(scb.c.obj)
                              (--whole-archive)
zephyr/arch/arch/arm/core/cortex_m/libarch__arm__core__cortex_m.a(thread_abort.c.obj)
                              (--whole-archive)
zephyr/arch/arch/arm/core/cortex_m/libarch__arm__core__cortex_m.a(vector_table.S.obj)
                              (--whole-archive)
zephyr/arch/arch/arm/core/cortex_m/libarch__arm__core__cortex_m.a(swap_helper.S.obj)
                              (--whole-archive)
zephyr/arch/arch/arm/core/cortex_m/libarch__arm__core__cortex_m.a(irq_manage.c.obj)
                              (--whole-archive)
zephyr/arch/arch/arm/core/cortex_m/libarch__arm__core__cortex_m.a(prep_c.c.obj)
                              (--whole-archive)
zephyr/arch/arch/arm/core/cortex_m/libarch__arm__core__cortex_m.a(thread.c.obj)
                              (--whole-archive)
zephyr/arch/arch/arm/core/cortex_m/libarch__arm__core__cortex_m.a(cpu_idle.c.obj)
[...]
Memory Configuration

Name             Origin             Length             Attributes
FLASH            0x0000000008000000 0x0000000000100000 xr
RAM              0x0000000024000000 0x0000000000050000 xw
BACKUP_SRAM      0x0000000038800000 0x0000000000001000 rw
EXTMEM           0x0000000090000000 0x0000000010000000 rw
SRAM1            0x0000000030000000 0x0000000000004000 rw
SRAM2            0x0000000030004000 0x0000000000004000 rw
SRAM4            0x0000000038000000 0x0000000000004000 rw
DTCM             0x0000000020000000 0x0000000000020000 rw
ITCM             0x0000000000000000 0x0000000000010000 rw
IDT_LIST         0x00000000ffff7fff 0x0000000000008000 xw
*default*        0x0000000000000000 0xffffffffffffffff

Linker script and memory map

                0x000000000800b87c                vfprintf = __l_vfprintf
                0x0000000000000000                vfscanf = __l_vfscanf
LOAD zephyr/CMakeFiles/zephyr_final.dir/misc/empty_file.c.obj
LOAD zephyr/CMakeFiles/zephyr_final.dir/isr_tables.c.obj
LOAD zephyr/CMakeFiles/offsets.dir/./arch/arm/core/offsets/offsets.c.obj
LOAD app/libapp.a
LOAD zephyr/libzephyr.a
LOAD zephyr/arch/common/libarch__common.a
LOAD zephyr/arch/arch/arm/core/libarch__arm__core.a
LOAD zephyr/arch/arch/arm/core/cortex_m/libarch__arm__core__cortex_m.a
LOAD zephyr/arch/arch/arm/core/mpu/libarch__arm__core__mpu.a
LOAD zephyr/lib/libc/picolibc/liblib__libc__picolibc.a
LOAD zephyr/lib/libc/common/liblib__libc__common.a
LOAD zephyr/drivers/interrupt_controller/libdrivers__interrupt_controller.a
LOAD zephyr/drivers/clock_control/libdrivers__clock_control.a
LOAD zephyr/drivers/console/libdrivers__console.a
LOAD zephyr/drivers/dma/libdrivers__dma.a
LOAD zephyr/drivers/gpio/libdrivers__gpio.a
LOAD zephyr/drivers/i2s/libdrivers__i2s.a
LOAD zephyr/drivers/pinctrl/libdrivers__pinctrl.a
LOAD zephyr/drivers/reset/libdrivers__reset.a
LOAD zephyr/drivers/serial/libdrivers__serial.a
LOAD zephyr/drivers/spi/libdrivers__spi.a
LOAD zephyr/drivers/timer/libdrivers__timer.a
LOAD modules/hal_stm32/stm32cube/lib..__modules__hal__stm32__stm32cube.a
LOAD zephyr/kernel/libkernel.a
LOAD zephyr/arch/common/libisr_tables.a
LOAD c:\zephyr-sdk-0.17.3\arm-zephyr-eabi\bin\../lib/gcc/../../picolibc/arm-zephyr-eabi/lib/thumb/v7e-m/nofp\libc.a
LOAD c:/zephyr-sdk-0.17.3/arm-zephyr-eabi/bin/../lib/gcc/arm-zephyr-eabi/12.2.0/thumb/v7e-m/nofp\libgcc.a
                0x0000000000000020                _region_min_align = 0x20

.rel.plt        0x0000000008000000        0x0
 *(SORT_BY_ALIGNMENT(.rel.plt))
                [!provide]                        PROVIDE (__rel_iplt_start = .)
 *(SORT_BY_ALIGNMENT(.rel.iplt))
 .rel.iplt      0x0000000008000000        0x0 zephyr/CMakeFiles/zephyr_final.dir/isr_tables.c.obj
                [!provide]                        PROVIDE (__rel_iplt_end = .)

.rela.plt       0x0000000000000000        0x0
 *(SORT_BY_ALIGNMENT(.rela.plt))
                [!provide]                        PROVIDE (__rela_iplt_start = .)
 *(SORT_BY_ALIGNMENT(.rela.iplt))
                [!provide]                        PROVIDE (__rela_iplt_end = .)

.rel.dyn
 *(SORT_BY_ALIGNMENT(.rel.*))

.rela.dyn
 *(SORT_BY_ALIGNMENT(.rela.*))

/DISCARD/
 *(SORT_BY_ALIGNMENT(.plt))

/DISCARD/
 *(SORT_BY_ALIGNMENT(.iplt))
                0x0000000008000000                __rom_region_start = 0x8000000

rom_start       0x0000000008000000      0x2cc
                0x0000000008000000                __rom_start_address = .
 FILL mask 0x00
                0x0000000008000000                . = (. + (0x0 - (. - __rom_start_address)))
                0x0000000008000000                . = ALIGN (0x4)
                0x0000000008000000                . = ALIGN (0x80)
                0x0000000008000000                . = ALIGN (0x400)
                0x0000000008000000                _vector_start = .
 *(SORT_BY_ALIGNMENT(.exc_vector_table))
 *(SORT_BY_ALIGNMENT(.exc_vector_table.*))
 .exc_vector_table._vector_table_section
                0x0000000008000000       0x40 zephyr/arch/arch/arm/core/cortex_m/libarch__arm__core__cortex_m.a(vector_table.S.obj)
                0x0000000008000000                _vector_table
 *(SORT_BY_ALIGNMENT(.vectors))
                0x00000000080002cc                _vector_end = .
                0x0000000008000040                . = ALIGN (0x4)
 *(SORT_BY_ALIGNMENT(.gnu.linkonce.irq_vector_table*))
 .gnu.linkonce.irq_vector_table
                0x0000000008000040      0x28c zephyr/CMakeFiles/zephyr_final.dir/isr_tables.c.obj
                0x0000000008000040                _irq_vector_table
                0x00000000080002cc                _vector_end = .

text            0x00000000080002cc     0xde44
                0x00000000080002cc                __text_region_start = .
 *(SORT_BY_ALIGNMENT(.text))
 .text          0x00000000080002cc       0x30 c:/zephyr-sdk-0.17.3/arm-zephyr-eabi/bin/../lib/gcc/arm-zephyr-eabi/12.2.0/thumb/v7e-m/nofp\libgcc.a(_aeabi_uldivmod.o)
                0x00000000080002cc                __aeabi_uldivmod
 .text          0x00000000080002fc        0x4 c:/zephyr-sdk-0.17.3/arm-zephyr-eabi/bin/../lib/gcc/arm-zephyr-eabi/12.2.0/thumb/v7e-m/nofp\libgcc.a(_dvmd_tls.o)
                0x00000000080002fc                __aeabi_idiv0
                0x00000000080002fc                __aeabi_ldiv0
 .text          0x0000000008000300       0x10 c:\zephyr-sdk-0.17.3\arm-zephyr-eabi\bin\../lib/gcc/../../picolibc/arm-zephyr-eabi/lib/thumb/v7e-m/nofp\libc.a(strlen.S.o)
                0x0000000008000300                strlen
 .text          0x0000000008000310      0x2a0 c:/zephyr-sdk-0.17.3/arm-zephyr-eabi/bin/../lib/gcc/arm-zephyr-eabi/12.2.0/thumb/v7e-m/nofp\libgcc.a(_udivmoddi4.o)
                0x0000000008000310                __udivmoddi4
 *(SORT_BY_ALIGNMENT(.text.*))
 .text.main     0x00000000080005b0      0x144 app/libapp.a(main.c.obj)
                0x00000000080005b0                main
 .text.sys_heap_init
                0x00000000080006f4      0x184 zephyr/libzephyr.a(heap.c.obj)
                0x00000000080006f4                sys_heap_init
 .text.get_package_len
                0x0000000008000878       0x50 zephyr/libzephyr.a(cbprintf_packaged.c.obj)
 .text.cbvprintf_package
                0x00000000080008c8      0x548 zephyr/libzephyr.a(cbprintf_packaged.c.obj)
                0x00000000080008c8                cbvprintf_package
 .text.cbprintf_package_convert
                0x0000000008000e10      0x5b0 zephyr/libzephyr.a(cbprintf_packaged.c.obj)
                0x0000000008000e10                cbprintf_package_convert
 .text.__printk_hook_install
                0x00000000080013c0        0xc zephyr/libzephyr.a(printk.c.obj)
                0x00000000080013c0                __printk_hook_install
 .text.z_thread_entry
                0x00000000080013cc       0x34 zephyr/libzephyr.a(thread_entry.c.obj)
                0x00000000080013cc                z_thread_entry
 .text.mpsc_pbuf_init
                0x0000000008001400       0x68 zephyr/libzephyr.a(mpsc_pbuf.c.obj)
                0x0000000008001400                mpsc_pbuf_init
 .text.mpsc_pbuf_alloc
                0x0000000008001468      0x220 zephyr/libzephyr.a(mpsc_pbuf.c.obj)
                0x0000000008001468                mpsc_pbuf_alloc
 .text.mpsc_pbuf_commit
                0x0000000008001688       0xc8 zephyr/libzephyr.a(mpsc_pbuf.c.obj)
                0x0000000008001688                mpsc_pbuf_commit
 .text.mpsc_pbuf_claim
                0x0000000008001750      0x14c zephyr/libzephyr.a(mpsc_pbuf.c.obj)
                0x0000000008001750                mpsc_pbuf_claim
 .text.mpsc_pbuf_free
                0x000000000800189c      0x100 zephyr/libzephyr.a(mpsc_pbuf.c.obj)
                0x000000000800189c                mpsc_pbuf_free
 .text.mpsc_pbuf_is_pending
                0x000000000800199c       0xa4 zephyr/libzephyr.a(mpsc_pbuf.c.obj)
                0x000000000800199c                mpsc_pbuf_is_pending
 .text.st_stm32_common_config
                0x0000000008001a40       0x1c zephyr/libzephyr.a(soc_config.c.obj)
 .text.stm32_backup_domain_enable_access
                0x0000000008001a5c       0xc0 zephyr/libzephyr.a(stm32_backup_domain.c.obj)
                0x0000000008001a5c                stm32_backup_domain_enable_access
 .text.stm32_backup_domain_disable_access
                0x0000000008001b1c       0xe8 zephyr/libzephyr.a(stm32_backup_domain.c.obj)
                0x0000000008001b1c                stm32_backup_domain_disable_access
 .text.soc_early_init_hook
                0x0000000008001c04       0x54 zephyr/libzephyr.a(soc_m7.c.obj)
                0x0000000008001c04                soc_early_init_hook
 .text.log_backend_is_active
                0x0000000008001c58       0x30 zephyr/libzephyr.a(log_core.c.obj)
 .text.log_backend_id_set
                0x0000000008001c88       0x2c zephyr/libzephyr.a(log_core.c.obj)
 .text.log_backend_init
                0x0000000008001cb4       0x38 zephyr/libzephyr.a(log_core.c.obj)
 .text.log_backend_is_ready
                0x0000000008001cec       0x34 zephyr/libzephyr.a(log_core.c.obj)
 .text.log_backend_panic
                0x0000000008001d20       0x30 zephyr/libzephyr.a(log_core.c.obj)
 .text.log_backend_dropped
                0x0000000008001d50       0x30 zephyr/libzephyr.a(log_core.c.obj)
 .text.log_backend_msg_process
                0x0000000008001d80       0x4c zephyr/libzephyr.a(log_core.c.obj)
 .text.msg_process
                0x0000000008001dcc       0x70 zephyr/libzephyr.a(log_core.c.obj)
 .text.log_backend_notify
                0x0000000008001e3c       0x38 zephyr/libzephyr.a(log_core.c.obj)
 .text.log_backend_notify_all
                0x0000000008001e74       0x5c zephyr/libzephyr.a(log_core.c.obj)
 .text.default_lf_get_timestamp
                0x0000000008001ed0       0x48 zephyr/libzephyr.a(log_core.c.obj)
 .text.activate_foreach_backend
                0x0000000008001f18       0x50 zephyr/libzephyr.a(log_core.c.obj)
 .text.z_log_init
                0x0000000008001f68       0xec zephyr/libzephyr.a(log_core.c.obj)
 .text.thread_set
                0x0000000008002054       0x28 zephyr/libzephyr.a(log_core.c.obj)
 .text.log_process_thread_timer_expiry_fn
                0x000000000800207c       0x10 zephyr/libzephyr.a(log_core.c.obj)
 .text.enable_logger
                0x000000000800208c       0x5c zephyr/libzephyr.a(log_core.c.obj)
 .text.log_format_func_t_get
                0x00000000080020e8        0xc zephyr/libzephyr.a(log_core.c.obj)
                0x00000000080020e8                log_format_func_t_get
 .text.log_set_timestamp_func
                0x00000000080020f4       0x24 zephyr/libzephyr.a(log_core.c.obj)
                0x00000000080020f4                log_set_timestamp_func
 .text.z_log_notify_backend_enabled
                0x0000000008002118       0x20 zephyr/libzephyr.a(log_core.c.obj)
                0x0000000008002118                z_log_notify_backend_enabled
 .text.z_log_dropped
                0x0000000008002138       0x54 zephyr/libzephyr.a(log_core.c.obj)
                0x0000000008002138                z_log_dropped
 .text.z_log_dropped_read_and_clear
                0x000000000800218c       0x20 zephyr/libzephyr.a(log_core.c.obj)
                0x000000000800218c                z_log_dropped_read_and_clear
 .text.dropped_notify
                0x00000000080021ac       0x68 zephyr/libzephyr.a(log_core.c.obj)
                0x00000000080021ac                dropped_notify
 .text.z_log_dropped_pending
                0x0000000008002214       0x14 zephyr/libzephyr.a(log_core.c.obj)
                0x0000000008002214                z_log_dropped_pending
 .text.z_log_msg_init
                0x0000000008002228       0x20 zephyr/libzephyr.a(log_core.c.obj)
                0x0000000008002228                z_log_msg_init
 .text.log_core_init
                0x0000000008002248       0x8c zephyr/libzephyr.a(log_core.c.obj)
                0x0000000008002248                log_core_init
 .text.z_log_msg_alloc
                0x00000000080022d4       0x10 zephyr/libzephyr.a(log_core.c.obj)
                0x00000000080022d4                z_log_msg_alloc
 .text.z_log_msg_local_claim
                0x00000000080022e4       0x10 zephyr/libzephyr.a(log_core.c.obj)
                0x00000000080022e4                z_log_msg_local_claim
 .text.z_log_msg_free
                0x00000000080022f4       0x14 zephyr/libzephyr.a(log_core.c.obj)
                0x00000000080022f4                z_log_msg_free
 .text.z_log_msg_pending
                0x0000000008002308       0x10 zephyr/libzephyr.a(log_core.c.obj)
                0x0000000008002308                z_log_msg_pending
 .text.z_impl_log_process
                0x0000000008002318       0xd0 zephyr/libzephyr.a(log_core.c.obj)
                0x0000000008002318                z_impl_log_process
 .text.z_impl_log_panic
                0x00000000080023e8       0x84 zephyr/libzephyr.a(log_core.c.obj)
                0x00000000080023e8                z_impl_log_panic
 .text.z_log_msg_post_finalize
                0x000000000800246c       0xfc zephyr/libzephyr.a(log_core.c.obj)
 .text.z_log_msg_commit
                0x0000000008002568       0x20 zephyr/libzephyr.a(log_core.c.obj)
                0x0000000008002568                z_log_msg_commit
 .text.log_process_thread_func
                0x0000000008002588       0xb0 zephyr/libzephyr.a(log_core.c.obj)
 .text.log_backend_activate
                0x0000000008002638       0x38 zephyr/libzephyr.a(log_mgmt.c.obj)
 .text.log_src_cnt_get
                0x0000000008002670       0x14 zephyr/libzephyr.a(log_mgmt.c.obj)
                0x0000000008002670                log_src_cnt_get
 .text.log_source_name_get
                0x0000000008002684       0x1c zephyr/libzephyr.a(log_mgmt.c.obj)
                0x0000000008002684                log_source_name_get
 .text.cbprintf_package_copy
                0x00000000080026a0       0x30 zephyr/libzephyr.a(log_msg.c.obj)
 .text.z_impl_z_log_msg_static_create
                0x00000000080026d0      0x1a0 zephyr/libzephyr.a(log_msg.c.obj)
                0x00000000080026d0                z_impl_z_log_msg_static_create
 .text.z_log_msg_runtime_vcreate
                0x0000000008002870       0xf4 zephyr/libzephyr.a(log_msg.c.obj)
                0x0000000008002870                z_log_msg_runtime_vcreate
 .text.log_msg_get_source_id
                0x0000000008002964       0x18 zephyr/libzephyr.a(log_msg.c.obj)
                0x0000000008002964                log_msg_get_source_id
 .text.out_func
                0x000000000800297c       0x64 zephyr/libzephyr.a(log_output.c.obj)
 .text.print_formatted
                0x00000000080029e0       0x24 zephyr/libzephyr.a(log_output.c.obj)
 .text.timestamp_print
                0x0000000008002a04       0x8c zephyr/libzephyr.a(log_output.c.obj)
 .text.color_print
                0x0000000008002a90       0x2c zephyr/libzephyr.a(log_output.c.obj)
 .text.ids_print
                0x0000000008002abc       0x6c zephyr/libzephyr.a(log_output.c.obj)
 .text.prefix_print
                0x0000000008002b28       0xb0 zephyr/libzephyr.a(log_output.c.obj)
 .text.newline_print
                0x0000000008002bd8       0x28 zephyr/libzephyr.a(log_output.c.obj)
 .text.hexdump_line_print
                0x0000000008002c00       0xc4 zephyr/libzephyr.a(log_output.c.obj)
 .text.log_output_process
                0x0000000008002cc4       0xb0 zephyr/libzephyr.a(log_output.c.obj)
                0x0000000008002cc4                log_output_process
 .text.log_output_dropped_process
                0x0000000008002d74       0x84 zephyr/libzephyr.a(log_output.c.obj)
                0x0000000008002d74                log_output_dropped_process
 .text.log_output_timestamp_freq_set
                0x0000000008002df8       0x2c zephyr/libzephyr.a(log_output.c.obj)
                0x0000000008002df8                log_output_timestamp_freq_set
 .text.char_out
                0x0000000008002e24       0x24 zephyr/libzephyr.a(log_backend_uart.c.obj)
 .text.log_backend_uart_init
                0x0000000008002e48       0x3c zephyr/libzephyr.a(log_backend_uart.c.obj)
 .text.mem_attr_get_regions
                0x0000000008002e84        0xc zephyr/libzephyr.a(mem_attr.c.obj)
                0x0000000008002e84                mem_attr_get_regions
 .text.esf_dump
                0x0000000008002e90      0x1bc zephyr/arch/arch/arm/core/libarch__arm__core.a(fatal.c.obj)
 .text.z_arm_fatal_error
                0x000000000800304c       0x38 zephyr/arch/arch/arm/core/libarch__arm__core.a(fatal.c.obj)
                0x000000000800304c                z_arm_fatal_error
 .text.z_SysNmiOnReset
                0x0000000008003084        0x8 zephyr/arch/arch/arm/core/libarch__arm__core.a(nmi_on_reset.S.obj)
                0x0000000008003084                z_SysNmiOnReset
 .text.z_tls_copy
                0x000000000800308c       0x28 zephyr/arch/arch/arm/core/libarch__arm__core.a(tls.c.obj)
 .text.arch_tls_stack_setup
                0x00000000080030b4       0x24 zephyr/arch/arch/arm/core/libarch__arm__core.a(tls.c.obj)
                0x00000000080030b4                arch_tls_stack_setup
 .text._HandlerModeExit
                0x00000000080030d8       0x20 zephyr/arch/arch/arm/core/cortex_m/libarch__arm__core__cortex_m.a(exc_exit.c.obj)
                0x00000000080030d8                z_arm_int_exit
                0x00000000080030d8                z_arm_exc_exit
 .text.z_arm_is_synchronous_svc
                0x00000000080030f8       0x3c zephyr/arch/arch/arm/core/cortex_m/libarch__arm__core__cortex_m.a(fault.c.obj)
 .text.get_esf  0x0000000008003134       0x48 zephyr/arch/arch/arm/core/cortex_m/libarch__arm__core__cortex_m.a(fault.c.obj)
 .text.usage_fault
                0x000000000800317c       0xd4 zephyr/arch/arch/arm/core/cortex_m/libarch__arm__core__cortex_m.a(fault.c.obj)
 .text.debug_monitor
                0x0000000008003250       0x1c zephyr/arch/arch/arm/core/cortex_m/libarch__arm__core__cortex_m.a(fault.c.obj)
 .text.reserved_exception
                0x000000000800326c       0xf8 zephyr/arch/arch/arm/core/cortex_m/libarch__arm__core__cortex_m.a(fault.c.obj)
 .text.bus_fault
                0x0000000008003364      0x110 zephyr/arch/arch/arm/core/cortex_m/libarch__arm__core__cortex_m.a(fault.c.obj)
 .text.mem_manage_fault
                0x0000000008003474      0x180 zephyr/arch/arch/arm/core/cortex_m/libarch__arm__core__cortex_m.a(fault.c.obj)
 .text.hard_fault
                0x00000000080035f4      0x124 zephyr/arch/arch/arm/core/cortex_m/libarch__arm__core__cortex_m.a(fault.c.obj)
 .text.z_arm_fault
                0x0000000008003718       0xb8 zephyr/arch/arch/arm/core/cortex_m/libarch__arm__core__cortex_m.a(fault.c.obj)
                0x0000000008003718                z_arm_fault
 .text.z_arm_fault_init
                0x00000000080037d0       0x18 zephyr/arch/arch/arm/core/cortex_m/libarch__arm__core__cortex_m.a(fault.c.obj)
                0x00000000080037d0                z_arm_fault_init
 .text.__fault  0x00000000080037e8       0x14 zephyr/arch/arch/arm/core/cortex_m/libarch__arm__core__cortex_m.a(fault_s.S.obj)
                0x00000000080037e8                z_arm_usage_fault
                0x00000000080037e8                z_arm_mpu_fault
                0x00000000080037e8                z_arm_exc_spurious
                0x00000000080037e8                z_arm_debug_monitor
                0x00000000080037e8                z_arm_hard_fault
                0x00000000080037e8                z_arm_bus_fault
 .text._reset_section
                0x00000000080037fc       0x44 zephyr/arch/arch/arm/core/cortex_m/libarch__arm__core__cortex_m.a(reset.S.obj)
                0x00000000080037fc                __start
                0x00000000080037fc                z_arm_reset
 .text.z_impl_k_thread_abort
                0x0000000008003840       0x34 zephyr/arch/arch/arm/core/cortex_m/libarch__arm__core__cortex_m.a(thread_abort.c.obj)
                0x0000000008003840                z_impl_k_thread_abort
 .text.z_arm_pendsv
                0x0000000008003874       0x60 zephyr/arch/arch/arm/core/cortex_m/libarch__arm__core__cortex_m.a(swap_helper.S.obj)
                0x0000000008003874                z_arm_pendsv
 .text.z_arm_svc
                0x00000000080038d4       0x24 zephyr/arch/arch/arm/core/cortex_m/libarch__arm__core__cortex_m.a(swap_helper.S.obj)
                0x00000000080038d4                z_arm_svc
 .text.__NVIC_EnableIRQ
                0x00000000080038f8       0x1c zephyr/arch/arch/arm/core/cortex_m/libarch__arm__core__cortex_m.a(irq_manage.c.obj)
 .text.__NVIC_SetPriority
                0x0000000008003914       0x24 zephyr/arch/arch/arm/core/cortex_m/libarch__arm__core__cortex_m.a(irq_manage.c.obj)
 .text.arm_irq_priority_set
                0x0000000008003938       0x48 zephyr/arch/arch/arm/core/cortex_m/libarch__arm__core__cortex_m.a(irq_manage.c.obj)
                0x0000000008003938                arm_irq_priority_set
 .text.relocate_vector_table
                0x0000000008003980       0x1c zephyr/arch/arch/arm/core/cortex_m/libarch__arm__core__cortex_m.a(prep_c.c.obj)
                0x0000000008003980                relocate_vector_table
 .text.z_prep_c
                0x000000000800399c       0x3c zephyr/arch/arch/arm/core/cortex_m/libarch__arm__core__cortex_m.a(prep_c.c.obj)
                0x000000000800399c                z_prep_c
 .text.arch_new_thread
                0x00000000080039d8       0x40 zephyr/arch/arch/arm/core/cortex_m/libarch__arm__core__cortex_m.a(thread.c.obj)
                0x00000000080039d8                arch_new_thread
 .text.z_check_thread_stack_fail
                0x0000000008003a18       0x40 zephyr/arch/arch/arm/core/cortex_m/libarch__arm__core__cortex_m.a(thread.c.obj)
                0x0000000008003a18                z_check_thread_stack_fail
 .text.arch_switch_to_main_thread
                0x0000000008003a58       0x3c zephyr/arch/arch/arm/core/cortex_m/libarch__arm__core__cortex_m.a(thread.c.obj)
                0x0000000008003a58                arch_switch_to_main_thread
 .text.z_arm_cpu_idle_init
                0x0000000008003a94        0xc zephyr/arch/arch/arm/core/cortex_m/libarch__arm__core__cortex_m.a(cpu_idle.c.obj)
                0x0000000008003a94                z_arm_cpu_idle_init
 .text.z_arm_interrupt_init
                0x0000000008003aa0       0x34 zephyr/arch/arch/arm/core/cortex_m/libarch__arm__core__cortex_m.a(irq_init.c.obj)
                0x0000000008003aa0                z_arm_interrupt_init
 .text._isr_wrapper
                0x0000000008003ad4       0x20 zephyr/arch/arch/arm/core/cortex_m/libarch__arm__core__cortex_m.a(isr_wrapper.c.obj)
                0x0000000008003ad4                _isr_wrapper
 .text.arch_dcache_enable
                0x0000000008003af4       0x68 zephyr/arch/arch/arm/core/cortex_m/libarch__arm__core__cortex_m.a(cache.c.obj)
                0x0000000008003af4                arch_dcache_enable
 .text.arch_dcache_flush_range
                0x0000000008003b5c       0x30 zephyr/arch/arch/arm/core/cortex_m/libarch__arm__core__cortex_m.a(cache.c.obj)
                0x0000000008003b5c                arch_dcache_flush_range
 .text.arch_dcache_invd_range
                0x0000000008003b8c       0x30 zephyr/arch/arch/arm/core/cortex_m/libarch__arm__core__cortex_m.a(cache.c.obj)
                0x0000000008003b8c                arch_dcache_invd_range
 .text.arch_icache_enable
                0x0000000008003bbc       0x38 zephyr/arch/arch/arm/core/cortex_m/libarch__arm__core__cortex_m.a(cache.c.obj)
                0x0000000008003bbc                arch_icache_enable
 .text.z_arm_configure_static_mpu_regions
                0x0000000008003bf4       0x1c zephyr/arch/arch/arm/core/mpu/libarch__arm__core__mpu.a(arm_core_mpu.c.obj)
                0x0000000008003bf4                z_arm_configure_static_mpu_regions
 .text.z_arm_configure_dynamic_mpu_regions
                0x0000000008003c10       0x24 zephyr/arch/arch/arm/core/mpu/libarch__arm__core__mpu.a(arm_core_mpu.c.obj)
                0x0000000008003c10                z_arm_configure_dynamic_mpu_regions
 .text.region_init
                0x0000000008003c34       0x28 zephyr/arch/arch/arm/core/mpu/libarch__arm__core__mpu.a(arm_mpu.c.obj)
 .text.region_allocate_and_init
                0x0000000008003c5c       0x3c zephyr/arch/arch/arm/core/mpu/libarch__arm__core__mpu.a(arm_mpu.c.obj)
 .text.mpu_configure_regions
                0x0000000008003c98       0x64 zephyr/arch/arch/arm/core/mpu/libarch__arm__core__mpu.a(arm_mpu.c.obj)
 .text.mpu_configure_static_mpu_regions
                0x0000000008003cfc       0x14 zephyr/arch/arch/arm/core/mpu/libarch__arm__core__mpu.a(arm_mpu.c.obj)
 .text.mpu_configure_dynamic_mpu_regions
                0x0000000008003d10       0x3c zephyr/arch/arch/arm/core/mpu/libarch__arm__core__mpu.a(arm_mpu.c.obj)
 .text.mpu_configure_regions_from_dt
                0x0000000008003d4c      0x1f4 zephyr/arch/arch/arm/core/mpu/libarch__arm__core__mpu.a(arm_mpu.c.obj)
 .text.arm_core_mpu_enable
                0x0000000008003f40       0x18 zephyr/arch/arch/arm/core/mpu/libarch__arm__core__mpu.a(arm_mpu.c.obj)
                0x0000000008003f40                arm_core_mpu_enable
 .text.arm_core_mpu_disable
                0x0000000008003f58       0x14 zephyr/arch/arch/arm/core/mpu/libarch__arm__core__mpu.a(arm_mpu.c.obj)
                0x0000000008003f58                arm_core_mpu_disable
 .text.arm_core_mpu_configure_static_mpu_regions
                0x0000000008003f6c       0x44 zephyr/arch/arch/arm/core/mpu/libarch__arm__core__mpu.a(arm_mpu.c.obj)
                0x0000000008003f6c                arm_core_mpu_configure_static_mpu_regions
 .text.arm_core_mpu_configure_dynamic_mpu_regions
                0x0000000008003fb0       0x44 zephyr/arch/arch/arm/core/mpu/libarch__arm__core__mpu.a(arm_mpu.c.obj)
                0x0000000008003fb0                arm_core_mpu_configure_dynamic_mpu_regions
 .text.z_arm_mpu_init
                0x0000000008003ff4       0xd8 zephyr/arch/arch/arm/core/mpu/libarch__arm__core__mpu.a(arm_mpu.c.obj)
                0x0000000008003ff4                z_arm_mpu_init
 .text.cbvprintf
                0x00000000080040cc       0x34 zephyr/lib/libc/picolibc/liblib__libc__picolibc.a(cbprintf.c.obj)
                0x00000000080040cc                cbvprintf
 .text.z_impl_zephyr_fputc
                0x0000000008004100       0x10 zephyr/lib/libc/picolibc/liblib__libc__picolibc.a(stdio.c.obj)
                0x0000000008004100                z_impl_zephyr_fputc
 .text.__stdout_hook_install
                0x0000000008004110       0x18 zephyr/lib/libc/picolibc/liblib__libc__picolibc.a(stdio.c.obj)
                0x0000000008004110                __stdout_hook_install
 .text.malloc_prepare
                0x0000000008004128       0x24 zephyr/lib/libc/common/liblib__libc__common.a(malloc.c.obj)
 .text.stm32_fill_irq_table
                0x000000000800414c       0x24 zephyr/drivers/interrupt_controller/libdrivers__interrupt_controller.a(intc_gpio_stm32.c.obj)
 .text.stm32_intc_gpio_isr
                0x0000000008004170       0x48 zephyr/drivers/interrupt_controller/libdrivers__interrupt_controller.a(intc_gpio_stm32.c.obj)
 .text.LL_SYSCFG_SetEXTISource
                0x00000000080041b8       0x3c zephyr/drivers/interrupt_controller/libdrivers__interrupt_controller.a(intc_gpio_stm32.c.obj)
 .text.LL_SYSCFG_GetEXTISource
                0x00000000080041f4       0x2c zephyr/drivers/interrupt_controller/libdrivers__interrupt_controller.a(intc_gpio_stm32.c.obj)
 .text.stm32_gpio_intc_enable_line
                0x0000000008004220       0x74 zephyr/drivers/interrupt_controller/libdrivers__interrupt_controller.a(intc_gpio_stm32.c.obj)
                0x0000000008004220                stm32_gpio_intc_enable_line
 .text.stm32_gpio_intc_select_line_trigger
                0x0000000008004294       0x80 zephyr/drivers/interrupt_controller/libdrivers__interrupt_controller.a(intc_gpio_stm32.c.obj)
                0x0000000008004294                stm32_gpio_intc_select_line_trigger
 .text.stm32_gpio_intc_set_irq_callback
                0x0000000008004314       0x4c zephyr/drivers/interrupt_controller/libdrivers__interrupt_controller.a(intc_gpio_stm32.c.obj)
                0x0000000008004314                stm32_gpio_intc_set_irq_callback
 .text.stm32_gpio_intc_remove_irq_callback
                0x0000000008004360       0x24 zephyr/drivers/interrupt_controller/libdrivers__interrupt_controller.a(intc_gpio_stm32.c.obj)
                0x0000000008004360                stm32_gpio_intc_remove_irq_callback
 .text.stm32_exti_enable_clocks
                0x0000000008004384       0x5c zephyr/drivers/interrupt_controller/libdrivers__interrupt_controller.a(intc_exti_stm32.c.obj)
 .text.stm32_exti_is_pending
                0x00000000080043e0       0x6c zephyr/drivers/interrupt_controller/libdrivers__interrupt_controller.a(intc_exti_stm32.c.obj)
                0x00000000080043e0                stm32_exti_is_pending
 .text.stm32_exti_clear_pending
                0x000000000800444c       0x54 zephyr/drivers/interrupt_controller/libdrivers__interrupt_controller.a(intc_exti_stm32.c.obj)
                0x000000000800444c                stm32_exti_clear_pending
 .text.get_pllsrc_frequency
                0x00000000080044a0        0x8 zephyr/drivers/clock_control/libdrivers__clock_control.a(clock_stm32_ll_h7.c.obj)
 .text.prepare_regulator_voltage_scale
                0x00000000080044a8       0x24 zephyr/drivers/clock_control/libdrivers__clock_control.a(clock_stm32_ll_h7.c.obj)
 .text.optimize_regulator_voltage_scale
                0x00000000080044cc       0x24 zephyr/drivers/clock_control/libdrivers__clock_control.a(clock_stm32_ll_h7.c.obj)
 .text.get_vco_input_range
                0x00000000080044f0       0x74 zephyr/drivers/clock_control/libdrivers__clock_control.a(clock_stm32_ll_h7.c.obj)
 .text.stm32_clock_control_on
                0x0000000008004564       0x40 zephyr/drivers/clock_control/libdrivers__clock_control.a(clock_stm32_ll_h7.c.obj)
 .text.stm32_clock_control_off
                0x00000000080045a4       0x2c zephyr/drivers/clock_control/libdrivers__clock_control.a(clock_stm32_ll_h7.c.obj)
 .text.stm32_clock_switch_to_hsi
                0x00000000080045d0       0x44 zephyr/drivers/clock_control/libdrivers__clock_control.a(clock_stm32_ll_h7.c.obj)
 .text.set_up_plls
                0x0000000008004614      0x194 zephyr/drivers/clock_control/libdrivers__clock_control.a(clock_stm32_ll_h7.c.obj)
 .text.get_pllout_frequency
                0x00000000080047a8       0x3c zephyr/drivers/clock_control/libdrivers__clock_control.a(clock_stm32_ll_h7.c.obj)
 .text.get_hclk_frequency
                0x00000000080047e4       0x3c zephyr/drivers/clock_control/libdrivers__clock_control.a(clock_stm32_ll_h7.c.obj)
 .text.stm32_clock_control_get_subsys_rate
                0x0000000008004820      0x184 zephyr/drivers/clock_control/libdrivers__clock_control.a(clock_stm32_ll_h7.c.obj)
 .text.set_up_fixed_clock_sources
                0x00000000080049a4       0x98 zephyr/drivers/clock_control/libdrivers__clock_control.a(clock_stm32_ll_h7.c.obj)
 .text.stm32_clock_control_init
                0x0000000008004a3c       0xd0 zephyr/drivers/clock_control/libdrivers__clock_control.a(clock_stm32_ll_h7.c.obj)
                0x0000000008004a3c                stm32_clock_control_init
 .text.stm32_clock_control_configure
                0x0000000008004b0c       0x4c zephyr/drivers/clock_control/libdrivers__clock_control.a(clock_stm32_ll_h7.c.obj)
 .text.console_out
                0x0000000008004b58       0x28 zephyr/drivers/console/libdrivers__console.a(uart_console.c.obj)
 .text.uart_console_hook_install
                0x0000000008004b80       0x18 zephyr/drivers/console/libdrivers__console.a(uart_console.c.obj)
 .text.uart_console_init
                0x0000000008004b98       0x1c zephyr/drivers/console/libdrivers__console.a(uart_console.c.obj)
 .text.dma_stm32_get_status
                0x0000000008004bb4       0x48 zephyr/drivers/dma/libdrivers__dma.a(dma_stm32.c.obj)
                0x0000000008004bb4                dma_stm32_get_status
 .text.dma_stm32_get_priority
                0x0000000008004bfc       0x4c zephyr/drivers/dma/libdrivers__dma.a(dma_stm32.c.obj)
 .text.dma_stm32_get_direction
                0x0000000008004c48       0x3c zephyr/drivers/dma/libdrivers__dma.a(dma_stm32.c.obj)
 .text.dma_stm32_get_memory_increment
                0x0000000008004c84       0x3c zephyr/drivers/dma/libdrivers__dma.a(dma_stm32.c.obj)
 .text.dma_stm32_get_periph_increment
                0x0000000008004cc0       0x3c zephyr/drivers/dma/libdrivers__dma.a(dma_stm32.c.obj)
 .text.dma_stm32_configure
                0x0000000008004cfc      0x494 zephyr/drivers/dma/libdrivers__dma.a(dma_stm32.c.obj)
                0x0000000008004cfc                dma_stm32_configure
 .text.dma_stm32_reload
                0x0000000008005190       0xf4 zephyr/drivers/dma/libdrivers__dma.a(dma_stm32.c.obj)
                0x0000000008005190                dma_stm32_reload
 .text.dma_stm32_stop
                0x0000000008005284       0x70 zephyr/drivers/dma/libdrivers__dma.a(dma_stm32.c.obj)
                0x0000000008005284                dma_stm32_stop
 .text.dma_stm32_irq_handler
                0x00000000080052f4      0x100 zephyr/drivers/dma/libdrivers__dma.a(dma_stm32.c.obj)
 .text.dma_stm32_init
                0x00000000080053f4       0x8c zephyr/drivers/dma/libdrivers__dma.a(dma_stm32.c.obj)
 .text.dma_stm32_id_to_stream
                0x0000000008005480       0x34 zephyr/drivers/dma/libdrivers__dma.a(dma_stm32_v1.c.obj)
                0x0000000008005480                dma_stm32_id_to_stream
 .text.dma_stm32_clear_ht
                0x00000000080054b4       0x38 zephyr/drivers/dma/libdrivers__dma.a(dma_stm32_v1.c.obj)
                0x00000000080054b4                dma_stm32_clear_ht
 .text.dma_stm32_clear_tc
                0x00000000080054ec       0x38 zephyr/drivers/dma/libdrivers__dma.a(dma_stm32_v1.c.obj)
                0x00000000080054ec                dma_stm32_clear_tc
 .text.dma_stm32_is_ht_active
                0x0000000008005524       0x3c zephyr/drivers/dma/libdrivers__dma.a(dma_stm32_v1.c.obj)
                0x0000000008005524                dma_stm32_is_ht_active
 .text.dma_stm32_is_tc_active
                0x0000000008005560       0x3c zephyr/drivers/dma/libdrivers__dma.a(dma_stm32_v1.c.obj)
                0x0000000008005560                dma_stm32_is_tc_active
 .text.dma_stm32_clear_te
                0x000000000800559c       0x38 zephyr/drivers/dma/libdrivers__dma.a(dma_stm32_v1.c.obj)
                0x000000000800559c                dma_stm32_clear_te
 .text.dma_stm32_clear_dme
                0x00000000080055d4       0x38 zephyr/drivers/dma/libdrivers__dma.a(dma_stm32_v1.c.obj)
                0x00000000080055d4                dma_stm32_clear_dme
 .text.dma_stm32_clear_fe
                0x000000000800560c       0x38 zephyr/drivers/dma/libdrivers__dma.a(dma_stm32_v1.c.obj)
                0x000000000800560c                dma_stm32_clear_fe
 .text.dma_stm32_is_te_active
                0x0000000008005644       0x3c zephyr/drivers/dma/libdrivers__dma.a(dma_stm32_v1.c.obj)
                0x0000000008005644                dma_stm32_is_te_active
 .text.dma_stm32_is_dme_active
                0x0000000008005680       0x3c zephyr/drivers/dma/libdrivers__dma.a(dma_stm32_v1.c.obj)
                0x0000000008005680                dma_stm32_is_dme_active
 .text.dma_stm32_is_fe_active
                0x00000000080056bc       0x3c zephyr/drivers/dma/libdrivers__dma.a(dma_stm32_v1.c.obj)
                0x00000000080056bc                dma_stm32_is_fe_active
 .text.stm32_dma_dump_stream_irq
                0x00000000080056f8      0x128 zephyr/drivers/dma/libdrivers__dma.a(dma_stm32_v1.c.obj)
                0x00000000080056f8                stm32_dma_dump_stream_irq
 .text.stm32_dma_is_tc_irq_active
                0x0000000008005820       0x34 zephyr/drivers/dma/libdrivers__dma.a(dma_stm32_v1.c.obj)
                0x0000000008005820                stm32_dma_is_tc_irq_active
 .text.stm32_dma_is_ht_irq_active
                0x0000000008005854       0x34 zephyr/drivers/dma/libdrivers__dma.a(dma_stm32_v1.c.obj)
                0x0000000008005854                stm32_dma_is_ht_irq_active
 .text.stm32_dma_is_unexpected_irq_happened
                0x0000000008005888       0x54 zephyr/drivers/dma/libdrivers__dma.a(dma_stm32_v1.c.obj)
                0x0000000008005888                stm32_dma_is_unexpected_irq_happened
 .text.stm32_dma_enable_stream
                0x00000000080058dc       0x1c zephyr/drivers/dma/libdrivers__dma.a(dma_stm32_v1.c.obj)
                0x00000000080058dc                stm32_dma_enable_stream
 .text.stm32_dma_is_enabled_stream
                0x00000000080058f8       0x24 zephyr/drivers/dma/libdrivers__dma.a(dma_stm32_v1.c.obj)
                0x00000000080058f8                stm32_dma_is_enabled_stream
 .text.stm32_dma_disable_stream
                0x000000000800591c       0x34 zephyr/drivers/dma/libdrivers__dma.a(dma_stm32_v1.c.obj)
                0x000000000800591c                stm32_dma_disable_stream
 .text.stm32_dma_disable_fifo_irq
                0x0000000008005950       0x20 zephyr/drivers/dma/libdrivers__dma.a(dma_stm32_v1.c.obj)
                0x0000000008005950                stm32_dma_disable_fifo_irq
 .text.stm32_dma_get_mburst
                0x0000000008005970       0x50 zephyr/drivers/dma/libdrivers__dma.a(dma_stm32_v1.c.obj)
                0x0000000008005970                stm32_dma_get_mburst
 .text.stm32_dma_get_pburst
                0x00000000080059c0       0x50 zephyr/drivers/dma/libdrivers__dma.a(dma_stm32_v1.c.obj)
                0x00000000080059c0                stm32_dma_get_pburst
 .text.stm32_dma_get_fifo_threshold
                0x0000000008005a10       0x34 zephyr/drivers/dma/libdrivers__dma.a(dma_stm32_v1.c.obj)
                0x0000000008005a10                stm32_dma_get_fifo_threshold
 .text.dmamux_stm32_init
                0x0000000008005a44       0x74 zephyr/drivers/dma/libdrivers__dma.a(dmamux_stm32.c.obj)
 .text.get_dma_fops
                0x0000000008005ab8       0x48 zephyr/drivers/dma/libdrivers__dma.a(dmamux_stm32.c.obj)
                0x0000000008005ab8                get_dma_fops
 .text.dmamux_stm32_configure
                0x0000000008005b00       0x90 zephyr/drivers/dma/libdrivers__dma.a(dmamux_stm32.c.obj)
                0x0000000008005b00                dmamux_stm32_configure
 .text.dmamux_stm32_start
                0x0000000008005b90       0x58 zephyr/drivers/dma/libdrivers__dma.a(dmamux_stm32.c.obj)
                0x0000000008005b90                dmamux_stm32_start
 .text.dmamux_stm32_stop
                0x0000000008005be8       0x58 zephyr/drivers/dma/libdrivers__dma.a(dmamux_stm32.c.obj)
                0x0000000008005be8                dmamux_stm32_stop
 .text.dmamux_stm32_reload
                0x0000000008005c40       0x6c zephyr/drivers/dma/libdrivers__dma.a(dmamux_stm32.c.obj)
                0x0000000008005c40                dmamux_stm32_reload
 .text.dmamux_stm32_get_status
                0x0000000008005cac       0x5c zephyr/drivers/dma/libdrivers__dma.a(dmamux_stm32.c.obj)
                0x0000000008005cac                dmamux_stm32_get_status
 .text.gpio_stm32_clock_request
                0x0000000008005d08       0x3c zephyr/drivers/gpio/libdrivers__gpio.a(gpio_stm32.c.obj)
 .text.gpio_manage_callback
                0x0000000008005d44       0x94 zephyr/drivers/gpio/libdrivers__gpio.a(gpio_stm32.c.obj)
 .text.gpio_fire_callbacks
                0x0000000008005dd8       0x70 zephyr/drivers/gpio/libdrivers__gpio.a(gpio_stm32.c.obj)
 .text.gpio_stm32_pin_interrupt_configure
                0x0000000008005e48       0x94 zephyr/drivers/gpio/libdrivers__gpio.a(gpio_stm32.c.obj)
 .text.gpio_stm32_init
                0x0000000008005edc       0x28 zephyr/drivers/gpio/libdrivers__gpio.a(gpio_stm32.c.obj)
 .text.i2s_stm32_isr
                0x0000000008005f04       0x4c zephyr/drivers/i2s/libdrivers__i2s.a(i2s_ll_stm32.c.obj)
 .text.get_dev_from_rx_dma_channel
                0x0000000008005f50        0xc zephyr/drivers/i2s/libdrivers__i2s.a(i2s_ll_stm32.c.obj)
 .text.get_dev_from_tx_dma_channel
                0x0000000008005f5c        0xc zephyr/drivers/i2s/libdrivers__i2s.a(i2s_ll_stm32.c.obj)
 .text.rx_stream_disable
                0x0000000008005f68       0x68 zephyr/drivers/i2s/libdrivers__i2s.a(i2s_ll_stm32.c.obj)
 .text.i2s_stm32_trigger
                0x0000000008005fd0      0x204 zephyr/drivers/i2s/libdrivers__i2s.a(i2s_ll_stm32.c.obj)
 .text.i2s_stm32_set_clock
                0x00000000080061d4       0xb8 zephyr/drivers/i2s/libdrivers__i2s.a(i2s_ll_stm32.c.obj)
 .text.i2s_stm32_configure
                0x000000000800628c      0x1e0 zephyr/drivers/i2s/libdrivers__i2s.a(i2s_ll_stm32.c.obj)
 .text.i2s_stm32_enable_clock
                0x000000000800646c       0x80 zephyr/drivers/i2s/libdrivers__i2s.a(i2s_ll_stm32.c.obj)
 .text.i2s_stm32_initialize
                0x00000000080064ec      0x3c0 zephyr/drivers/i2s/libdrivers__i2s.a(i2s_ll_stm32.c.obj)
 .text.tx_stream_disable
                0x00000000080068ac       0x70 zephyr/drivers/i2s/libdrivers__i2s.a(i2s_ll_stm32.c.obj)
 .text.tx_stream_start
                0x000000000800691c       0xe0 zephyr/drivers/i2s/libdrivers__i2s.a(i2s_ll_stm32.c.obj)
 .text.dma_tx_callback
                0x00000000080069fc      0x10c zephyr/drivers/i2s/libdrivers__i2s.a(i2s_ll_stm32.c.obj)
 .text.rx_stream_start
                0x0000000008006b08       0xdc zephyr/drivers/i2s/libdrivers__i2s.a(i2s_ll_stm32.c.obj)
 .text.dma_rx_callback
                0x0000000008006be4       0xb8 zephyr/drivers/i2s/libdrivers__i2s.a(i2s_ll_stm32.c.obj)
 .text.stm32_pin_configure
                0x0000000008006c9c       0x40 zephyr/drivers/pinctrl/libdrivers__pinctrl.a(pinctrl_stm32.c.obj)
 .text.pinctrl_configure_pins
                0x0000000008006cdc       0x88 zephyr/drivers/pinctrl/libdrivers__pinctrl.a(pinctrl_stm32.c.obj)
                0x0000000008006cdc                pinctrl_configure_pins
 .text.LL_LPUART_SetBaudRate
                0x0000000008006d64       0x44 zephyr/drivers/serial/libdrivers__serial.a(uart_stm32.c.obj)
 .text.uart_stm32_cfg2ll_stopbits
                0x0000000008006da8       0x40 zephyr/drivers/serial/libdrivers__serial.a(uart_stm32.c.obj)
 .text.uart_stm32_poll_in
                0x0000000008006de8       0x10 zephyr/drivers/serial/libdrivers__serial.a(uart_stm32.c.obj)
 .text.uart_stm32_poll_out
                0x0000000008006df8       0x10 zephyr/drivers/serial/libdrivers__serial.a(uart_stm32.c.obj)
 .text.uart_stm32_clocks_enable
                0x0000000008006e08       0x54 zephyr/drivers/serial/libdrivers__serial.a(uart_stm32.c.obj)
 .text.lpuartdiv_calc
                0x0000000008006e5c       0x30 zephyr/drivers/serial/libdrivers__serial.a(uart_stm32.c.obj)
                0x0000000008006e5c                lpuartdiv_calc
 .text.uart_stm32_set_baudrate
                0x0000000008006e8c      0x21c zephyr/drivers/serial/libdrivers__serial.a(uart_stm32.c.obj)
 .text.uart_stm32_parameters_set
                0x00000000080070a8      0x154 zephyr/drivers/serial/libdrivers__serial.a(uart_stm32.c.obj)
 .text.uart_stm32_configure
                0x00000000080071fc      0x1e0 zephyr/drivers/serial/libdrivers__serial.a(uart_stm32.c.obj)
 .text.uart_stm32_registers_configure
                0x00000000080073dc      0x244 zephyr/drivers/serial/libdrivers__serial.a(uart_stm32.c.obj)
 .text.gpio_pin_set_raw
                0x0000000008007620       0x54 zephyr/drivers/spi/libdrivers__spi.a(spi_ll_stm32.c.obj)
 .text.gpio_pin_set
                0x0000000008007674       0x54 zephyr/drivers/spi/libdrivers__spi.a(spi_ll_stm32.c.obj)
 .text.spi_stm32_complete
                0x00000000080076c8       0xa0 zephyr/drivers/spi/libdrivers__spi.a(spi_ll_stm32.c.obj)
 .text.z_impl_gpio_pin_configure
                0x0000000008007768      0x1a0 zephyr/drivers/spi/libdrivers__spi.a(spi_ll_stm32.c.obj)
 .text.spi_stm32_configure
                0x0000000008007908      0x344 zephyr/drivers/spi/libdrivers__spi.a(spi_ll_stm32.c.obj)
 .text.spi_stm32_get_err
                0x0000000008007c4c      0x110 zephyr/drivers/spi/libdrivers__spi.a(spi_ll_stm32.c.obj)
 .text.transceive
                0x0000000008007d5c      0x164 zephyr/drivers/spi/libdrivers__spi.a(spi_ll_stm32.c.obj)
 .text.spi_stm32_pm_action
                0x0000000008007ec0       0x98 zephyr/drivers/spi/libdrivers__spi.a(spi_ll_stm32.c.obj)
 .text.spi_context_cs_configure_all
                0x0000000008007f58      0x120 zephyr/drivers/spi/libdrivers__spi.a(spi_ll_stm32.c.obj)
 .text.spi_stm32_init
                0x0000000008008078       0x80 zephyr/drivers/spi/libdrivers__spi.a(spi_ll_stm32.c.obj)
 .text.elapsed  0x00000000080080f8       0x48 zephyr/drivers/timer/libdrivers__timer.a(cortex_m_systick.c.obj)
 .text.sys_clock_driver_init
                0x0000000008008140       0x38 zephyr/drivers/timer/libdrivers__timer.a(cortex_m_systick.c.obj)
 .text.sys_clock_isr
                0x0000000008008178       0x68 zephyr/drivers/timer/libdrivers__timer.a(cortex_m_systick.c.obj)
                0x0000000008008178                sys_clock_isr
 .text.sys_clock_set_timeout
                0x00000000080081e0      0x198 zephyr/drivers/timer/libdrivers__timer.a(cortex_m_systick.c.obj)
                0x00000000080081e0                sys_clock_set_timeout
 .text.sys_clock_elapsed
                0x0000000008008378       0xb4 zephyr/drivers/timer/libdrivers__timer.a(cortex_m_systick.c.obj)
                0x0000000008008378                sys_clock_elapsed
 .text.sys_clock_cycle_get_32
                0x000000000800842c       0xa0 zephyr/drivers/timer/libdrivers__timer.a(cortex_m_systick.c.obj)
                0x000000000800842c                sys_clock_cycle_get_32
 .text.LL_DMA_Init
                0x00000000080084cc       0xc8 modules/hal_stm32/stm32cube/lib..__modules__hal__stm32__stm32cube.a(stm32h7xx_ll_dma.c.obj)
                0x00000000080084cc                LL_DMA_Init
 .text.LL_SetFlashLatency
                0x0000000008008594      0x16c modules/hal_stm32/stm32cube/lib..__modules__hal__stm32__stm32cube.a(stm32h7xx_ll_utils.c.obj)
                0x0000000008008594                LL_SetFlashLatency
 .text.z_device_state_init
                0x0000000008008700       0x4c zephyr/kernel/libkernel.a(device.c.obj)
                0x0000000008008700                z_device_state_init
 .text.reason_to_str
                0x000000000800874c       0x40 zephyr/kernel/libkernel.a(fatal.c.obj)
 .text.thread_name_get
                0x000000000800878c       0x20 zephyr/kernel/libkernel.a(fatal.c.obj)
 .text.k_sys_fatal_error_handler
                0x00000000080087ac       0x20 zephyr/kernel/libkernel.a(fatal.c.obj)
                0x00000000080087ac                k_sys_fatal_error_handler
 .text.z_fatal_error
                0x00000000080087cc      0x26c zephyr/kernel/libkernel.a(fatal.c.obj)
                0x00000000080087cc                z_fatal_error
 .text.z_sys_init_run_level
                0x0000000008008a38       0x38 zephyr/kernel/libkernel.a(init.c.obj)
 .text.init_idle_thread
                0x0000000008008a70       0x58 zephyr/kernel/libkernel.a(init.c.obj)
 .text.thread_schedule_new
                0x0000000008008ac8       0x1c zephyr/kernel/libkernel.a(init.c.obj)
 .text.z_init_static_threads
                0x0000000008008ae4       0xc4 zephyr/kernel/libkernel.a(init.c.obj)
 .text.bg_thread_main
                0x0000000008008ba8       0x34 zephyr/kernel/libkernel.a(init.c.obj)
 .text.switch_to_main_thread
                0x0000000008008bdc       0x14 zephyr/kernel/libkernel.a(init.c.obj)
 .text.z_bss_zero
                0x0000000008008bf0       0x2c zephyr/kernel/libkernel.a(init.c.obj)
                0x0000000008008bf0                z_bss_zero
 .text.z_init_cpu
                0x0000000008008c1c       0x44 zephyr/kernel/libkernel.a(init.c.obj)
                0x0000000008008c1c                z_init_cpu
 .text.prepare_multithreading
                0x0000000008008c60       0x60 zephyr/kernel/libkernel.a(init.c.obj)
 .text.z_cstart
                0x0000000008008cc0       0x78 zephyr/kernel/libkernel.a(init.c.obj)
                0x0000000008008cc0                z_cstart
 .text.unpend_thread_no_timeout
                0x0000000008008d38       0x44 zephyr/kernel/libkernel.a(mem_slab.c.obj)
 .text.init_mem_slab_obj_core_list
                0x0000000008008d7c       0x58 zephyr/kernel/libkernel.a(mem_slab.c.obj)
 .text.k_mem_slab_alloc
                0x0000000008008dd4      0x124 zephyr/kernel/libkernel.a(mem_slab.c.obj)
                0x0000000008008dd4                k_mem_slab_alloc
 .text.k_mem_slab_free
                0x0000000008008ef8      0x168 zephyr/kernel/libkernel.a(mem_slab.c.obj)
                0x0000000008008ef8                k_mem_slab_free
 .text.idle     0x0000000008009060       0x48 zephyr/kernel/libkernel.a(idle.c.obj)
                0x0000000008009060                idle
 .text.arch_spin_relax
                0x00000000080090a8       0x44 zephyr/kernel/libkernel.a(idle.c.obj)
                0x00000000080090a8                arch_spin_relax
 .text.unpend_thread_no_timeout
                0x00000000080090ec       0x44 zephyr/kernel/libkernel.a(msg_q.c.obj)
 .text.put_msg_in_queue
                0x0000000008009130      0x1f8 zephyr/kernel/libkernel.a(msg_q.c.obj)
 .text.z_impl_k_msgq_get
                0x0000000008009328      0x1f4 zephyr/kernel/libkernel.a(msg_q.c.obj)
                0x0000000008009328                z_impl_k_msgq_get
 .text.unpend_thread_no_timeout
                0x000000000800951c       0x44 zephyr/kernel/libkernel.a(sem.c.obj)
 .text.z_impl_k_sem_give
                0x0000000008009560      0x138 zephyr/kernel/libkernel.a(sem.c.obj)
                0x0000000008009560                z_impl_k_sem_give
 .text.z_impl_k_sem_take
                0x0000000008009698      0x124 zephyr/kernel/libkernel.a(sem.c.obj)
                0x0000000008009698                z_impl_k_sem_take
 .text.thread_schedule_new
                0x00000000080097bc       0x1c zephyr/kernel/libkernel.a(thread.c.obj)
 .text.z_setup_new_thread
                0x00000000080097d8       0xb8 zephyr/kernel/libkernel.a(thread.c.obj)
                0x00000000080097d8                z_setup_new_thread
 .text.z_impl_k_thread_create
                0x0000000008009890       0x7c zephyr/kernel/libkernel.a(thread.c.obj)
                0x0000000008009890                z_impl_k_thread_create
 .text.z_dummy_thread_init
                0x000000000800990c       0x20 zephyr/kernel/libkernel.a(thread.c.obj)
                0x000000000800990c                z_dummy_thread_init
 .text.unpend_thread_no_timeout
                0x000000000800992c       0x44 zephyr/kernel/libkernel.a(sched.c.obj)
 .text.z_swap_irqlock
                0x0000000008009970       0x6c zephyr/kernel/libkernel.a(sched.c.obj)
 .text.ready_thread
                0x00000000080099dc      0x10c zephyr/kernel/libkernel.a(sched.c.obj)
 .text.unready_thread
                0x0000000008009ae8       0xbc zephyr/kernel/libkernel.a(sched.c.obj)
 .text.thread_halt_spin
                0x0000000008009ba4      0x168 zephyr/kernel/libkernel.a(sched.c.obj)
 .text.add_thread_timeout
                0x0000000008009d0c       0x20 zephyr/kernel/libkernel.a(sched.c.obj)
 .text.move_thread_to_end_of_prio_q
                0x0000000008009d2c      0x138 zephyr/kernel/libkernel.a(sched.c.obj)
                0x0000000008009d2c                move_thread_to_end_of_prio_q
 .text.z_ready_thread
                0x0000000008009e64       0xa8 zephyr/kernel/libkernel.a(sched.c.obj)
                0x0000000008009e64                z_ready_thread
 .text.z_unpend_thread_no_timeout
                0x0000000008009f0c       0xa4 zephyr/kernel/libkernel.a(sched.c.obj)
                0x0000000008009f0c                z_unpend_thread_no_timeout
 .text.z_sched_wake_thread
                0x0000000008009fb0       0xbc zephyr/kernel/libkernel.a(sched.c.obj)
                0x0000000008009fb0                z_sched_wake_thread
 .text.z_pend_curr
                0x000000000800a06c      0x100 zephyr/kernel/libkernel.a(sched.c.obj)
                0x000000000800a06c                z_pend_curr
 .text.z_unpend1_no_timeout
                0x000000000800a16c       0xb0 zephyr/kernel/libkernel.a(sched.c.obj)
                0x000000000800a16c                z_unpend1_no_timeout
 .text.z_reschedule
                0x000000000800a21c       0x90 zephyr/kernel/libkernel.a(sched.c.obj)
                0x000000000800a21c                z_reschedule
 .text.z_reschedule_irqlock
                0x000000000800a2ac       0x2c zephyr/kernel/libkernel.a(sched.c.obj)
                0x000000000800a2ac                z_reschedule_irqlock
 .text.k_sched_lock
                0x000000000800a2d8      0x100 zephyr/kernel/libkernel.a(sched.c.obj)
                0x000000000800a2d8                k_sched_lock
 .text.k_sched_unlock
                0x000000000800a3d8      0x168 zephyr/kernel/libkernel.a(sched.c.obj)
                0x000000000800a3d8                k_sched_unlock
 .text.z_sched_init
                0x000000000800a540       0x10 zephyr/kernel/libkernel.a(sched.c.obj)
                0x000000000800a540                z_sched_init
 .text.z_impl_k_yield
                0x000000000800a550      0x144 zephyr/kernel/libkernel.a(sched.c.obj)
                0x000000000800a550                z_impl_k_yield
 .text.z_tick_sleep
                0x000000000800a694      0x12c zephyr/kernel/libkernel.a(sched.c.obj)
 .text.z_impl_k_sleep
                0x000000000800a7c0       0xbc zephyr/kernel/libkernel.a(sched.c.obj)
                0x000000000800a7c0                z_impl_k_sleep
 .text.z_impl_k_wakeup
                0x000000000800a87c       0xb8 zephyr/kernel/libkernel.a(sched.c.obj)
                0x000000000800a87c                z_impl_k_wakeup
 .text.z_impl_k_sched_current_thread_query
                0x000000000800a934        0xc zephyr/kernel/libkernel.a(sched.c.obj)
                0x000000000800a934                z_impl_k_sched_current_thread_query
 .text.z_thread_abort
                0x000000000800a940      0x318 zephyr/kernel/libkernel.a(sched.c.obj)
                0x000000000800a940                z_thread_abort
 .text.slice_timeout
                0x000000000800ac58       0x6c zephyr/kernel/libkernel.a(timeslicing.c.obj)
 .text.thread_is_sliceable
                0x000000000800acc4       0x4c zephyr/kernel/libkernel.a(timeslicing.c.obj)
                0x000000000800acc4                thread_is_sliceable
 .text.z_reset_time_slice
                0x000000000800ad10       0x50 zephyr/kernel/libkernel.a(timeslicing.c.obj)
                0x000000000800ad10                z_reset_time_slice
 .text.z_time_slice
                0x000000000800ad60      0x10c zephyr/kernel/libkernel.a(timeslicing.c.obj)
                0x000000000800ad60                z_time_slice
 .text.z_spin_lock_valid
                0x000000000800ae6c       0x20 zephyr/kernel/libkernel.a(spinlock_validate.c.obj)
                0x000000000800ae6c                z_spin_lock_valid
 .text.z_spin_unlock_valid
                0x000000000800ae8c       0x34 zephyr/kernel/libkernel.a(spinlock_validate.c.obj)
                0x000000000800ae8c                z_spin_unlock_valid
 .text.z_spin_lock_set_owner
                0x000000000800aec0       0x10 zephyr/kernel/libkernel.a(spinlock_validate.c.obj)
                0x000000000800aec0                z_spin_lock_set_owner
 .text.z_data_copy
                0x000000000800aed0       0x4c zephyr/kernel/libkernel.a(xip.c.obj)
                0x000000000800aed0                z_data_copy
 .text.first    0x000000000800af1c       0x14 zephyr/kernel/libkernel.a(timeout.c.obj)
 .text.next     0x000000000800af30       0x18 zephyr/kernel/libkernel.a(timeout.c.obj)
 .text.elapsed  0x000000000800af48       0x18 zephyr/kernel/libkernel.a(timeout.c.obj)
 .text.z_add_timeout
                0x000000000800af60      0x1e8 zephyr/kernel/libkernel.a(timeout.c.obj)
                0x000000000800af60                z_add_timeout
 .text.z_abort_timeout
                0x000000000800b148       0xd8 zephyr/kernel/libkernel.a(timeout.c.obj)
                0x000000000800b148                z_abort_timeout
 .text.sys_clock_announce
                0x000000000800b220      0x194 zephyr/kernel/libkernel.a(timeout.c.obj)
                0x000000000800b220                sys_clock_announce
 .text.sys_clock_tick_get
                0x000000000800b3b4       0xb0 zephyr/kernel/libkernel.a(timeout.c.obj)
                0x000000000800b3b4                sys_clock_tick_get
 .text.z_timer_expiration_handler
                0x000000000800b464      0x244 zephyr/kernel/libkernel.a(timer.c.obj)
                0x000000000800b464                z_timer_expiration_handler
 .text.z_impl_k_timer_start
                0x000000000800b6a8      0x10c zephyr/kernel/libkernel.a(timer.c.obj)
                0x000000000800b6a8                z_impl_k_timer_start
 .text.k_thread_system_pool_assign
                0x000000000800b7b4        0xc zephyr/kernel/libkernel.a(mempool.c.obj)
                0x000000000800b7b4                k_thread_system_pool_assign
 .text.boot_banner
                0x000000000800b7c0       0x10 zephyr/kernel/libkernel.a(banner.c.obj)
                0x000000000800b7c0                boot_banner
 .text.statics_init
                0x000000000800b7d0       0x58 zephyr/kernel/libkernel.a(kheap.c.obj)
 .text.snprintf
                0x000000000800b828       0x54 c:\zephyr-sdk-0.17.3\arm-zephyr-eabi\bin\../lib/gcc/../../picolibc/arm-zephyr-eabi/lib/thumb/v7e-m/nofp\libc.a(libc_tinystdio_snprintf.c.o)
                0x000000000800b828                snprintf
 .text.__l_vfprintf
                0x000000000800b87c      0x4b8 c:\zephyr-sdk-0.17.3\arm-zephyr-eabi\bin\../lib/gcc/../../picolibc/arm-zephyr-eabi/lib/thumb/v7e-m/nofp\libc.a(libc_tinystdio_vflprintf.c.o)
                0x000000000800b87c                __l_vfprintf
 .text._OffsetAbsSyms
                0x000000000800bd34        0x2 zephyr/CMakeFiles/offsets.dir/./arch/arm/core/offsets/offsets.c.obj
                0x000000000800bd34                _OffsetAbsSyms
 .text.set_chunk_used
                0x000000000800bd36       0x38 zephyr/libzephyr.a(heap.c.obj)
 .text.free_list_add_bidx
                0x000000000800bd6e       0xa4 zephyr/libzephyr.a(heap.c.obj)
 .text.free_list_add
                0x000000000800be12       0x52 zephyr/libzephyr.a(heap.c.obj)
 .text.cbprintf_via_va_list
                0x000000000800be64        0xe zephyr/libzephyr.a(cbprintf_packaged.c.obj)
 .text.is_fmt_spec
                0x000000000800be72        0xe zephyr/libzephyr.a(cbprintf_packaged.c.obj)
 .text.append_string
                0x000000000800be80       0x2c zephyr/libzephyr.a(cbprintf_packaged.c.obj)
 .text.cbpprintf_external
                0x000000000800beac       0x60 zephyr/libzephyr.a(cbprintf_packaged.c.obj)
                0x000000000800beac                cbpprintf_external
 .text.is_ptr   0x000000000800bf0c       0x4e zephyr/libzephyr.a(cbprintf_packaged.c.obj)
                0x000000000800bf0c                is_ptr
 .text.arch_printk_char_out
                0x000000000800bf5a        0x4 zephyr/libzephyr.a(printk.c.obj)
                0x000000000800bf5a                arch_printk_char_out
 .text.vprintk  0x000000000800bf5e        0x8 zephyr/libzephyr.a(printk.c.obj)
                0x000000000800bf5e                vprintk
 .text.printk   0x000000000800bf66       0x1c zephyr/libzephyr.a(printk.c.obj)
                0x000000000800bf66                printk
 .text.assert_post_action
                0x000000000800bf82       0x12 zephyr/libzephyr.a(assert.c.obj)
                0x000000000800bf82                assert_post_action
 .text.assert_print
                0x000000000800bf94       0x1c zephyr/libzephyr.a(assert.c.obj)
                0x000000000800bf94                assert_print
 .text.free_space
                0x000000000800bfb0       0x28 zephyr/libzephyr.a(mpsc_pbuf.c.obj)
 .text.available
                0x000000000800bfd8       0x24 zephyr/libzephyr.a(mpsc_pbuf.c.obj)
 .text.get_usage
                0x000000000800bffc       0x24 zephyr/libzephyr.a(mpsc_pbuf.c.obj)
 .text.max_utilization_update
                0x000000000800c020       0x26 zephyr/libzephyr.a(mpsc_pbuf.c.obj)
 .text.rd_idx_inc
                0x000000000800c046       0x26 zephyr/libzephyr.a(mpsc_pbuf.c.obj)
 .text.add_skip_item
                0x000000000800c06c       0x66 zephyr/libzephyr.a(mpsc_pbuf.c.obj)
 .text.drop_item_locked
                0x000000000800c0d2      0x12e zephyr/libzephyr.a(mpsc_pbuf.c.obj)
 .text.post_drop_action
                0x000000000800c200       0x62 zephyr/libzephyr.a(mpsc_pbuf.c.obj)
 .text._ConfigAbsSyms
                0x000000000800c262        0x2 zephyr/libzephyr.a(configs.c.obj)
                0x000000000800c262                _ConfigAbsSyms
 .text.log_msg_generic_get_wlen
                0x000000000800c264       0x20 zephyr/libzephyr.a(log_core.c.obj)
 .text.dummy_timestamp
                0x000000000800c284        0x4 zephyr/libzephyr.a(log_core.c.obj)
 .text.msg_filter_check
                0x000000000800c288        0x4 zephyr/libzephyr.a(log_core.c.obj)
 .text.k_msleep
                0x000000000800c28c       0x20 zephyr/libzephyr.a(log_core.c.obj)
 .text.msg_alloc
                0x000000000800c2ac        0xc zephyr/libzephyr.a(log_core.c.obj)
 .text.msg_free
                0x000000000800c2b8        0x8 zephyr/libzephyr.a(log_core.c.obj)
 .text.msg_pending
                0x000000000800c2c0        0x8 zephyr/libzephyr.a(log_core.c.obj)
 .text.z_log_vprintk
                0x000000000800c2c8       0x1e zephyr/libzephyr.a(log_core.c.obj)
                0x000000000800c2c8                z_log_vprintk
 .text.z_log_notify_drop
                0x000000000800c2e6        0xa zephyr/libzephyr.a(log_core.c.obj)
 .text.z_log_msg_claim
                0x000000000800c2f0        0x8 zephyr/libzephyr.a(log_core.c.obj)
                0x000000000800c2f0                z_log_msg_claim
 .text.msg_commit
                0x000000000800c2f8        0xc zephyr/libzephyr.a(log_core.c.obj)
 .text.z_log_get_tag
                0x000000000800c304        0x4 zephyr/libzephyr.a(log_core.c.obj)
                0x000000000800c304                z_log_get_tag
 .text.log_backend_enable
                0x000000000800c308       0x10 zephyr/libzephyr.a(log_mgmt.c.obj)
                0x000000000800c308                log_backend_enable
 .text.z_cbprintf_cpy
                0x000000000800c318       0x32 zephyr/libzephyr.a(log_msg.c.obj)
 .text.z_log_msg_finalize
                0x000000000800c34a       0x2e zephyr/libzephyr.a(log_msg.c.obj)
                0x000000000800c34a                z_log_msg_finalize
 .text.z_log_msg_simple_create
                0x000000000800c378       0x62 zephyr/libzephyr.a(log_msg.c.obj)
 .text.z_impl_z_log_msg_simple_create_0
                0x000000000800c3da       0x14 zephyr/libzephyr.a(log_msg.c.obj)
                0x000000000800c3da                z_impl_z_log_msg_simple_create_0
 .text.z_impl_z_log_msg_simple_create_1
                0x000000000800c3ee       0x16 zephyr/libzephyr.a(log_msg.c.obj)
                0x000000000800c3ee                z_impl_z_log_msg_simple_create_1
 .text.z_log_msg_static_create
                0x000000000800c404        0x8 zephyr/libzephyr.a(log_msg.c.obj)
 .text.log_output_flush
                0x000000000800c40c       0x2e zephyr/libzephyr.a(log_output.c.obj)
 .text.cr_out_func
                0x000000000800c43a       0x1e zephyr/libzephyr.a(log_output.c.obj)
 .text.color_prefix
                0x000000000800c458        0xc zephyr/libzephyr.a(log_output.c.obj)
 .text.color_postfix
                0x000000000800c464        0xc zephyr/libzephyr.a(log_output.c.obj)
 .text.postfix_print
                0x000000000800c470       0x18 zephyr/libzephyr.a(log_output.c.obj)
 .text.log_msg_hexdump
                0x000000000800c488       0x36 zephyr/libzephyr.a(log_output.c.obj)
 .text.log_output_msg_process
                0x000000000800c4be       0x66 zephyr/libzephyr.a(log_output.c.obj)
                0x000000000800c4be                log_output_msg_process
 .text.log_output_flush
                0x000000000800c524       0x2e zephyr/libzephyr.a(log_backend_uart.c.obj)
 .text.format_set
                0x000000000800c552        0xc zephyr/libzephyr.a(log_backend_uart.c.obj)
 .text.panic    0x000000000800c55e       0x14 zephyr/libzephyr.a(log_backend_uart.c.obj)
 .text.dropped  0x000000000800c572        0xe zephyr/libzephyr.a(log_backend_uart.c.obj)
 .text.process  0x000000000800c580       0x1c zephyr/libzephyr.a(log_backend_uart.c.obj)
 .text.z_do_kernel_oops
                0x000000000800c59c        0xc zephyr/arch/arch/arm/core/libarch__arm__core.a(fatal.c.obj)
                0x000000000800c59c                z_do_kernel_oops
 .text.z_arm_nmi
                0x000000000800c5a8        0xc zephyr/arch/arch/arm/core/libarch__arm__core.a(nmi.c.obj)
                0x000000000800c5a8                z_arm_nmi
 .text.memory_fault_recoverable
                0x000000000800c5b4        0x4 zephyr/arch/arch/arm/core/cortex_m/libarch__arm__core__cortex_m.a(fault.c.obj)
 .text.fault_handle
                0x000000000800c5b8       0x4a zephyr/arch/arch/arm/core/cortex_m/libarch__arm__core__cortex_m.a(fault.c.obj)
 .text.arm_irq_enable
                0x000000000800c602        0xa zephyr/arch/arch/arm/core/cortex_m/libarch__arm__core__cortex_m.a(irq_manage.c.obj)
                0x000000000800c602                arm_irq_enable
 .text.z_irq_spurious
                0x000000000800c60c        0xc zephyr/arch/arch/arm/core/cortex_m/libarch__arm__core__cortex_m.a(irq_manage.c.obj)
                0x000000000800c60c                z_irq_spurious
 .text.arch_coprocessors_disable
                0x000000000800c618        0x6 zephyr/arch/arch/arm/core/cortex_m/libarch__arm__core__cortex_m.a(thread.c.obj)
                0x000000000800c618                arch_coprocessors_disable
 .text.arch_irq_unlock_outlined
                0x000000000800c61e        0xe zephyr/arch/arch/arm/core/cortex_m/libarch__arm__core__cortex_m.a(thread.c.obj)
                0x000000000800c61e                arch_irq_unlock_outlined
 .text.arch_cpu_idle
                0x000000000800c62c       0x1a zephyr/arch/arch/arm/core/cortex_m/libarch__arm__core__cortex_m.a(cpu_idle.c.obj)
                0x000000000800c62c                arch_cpu_idle
 .text.arch_cache_init
                0x000000000800c646        0x2 zephyr/arch/arch/arm/core/cortex_m/libarch__arm__core__cortex_m.a(cache.c.obj)
                0x000000000800c646                arch_cache_init
 .text.mpu_partition_is_valid
                0x000000000800c648       0x22 zephyr/arch/arch/arm/core/mpu/libarch__arm__core__mpu.a(arm_mpu.c.obj)
 .text.mpu_configure_region
                0x000000000800c66a       0x3e zephyr/arch/arch/arm/core/mpu/libarch__arm__core__mpu.a(arm_mpu.c.obj)
 .text.cbputc   0x000000000800c6a8        0xc zephyr/lib/libc/picolibc/liblib__libc__picolibc.a(cbprintf.c.obj)
 .text.picolibc_put
                0x000000000800c6b4        0xa zephyr/lib/libc/picolibc/liblib__libc__picolibc.a(stdio.c.obj)
 .text.stm32_exti_gpio_intc_init
                0x000000000800c6be       0x92 zephyr/drivers/interrupt_controller/libdrivers__interrupt_controller.a(intc_gpio_stm32.c.obj)
 .text.stm32_gpio_intc_get_pin_irq_line
                0x000000000800c750        0xa zephyr/drivers/interrupt_controller/libdrivers__interrupt_controller.a(intc_gpio_stm32.c.obj)
                0x000000000800c750                stm32_gpio_intc_get_pin_irq_line
 .text.stm32_gpio_intc_disable_line
                0x000000000800c75a       0x12 zephyr/drivers/interrupt_controller/libdrivers__interrupt_controller.a(intc_gpio_stm32.c.obj)
                0x000000000800c75a                stm32_gpio_intc_disable_line
 .text.stm32_exti_set_line_src_port
                0x000000000800c76c       0x1c zephyr/drivers/interrupt_controller/libdrivers__interrupt_controller.a(intc_gpio_stm32.c.obj)
                0x000000000800c76c                stm32_exti_set_line_src_port
 .text.stm32_exti_get_line_src_port
                0x000000000800c788       0x1a zephyr/drivers/interrupt_controller/libdrivers__interrupt_controller.a(intc_gpio_stm32.c.obj)
                0x000000000800c788                stm32_exti_get_line_src_port
 .text.stm32_exti_init
                0x000000000800c7a2        0x8 zephyr/drivers/interrupt_controller/libdrivers__interrupt_controller.a(intc_exti_stm32.c.obj)
 .text.get_bus_clock
                0x000000000800c7aa        0x6 zephyr/drivers/clock_control/libdrivers__clock_control.a(clock_stm32_ll_h7.c.obj)
 .text.get_vco_output_range
                0x000000000800c7b0        0xa zephyr/drivers/clock_control/libdrivers__clock_control.a(clock_stm32_ll_h7.c.obj)
 .text.enabled_clock
                0x000000000800c7ba       0x56 zephyr/drivers/clock_control/libdrivers__clock_control.a(clock_stm32_ll_h7.c.obj)
                0x000000000800c7ba                enabled_clock
 .text.dma_stm32_disable_stream
                0x000000000800c810       0x32 zephyr/drivers/dma/libdrivers__dma.a(dma_stm32.c.obj)
 .text.dma_stm32_clear_stream_irq
                0x000000000800c842       0x20 zephyr/drivers/dma/libdrivers__dma.a(dma_stm32.c.obj)
 .text.dma_stm32_start
                0x000000000800c862       0x42 zephyr/drivers/dma/libdrivers__dma.a(dma_stm32.c.obj)
                0x000000000800c862                dma_stm32_start
 .text.dma_stm32_config_irq_0
                0x000000000800c8a4       0x84 zephyr/drivers/dma/libdrivers__dma.a(dma_stm32.c.obj)
 .text.dma_stm32_dump_stream_irq
                0x000000000800c928        0xc zephyr/drivers/dma/libdrivers__dma.a(dma_stm32.c.obj)
 .text.dma_stm32_irq_0_0
                0x000000000800c934        0xa zephyr/drivers/dma/libdrivers__dma.a(dma_stm32.c.obj)
 .text.dma_stm32_irq_0_1
                0x000000000800c93e        0xa zephyr/drivers/dma/libdrivers__dma.a(dma_stm32.c.obj)
 .text.dma_stm32_irq_0_2
                0x000000000800c948        0xa zephyr/drivers/dma/libdrivers__dma.a(dma_stm32.c.obj)
 .text.dma_stm32_irq_0_3
                0x000000000800c952        0xa zephyr/drivers/dma/libdrivers__dma.a(dma_stm32.c.obj)
 .text.dma_stm32_irq_0_4
                0x000000000800c95c        0xa zephyr/drivers/dma/libdrivers__dma.a(dma_stm32.c.obj)
 .text.dma_stm32_irq_0_5
                0x000000000800c966        0xa zephyr/drivers/dma/libdrivers__dma.a(dma_stm32.c.obj)
 .text.dma_stm32_irq_0_6
                0x000000000800c970        0xa zephyr/drivers/dma/libdrivers__dma.a(dma_stm32.c.obj)
 .text.dma_stm32_irq_0_7
                0x000000000800c97a        0xa zephyr/drivers/dma/libdrivers__dma.a(dma_stm32.c.obj)
 .text.LL_DMA_IsActiveFlag_HT0
                0x000000000800c984        0xc zephyr/drivers/dma/libdrivers__dma.a(dma_stm32_v1.c.obj)
 .text.LL_DMA_IsActiveFlag_HT1
                0x000000000800c990        0xc zephyr/drivers/dma/libdrivers__dma.a(dma_stm32_v1.c.obj)
 .text.LL_DMA_IsActiveFlag_HT2
                0x000000000800c99c        0xc zephyr/drivers/dma/libdrivers__dma.a(dma_stm32_v1.c.obj)
 .text.LL_DMA_IsActiveFlag_HT3
                0x000000000800c9a8        0xc zephyr/drivers/dma/libdrivers__dma.a(dma_stm32_v1.c.obj)
 .text.LL_DMA_IsActiveFlag_HT4
                0x000000000800c9b4        0xc zephyr/drivers/dma/libdrivers__dma.a(dma_stm32_v1.c.obj)
 .text.LL_DMA_IsActiveFlag_HT5
                0x000000000800c9c0        0xc zephyr/drivers/dma/libdrivers__dma.a(dma_stm32_v1.c.obj)
 .text.LL_DMA_IsActiveFlag_HT6
                0x000000000800c9cc        0xc zephyr/drivers/dma/libdrivers__dma.a(dma_stm32_v1.c.obj)
 .text.LL_DMA_IsActiveFlag_HT7
                0x000000000800c9d8        0xc zephyr/drivers/dma/libdrivers__dma.a(dma_stm32_v1.c.obj)
 .text.LL_DMA_IsActiveFlag_TC0
                0x000000000800c9e4        0xc zephyr/drivers/dma/libdrivers__dma.a(dma_stm32_v1.c.obj)
 .text.LL_DMA_IsActiveFlag_TC1
                0x000000000800c9f0        0xc zephyr/drivers/dma/libdrivers__dma.a(dma_stm32_v1.c.obj)
 .text.LL_DMA_IsActiveFlag_TC2
                0x000000000800c9fc        0xc zephyr/drivers/dma/libdrivers__dma.a(dma_stm32_v1.c.obj)
 .text.LL_DMA_IsActiveFlag_TC3
                0x000000000800ca08        0xc zephyr/drivers/dma/libdrivers__dma.a(dma_stm32_v1.c.obj)
 .text.LL_DMA_IsActiveFlag_TC4
                0x000000000800ca14        0xc zephyr/drivers/dma/libdrivers__dma.a(dma_stm32_v1.c.obj)
 .text.LL_DMA_IsActiveFlag_TC5
                0x000000000800ca20        0xc zephyr/drivers/dma/libdrivers__dma.a(dma_stm32_v1.c.obj)
 .text.LL_DMA_IsActiveFlag_TC6
                0x000000000800ca2c        0xc zephyr/drivers/dma/libdrivers__dma.a(dma_stm32_v1.c.obj)
 .text.LL_DMA_IsActiveFlag_TC7
                0x000000000800ca38        0xc zephyr/drivers/dma/libdrivers__dma.a(dma_stm32_v1.c.obj)
 .text.LL_DMA_IsActiveFlag_TE0
                0x000000000800ca44        0xc zephyr/drivers/dma/libdrivers__dma.a(dma_stm32_v1.c.obj)
 .text.LL_DMA_IsActiveFlag_TE1
                0x000000000800ca50        0xc zephyr/drivers/dma/libdrivers__dma.a(dma_stm32_v1.c.obj)
 .text.LL_DMA_IsActiveFlag_TE2
                0x000000000800ca5c        0xc zephyr/drivers/dma/libdrivers__dma.a(dma_stm32_v1.c.obj)
 .text.LL_DMA_IsActiveFlag_TE3
                0x000000000800ca68        0xc zephyr/drivers/dma/libdrivers__dma.a(dma_stm32_v1.c.obj)
 .text.LL_DMA_IsActiveFlag_TE4
                0x000000000800ca74        0xc zephyr/drivers/dma/libdrivers__dma.a(dma_stm32_v1.c.obj)
 .text.LL_DMA_IsActiveFlag_TE5
                0x000000000800ca80        0xc zephyr/drivers/dma/libdrivers__dma.a(dma_stm32_v1.c.obj)
 .text.LL_DMA_IsActiveFlag_TE6
                0x000000000800ca8c        0xc zephyr/drivers/dma/libdrivers__dma.a(dma_stm32_v1.c.obj)
 .text.LL_DMA_IsActiveFlag_TE7
                0x000000000800ca98        0xc zephyr/drivers/dma/libdrivers__dma.a(dma_stm32_v1.c.obj)
 .text.LL_DMA_IsActiveFlag_DME0
                0x000000000800caa4        0xc zephyr/drivers/dma/libdrivers__dma.a(dma_stm32_v1.c.obj)
 .text.LL_DMA_IsActiveFlag_DME1
                0x000000000800cab0        0xc zephyr/drivers/dma/libdrivers__dma.a(dma_stm32_v1.c.obj)
 .text.LL_DMA_IsActiveFlag_DME2
                0x000000000800cabc        0xc zephyr/drivers/dma/libdrivers__dma.a(dma_stm32_v1.c.obj)
 .text.LL_DMA_IsActiveFlag_DME3
                0x000000000800cac8        0xc zephyr/drivers/dma/libdrivers__dma.a(dma_stm32_v1.c.obj)
 .text.LL_DMA_IsActiveFlag_DME4
                0x000000000800cad4        0xc zephyr/drivers/dma/libdrivers__dma.a(dma_stm32_v1.c.obj)
 .text.LL_DMA_IsActiveFlag_DME5
                0x000000000800cae0        0xc zephyr/drivers/dma/libdrivers__dma.a(dma_stm32_v1.c.obj)
 .text.LL_DMA_IsActiveFlag_DME6
                0x000000000800caec        0xc zephyr/drivers/dma/libdrivers__dma.a(dma_stm32_v1.c.obj)
 .text.LL_DMA_IsActiveFlag_DME7
                0x000000000800caf8        0xc zephyr/drivers/dma/libdrivers__dma.a(dma_stm32_v1.c.obj)
 .text.LL_DMA_IsActiveFlag_FE0
                0x000000000800cb04        0xc zephyr/drivers/dma/libdrivers__dma.a(dma_stm32_v1.c.obj)
 .text.LL_DMA_IsActiveFlag_FE1
                0x000000000800cb10        0xc zephyr/drivers/dma/libdrivers__dma.a(dma_stm32_v1.c.obj)
 .text.LL_DMA_IsActiveFlag_FE2
                0x000000000800cb1c        0xc zephyr/drivers/dma/libdrivers__dma.a(dma_stm32_v1.c.obj)
 .text.LL_DMA_IsActiveFlag_FE3
                0x000000000800cb28        0xc zephyr/drivers/dma/libdrivers__dma.a(dma_stm32_v1.c.obj)
 .text.LL_DMA_IsActiveFlag_FE4
                0x000000000800cb34        0xc zephyr/drivers/dma/libdrivers__dma.a(dma_stm32_v1.c.obj)
 .text.LL_DMA_IsActiveFlag_FE5
                0x000000000800cb40        0xc zephyr/drivers/dma/libdrivers__dma.a(dma_stm32_v1.c.obj)
 .text.LL_DMA_IsActiveFlag_FE6
                0x000000000800cb4c        0xc zephyr/drivers/dma/libdrivers__dma.a(dma_stm32_v1.c.obj)
 .text.LL_DMA_IsActiveFlag_FE7
                0x000000000800cb58        0xc zephyr/drivers/dma/libdrivers__dma.a(dma_stm32_v1.c.obj)
 .text.LL_DMA_ClearFlag_HT0
                0x000000000800cb64        0x6 zephyr/drivers/dma/libdrivers__dma.a(dma_stm32_v1.c.obj)
 .text.LL_DMA_ClearFlag_HT1
                0x000000000800cb6a        0x8 zephyr/drivers/dma/libdrivers__dma.a(dma_stm32_v1.c.obj)
 .text.LL_DMA_ClearFlag_HT2
                0x000000000800cb72        0x8 zephyr/drivers/dma/libdrivers__dma.a(dma_stm32_v1.c.obj)
 .text.LL_DMA_ClearFlag_HT3
                0x000000000800cb7a        0x8 zephyr/drivers/dma/libdrivers__dma.a(dma_stm32_v1.c.obj)
 .text.LL_DMA_ClearFlag_HT4
                0x000000000800cb82        0x6 zephyr/drivers/dma/libdrivers__dma.a(dma_stm32_v1.c.obj)
 .text.LL_DMA_ClearFlag_HT5
                0x000000000800cb88        0x8 zephyr/drivers/dma/libdrivers__dma.a(dma_stm32_v1.c.obj)
 .text.LL_DMA_ClearFlag_HT6
                0x000000000800cb90        0x8 zephyr/drivers/dma/libdrivers__dma.a(dma_stm32_v1.c.obj)
 .text.LL_DMA_ClearFlag_HT7
                0x000000000800cb98        0x8 zephyr/drivers/dma/libdrivers__dma.a(dma_stm32_v1.c.obj)
 .text.LL_DMA_ClearFlag_TC0
                0x000000000800cba0        0x6 zephyr/drivers/dma/libdrivers__dma.a(dma_stm32_v1.c.obj)
 .text.LL_DMA_ClearFlag_TC1
                0x000000000800cba6        0x8 zephyr/drivers/dma/libdrivers__dma.a(dma_stm32_v1.c.obj)
 .text.LL_DMA_ClearFlag_TC2
                0x000000000800cbae        0x8 zephyr/drivers/dma/libdrivers__dma.a(dma_stm32_v1.c.obj)
 .text.LL_DMA_ClearFlag_TC3
                0x000000000800cbb6        0x8 zephyr/drivers/dma/libdrivers__dma.a(dma_stm32_v1.c.obj)
 .text.LL_DMA_ClearFlag_TC4
                0x000000000800cbbe        0x6 zephyr/drivers/dma/libdrivers__dma.a(dma_stm32_v1.c.obj)
 .text.LL_DMA_ClearFlag_TC5
                0x000000000800cbc4        0x8 zephyr/drivers/dma/libdrivers__dma.a(dma_stm32_v1.c.obj)
 .text.LL_DMA_ClearFlag_TC6
                0x000000000800cbcc        0x8 zephyr/drivers/dma/libdrivers__dma.a(dma_stm32_v1.c.obj)
 .text.LL_DMA_ClearFlag_TC7
                0x000000000800cbd4        0x8 zephyr/drivers/dma/libdrivers__dma.a(dma_stm32_v1.c.obj)
 .text.LL_DMA_ClearFlag_TE0
                0x000000000800cbdc        0x6 zephyr/drivers/dma/libdrivers__dma.a(dma_stm32_v1.c.obj)
 .text.LL_DMA_ClearFlag_TE1
                0x000000000800cbe2        0x8 zephyr/drivers/dma/libdrivers__dma.a(dma_stm32_v1.c.obj)
 .text.LL_DMA_ClearFlag_TE2
                0x000000000800cbea        0x8 zephyr/drivers/dma/libdrivers__dma.a(dma_stm32_v1.c.obj)
 .text.LL_DMA_ClearFlag_TE3
                0x000000000800cbf2        0x8 zephyr/drivers/dma/libdrivers__dma.a(dma_stm32_v1.c.obj)
 .text.LL_DMA_ClearFlag_TE4
                0x000000000800cbfa        0x6 zephyr/drivers/dma/libdrivers__dma.a(dma_stm32_v1.c.obj)
 .text.LL_DMA_ClearFlag_TE5
                0x000000000800cc00        0x8 zephyr/drivers/dma/libdrivers__dma.a(dma_stm32_v1.c.obj)
 .text.LL_DMA_ClearFlag_TE6
                0x000000000800cc08        0x8 zephyr/drivers/dma/libdrivers__dma.a(dma_stm32_v1.c.obj)
 .text.LL_DMA_ClearFlag_TE7
                0x000000000800cc10        0x8 zephyr/drivers/dma/libdrivers__dma.a(dma_stm32_v1.c.obj)
 .text.LL_DMA_ClearFlag_DME0
                0x000000000800cc18        0x6 zephyr/drivers/dma/libdrivers__dma.a(dma_stm32_v1.c.obj)
 .text.LL_DMA_ClearFlag_DME1
                0x000000000800cc1e        0x8 zephyr/drivers/dma/libdrivers__dma.a(dma_stm32_v1.c.obj)
 .text.LL_DMA_ClearFlag_DME2
                0x000000000800cc26        0x8 zephyr/drivers/dma/libdrivers__dma.a(dma_stm32_v1.c.obj)
 .text.LL_DMA_ClearFlag_DME3
                0x000000000800cc2e        0x8 zephyr/drivers/dma/libdrivers__dma.a(dma_stm32_v1.c.obj)
 .text.LL_DMA_ClearFlag_DME4
                0x000000000800cc36        0x6 zephyr/drivers/dma/libdrivers__dma.a(dma_stm32_v1.c.obj)
 .text.LL_DMA_ClearFlag_DME5
                0x000000000800cc3c        0x8 zephyr/drivers/dma/libdrivers__dma.a(dma_stm32_v1.c.obj)
 .text.LL_DMA_ClearFlag_DME6
                0x000000000800cc44        0x8 zephyr/drivers/dma/libdrivers__dma.a(dma_stm32_v1.c.obj)
 .text.LL_DMA_ClearFlag_DME7
                0x000000000800cc4c        0x8 zephyr/drivers/dma/libdrivers__dma.a(dma_stm32_v1.c.obj)
 .text.LL_DMA_ClearFlag_FE0
                0x000000000800cc54        0x6 zephyr/drivers/dma/libdrivers__dma.a(dma_stm32_v1.c.obj)
 .text.LL_DMA_ClearFlag_FE1
                0x000000000800cc5a        0x6 zephyr/drivers/dma/libdrivers__dma.a(dma_stm32_v1.c.obj)
 .text.LL_DMA_ClearFlag_FE2
                0x000000000800cc60        0x8 zephyr/drivers/dma/libdrivers__dma.a(dma_stm32_v1.c.obj)
 .text.LL_DMA_ClearFlag_FE3
                0x000000000800cc68        0x8 zephyr/drivers/dma/libdrivers__dma.a(dma_stm32_v1.c.obj)
 .text.LL_DMA_ClearFlag_FE4
                0x000000000800cc70        0x6 zephyr/drivers/dma/libdrivers__dma.a(dma_stm32_v1.c.obj)
 .text.LL_DMA_ClearFlag_FE5
                0x000000000800cc76        0x6 zephyr/drivers/dma/libdrivers__dma.a(dma_stm32_v1.c.obj)
 .text.LL_DMA_ClearFlag_FE6
                0x000000000800cc7c        0x8 zephyr/drivers/dma/libdrivers__dma.a(dma_stm32_v1.c.obj)
 .text.LL_DMA_ClearFlag_FE7
                0x000000000800cc84        0x8 zephyr/drivers/dma/libdrivers__dma.a(dma_stm32_v1.c.obj)
 .text.stm32_dma_clear_stream_irq
                0x000000000800cc8c       0x1c zephyr/drivers/dma/libdrivers__dma.a(dma_stm32_v1.c.obj)
                0x000000000800cc8c                stm32_dma_clear_stream_irq
 .text.stm32_dma_check_fifo_mburst
                0x000000000800cca8       0x92 zephyr/drivers/dma/libdrivers__dma.a(dma_stm32_v1.c.obj)
                0x000000000800cca8                stm32_dma_check_fifo_mburst
 .text.sys_slist_remove
                0x000000000800cd3a       0x26 zephyr/drivers/gpio/libdrivers__gpio.a(gpio_stm32.c.obj)
 .text.sys_slist_find_and_remove
                0x000000000800cd60       0x20 zephyr/drivers/gpio/libdrivers__gpio.a(gpio_stm32.c.obj)
 .text.pm_device_driver_init
                0x000000000800cd80       0x26 zephyr/drivers/gpio/libdrivers__gpio.a(gpio_stm32.c.obj)
 .text.gpio_stm32_flags_to_conf
                0x000000000800cda6       0xa8 zephyr/drivers/gpio/libdrivers__gpio.a(gpio_stm32.c.obj)
 .text.gpio_stm32_configure_raw
                0x000000000800ce4e       0xb4 zephyr/drivers/gpio/libdrivers__gpio.a(gpio_stm32.c.obj)
 .text.gpio_stm32_port_get_raw
                0x000000000800cf02        0xc zephyr/drivers/gpio/libdrivers__gpio.a(gpio_stm32.c.obj)
 .text.gpio_stm32_port_set_masked_raw
                0x000000000800cf0e       0x12 zephyr/drivers/gpio/libdrivers__gpio.a(gpio_stm32.c.obj)
 .text.gpio_stm32_port_set_bits_raw
                0x000000000800cf20        0xa zephyr/drivers/gpio/libdrivers__gpio.a(gpio_stm32.c.obj)
 .text.gpio_stm32_port_clear_bits_raw
                0x000000000800cf2a        0xc zephyr/drivers/gpio/libdrivers__gpio.a(gpio_stm32.c.obj)
 .text.gpio_stm32_port_toggle_bits
                0x000000000800cf36        0xe zephyr/drivers/gpio/libdrivers__gpio.a(gpio_stm32.c.obj)
 .text.gpio_stm32_config
                0x000000000800cf44       0x98 zephyr/drivers/gpio/libdrivers__gpio.a(gpio_stm32.c.obj)
 .text.gpio_stm32_pm_action
                0x000000000800cfdc       0x32 zephyr/drivers/gpio/libdrivers__gpio.a(gpio_stm32.c.obj)
 .text.gpio_stm32_manage_callback
                0x000000000800d00e        0xc zephyr/drivers/gpio/libdrivers__gpio.a(gpio_stm32.c.obj)
 .text.gpio_stm32_isr
                0x000000000800d01a       0x10 zephyr/drivers/gpio/libdrivers__gpio.a(gpio_stm32.c.obj)
 .text.gpio_stm32_disable_pin_irqs
                0x000000000800d02a       0x30 zephyr/drivers/gpio/libdrivers__gpio.a(gpio_stm32.c.obj)
 .text.gpio_stm32_configure
                0x000000000800d05a       0x34 zephyr/drivers/gpio/libdrivers__gpio.a(gpio_stm32.c.obj)
                0x000000000800d05a                gpio_stm32_configure
 .text.z_impl_i2s_buf_write
                0x000000000800d08e       0x6c zephyr/drivers/i2s/libdrivers__i2s.a(i2s_common.c.obj)
                0x000000000800d08e                z_impl_i2s_buf_write
 .text.div_round_closest
                0x000000000800d0fa        0xa zephyr/drivers/i2s/libdrivers__i2s.a(i2s_ll_stm32.c.obj)
 .text.queue_is_empty
                0x000000000800d104        0xa zephyr/drivers/i2s/libdrivers__i2s.a(i2s_ll_stm32.c.obj)
 .text.reload_dma
                0x000000000800d10e       0x30 zephyr/drivers/i2s/libdrivers__i2s.a(i2s_ll_stm32.c.obj)
 .text.queue_get
                0x000000000800d13e       0x48 zephyr/drivers/i2s/libdrivers__i2s.a(i2s_ll_stm32.c.obj)
 .text.stream_queue_drop
                0x000000000800d186       0x24 zephyr/drivers/i2s/libdrivers__i2s.a(i2s_ll_stm32.c.obj)
 .text.i2s_stm32_read
                0x000000000800d1aa       0x24 zephyr/drivers/i2s/libdrivers__i2s.a(i2s_ll_stm32.c.obj)
 .text.queue_put
                0x000000000800d1ce       0x3c zephyr/drivers/i2s/libdrivers__i2s.a(i2s_ll_stm32.c.obj)
 .text.i2s_stm32_write
                0x000000000800d20a       0x1e zephyr/drivers/i2s/libdrivers__i2s.a(i2s_ll_stm32.c.obj)
 .text.start_dma
                0x000000000800d228       0x86 zephyr/drivers/i2s/libdrivers__i2s.a(i2s_ll_stm32.c.obj)
 .text.pinctrl_apply_state
                0x000000000800d2ae       0x20 zephyr/drivers/i2s/libdrivers__i2s.a(i2s_ll_stm32.c.obj)
 .text.i2s_stm32_irq_config_func_0
                0x000000000800d2ce       0x14 zephyr/drivers/i2s/libdrivers__i2s.a(i2s_ll_stm32.c.obj)
 .text.pinctrl_lookup_state
                0x000000000800d2e2       0x32 zephyr/drivers/pinctrl/libdrivers__pinctrl.a(common.c.obj)
                0x000000000800d2e2                pinctrl_lookup_state
 .text.reset_stm32_status
                0x000000000800d314       0x20 zephyr/drivers/reset/libdrivers__reset.a(reset_stm32.c.obj)
 .text.reset_stm32_line_assert
                0x000000000800d334       0x1e zephyr/drivers/reset/libdrivers__reset.a(reset_stm32.c.obj)
 .text.reset_stm32_line_deassert
                0x000000000800d352       0x20 zephyr/drivers/reset/libdrivers__reset.a(reset_stm32.c.obj)
 .text.reset_stm32_line_toggle
                0x000000000800d372       0x16 zephyr/drivers/reset/libdrivers__reset.a(reset_stm32.c.obj)
 .text.reset_line_toggle
                0x000000000800d388       0x12 zephyr/drivers/serial/libdrivers__serial.a(uart_stm32.c.obj)
 .text.uart_stm32_set_driver_enable
                0x000000000800d39a       0x1c zephyr/drivers/serial/libdrivers__serial.a(uart_stm32.c.obj)
 .text.uart_stm32_ll2cfg_databits
                0x000000000800d3b6       0x2a zephyr/drivers/serial/libdrivers__serial.a(uart_stm32.c.obj)
 .text.uart_stm32_config_get
                0x000000000800d3e0       0x9a zephyr/drivers/serial/libdrivers__serial.a(uart_stm32.c.obj)
 .text.uart_stm32_poll_in_visitor
                0x000000000800d47a       0x26 zephyr/drivers/serial/libdrivers__serial.a(uart_stm32.c.obj)
 .text.uart_stm32_poll_out_visitor
                0x000000000800d4a0       0x3a zephyr/drivers/serial/libdrivers__serial.a(uart_stm32.c.obj)
 .text.poll_in_u8
                0x000000000800d4da        0x6 zephyr/drivers/serial/libdrivers__serial.a(uart_stm32.c.obj)
 .text.poll_out_u8
                0x000000000800d4e0        0x6 zephyr/drivers/serial/libdrivers__serial.a(uart_stm32.c.obj)
 .text.uart_stm32_err_check
                0x000000000800d4e6       0x74 zephyr/drivers/serial/libdrivers__serial.a(uart_stm32.c.obj)
 .text.pinctrl_apply_state
                0x000000000800d55a       0x20 zephyr/drivers/serial/libdrivers__serial.a(uart_stm32.c.obj)
 .text.uart_stm32_init
                0x000000000800d57a       0x28 zephyr/drivers/serial/libdrivers__serial.a(uart_stm32.c.obj)
 .text.pm_device_driver_init
                0x000000000800d5a2       0x26 zephyr/drivers/spi/libdrivers__spi.a(spi_ll_stm32.c.obj)
 .text.spi_context_get_next_buf
                0x000000000800d5c8       0x2e zephyr/drivers/spi/libdrivers__spi.a(spi_ll_stm32.c.obj)
 .text.spi_context_buffers_setup
                0x000000000800d5f6       0x60 zephyr/drivers/spi/libdrivers__spi.a(spi_ll_stm32.c.obj)
 .text.spi_context_count_rx_buf_lens
                0x000000000800d656       0x1a zephyr/drivers/spi/libdrivers__spi.a(spi_ll_stm32.c.obj)
 .text.ll_func_spi_is_busy
                0x000000000800d670       0x2a zephyr/drivers/spi/libdrivers__spi.a(spi_ll_stm32.c.obj)
 .text.ll_func_disable_spi
                0x000000000800d69a       0x28 zephyr/drivers/spi/libdrivers__spi.a(spi_ll_stm32.c.obj)
 .text.spi_stm32_send_next_frame
                0x000000000800d6c2       0xaa zephyr/drivers/spi/libdrivers__spi.a(spi_ll_stm32.c.obj)
 .text.spi_stm32_read_next_frame
                0x000000000800d76c       0x9e zephyr/drivers/spi/libdrivers__spi.a(spi_ll_stm32.c.obj)
 .text.spi_stm32_transfer_ongoing
                0x000000000800d80a       0x14 zephyr/drivers/spi/libdrivers__spi.a(spi_ll_stm32.c.obj)
 .text.spi_stm32_shift_fifo
                0x000000000800d81e       0x3e zephyr/drivers/spi/libdrivers__spi.a(spi_ll_stm32.c.obj)
 .text.spi_stm32_shift_m
                0x000000000800d85c       0x5e zephyr/drivers/spi/libdrivers__spi.a(spi_ll_stm32.c.obj)
 .text.spi_stm32_shift_s
                0x000000000800d8ba      0x138 zephyr/drivers/spi/libdrivers__spi.a(spi_ll_stm32.c.obj)
 .text.spi_stm32_count_bufset_frames
                0x000000000800d9f2       0x4c zephyr/drivers/spi/libdrivers__spi.a(spi_ll_stm32.c.obj)
 .text.spi_stm32_count_total_frames
                0x000000000800da3e       0x28 zephyr/drivers/spi/libdrivers__spi.a(spi_ll_stm32.c.obj)
 .text.spi_stm32_half_duplex_switch_to_receive
                0x000000000800da66       0xa6 zephyr/drivers/spi/libdrivers__spi.a(spi_ll_stm32.c.obj)
 .text._spi_context_cs_control
                0x000000000800db0c       0x40 zephyr/drivers/spi/libdrivers__spi.a(spi_ll_stm32.c.obj)
 .text.spi_stm32_cs_control
                0x000000000800db4c        0xc zephyr/drivers/spi/libdrivers__spi.a(spi_ll_stm32.c.obj)
 .text.gpio_pin_configure_dt
                0x000000000800db58       0x16 zephyr/drivers/spi/libdrivers__spi.a(spi_ll_stm32.c.obj)
 .text.spi_context_unlock_unconditionally
                0x000000000800db6e       0x1e zephyr/drivers/spi/libdrivers__spi.a(spi_ll_stm32.c.obj)
 .text.spi_stm32_release
                0x000000000800db8c       0x14 zephyr/drivers/spi/libdrivers__spi.a(spi_ll_stm32.c.obj)
 .text.spi_context_release
                0x000000000800dba0       0x1a zephyr/drivers/spi/libdrivers__spi.a(spi_ll_stm32.c.obj)
 .text.spi_context_lock
                0x000000000800dbba       0x3e zephyr/drivers/spi/libdrivers__spi.a(spi_ll_stm32.c.obj)
 .text.spi_stm32_shift_frames
                0x000000000800dbf8       0x22 zephyr/drivers/spi/libdrivers__spi.a(spi_ll_stm32.c.obj)
 .text.spi_stm32_transceive
                0x000000000800dc1a       0x14 zephyr/drivers/spi/libdrivers__spi.a(spi_ll_stm32.c.obj)
 .text.pinctrl_apply_state
                0x000000000800dc2e       0x20 zephyr/drivers/spi/libdrivers__spi.a(spi_ll_stm32.c.obj)
 .text.spi_stm32_pinctrl_apply
                0x000000000800dc4e       0x1a zephyr/drivers/spi/libdrivers__spi.a(spi_ll_stm32.c.obj)
 .text.LL_DMA_StructInit
                0x000000000800dc68       0x26 modules/hal_stm32/stm32cube/lib..__modules__hal__stm32__stm32cube.a(stm32h7xx_ll_dma.c.obj)
                0x000000000800dc68                LL_DMA_StructInit
 .text.z_impl_k_busy_wait
                0x000000000800dc8e       0x22 zephyr/kernel/libkernel.a(busy_wait.c.obj)
                0x000000000800dc8e                z_impl_k_busy_wait
 .text.z_impl_device_is_ready
                0x000000000800dcb0       0x20 zephyr/kernel/libkernel.a(device.c.obj)
                0x000000000800dcb0                z_impl_device_is_ready
 .text.arch_system_halt
                0x000000000800dcd0       0x10 zephyr/kernel/libkernel.a(fatal.c.obj)
                0x000000000800dcd0                arch_system_halt
 .text.do_device_init
                0x000000000800dce0       0x2e zephyr/kernel/libkernel.a(init.c.obj)
 .text.z_early_memset
                0x000000000800dd0e        0x8 zephyr/kernel/libkernel.a(init.c.obj)
                0x000000000800dd0e                z_early_memset
 .text.z_early_memcpy
                0x000000000800dd16        0x8 zephyr/kernel/libkernel.a(init.c.obj)
                0x000000000800dd16                z_early_memcpy
 .text.create_free_list
                0x000000000800dd1e       0x36 zephyr/kernel/libkernel.a(mem_slab.c.obj)
 .text.slab_ptr_is_good
                0x000000000800dd54       0x2c zephyr/kernel/libkernel.a(mem_slab.c.obj)
 .text.z_abort_thread_timeout
                0x000000000800dd80        0xa zephyr/kernel/libkernel.a(msg_q.c.obj)
 .text.z_impl_k_msgq_put
                0x000000000800dd8a       0x10 zephyr/kernel/libkernel.a(msg_q.c.obj)
                0x000000000800dd8a                z_impl_k_msgq_put
 .text.z_impl_k_sem_init
                0x000000000800dd9a       0x28 zephyr/kernel/libkernel.a(sem.c.obj)
                0x000000000800dd9a                z_impl_k_sem_init
 .text.setup_thread_stack
                0x000000000800ddc2       0x50 zephyr/kernel/libkernel.a(thread.c.obj)
 .text.k_is_in_isr
                0x000000000800de12        0xc zephyr/kernel/libkernel.a(thread.c.obj)
                0x000000000800de12                k_is_in_isr
 .text.z_impl_k_thread_name_set
                0x000000000800de1e        0x6 zephyr/kernel/libkernel.a(thread.c.obj)
                0x000000000800de1e                z_impl_k_thread_name_set
 .text.k_thread_name_get
                0x000000000800de24        0x4 zephyr/kernel/libkernel.a(thread.c.obj)
                0x000000000800de24                k_thread_name_get
 .text.z_init_thread_base
                0x000000000800de28       0x16 zephyr/kernel/libkernel.a(thread.c.obj)
                0x000000000800de28                z_init_thread_base
 .text.thread_active_elsewhere
                0x000000000800de3e        0x4 zephyr/kernel/libkernel.a(sched.c.obj)
 .text.add_to_waitq_locked