Archive member included to satisfy reference by file (symbol)

app/libapp.a(main.c.obj)      (--whole-archive)
zephyr/libzephyr.a(validate_libc.c.obj)
                              (--whole-archive)
zephyr/libzephyr.a(heap.c.obj)
                              (--whole-archive)
zephyr/libzephyr.a(cbprintf_packaged.c.obj)
                              (--whole-archive)
zephyr/libzephyr.a(clock.c.obj)
                              (--whole-archive)
zephyr/libzephyr.a(printk.c.obj)
                              (--whole-archive)
zephyr/libzephyr.a(sem.c.obj)
                              (--whole-archive)
zephyr/libzephyr.a(thread_entry.c.obj)
                              (--whole-archive)
zephyr/libzephyr.a(cbprintf_complete.c.obj)
                              (--whole-archive)
zephyr/libzephyr.a(assert.c.obj)
                              (--whole-archive)
zephyr/libzephyr.a(mpsc_pbuf.c.obj)
                              (--whole-archive)
zephyr/libzephyr.a(dec.c.obj)
                              (--whole-archive)
zephyr/libzephyr.a(hex.c.obj)
                              (--whole-archive)
zephyr/libzephyr.a(rb.c.obj)  (--whole-archive)
zephyr/libzephyr.a(timeutil.c.obj)
                              (--whole-archive)
zephyr/libzephyr.a(bitarray.c.obj)
                              (--whole-archive)
zephyr/libzephyr.a(ring_buffer.c.obj)
                              (--whole-archive)
zephyr/libzephyr.a(last_section_id.c.obj)
                              (--whole-archive)
zephyr/libzephyr.a(configs.c.obj)
                              (--whole-archive)
zephyr/libzephyr.a(stm32cube_hal.c.obj)
                              (--whole-archive)
zephyr/libzephyr.a(soc_config.c.obj)
                              (--whole-archive)
zephyr/libzephyr.a(stm32_cache.c.obj)
                              (--whole-archive)
zephyr/libzephyr.a(stm32_backup_domain.c.obj)
                              (--whole-archive)
zephyr/libzephyr.a(soc_m7.c.obj)
                              (--whole-archive)
zephyr/libzephyr.a(mpu_regions.c.obj)
                              (--whole-archive)
zephyr/libzephyr.a(log_core.c.obj)
                              (--whole-archive)
zephyr/libzephyr.a(log_mgmt.c.obj)
                              (--whole-archive)
zephyr/libzephyr.a(log_cache.c.obj)
                              (--whole-archive)
zephyr/libzephyr.a(log_msg.c.obj)
                              (--whole-archive)
zephyr/libzephyr.a(log_output.c.obj)
                              (--whole-archive)
zephyr/libzephyr.a(log_backend_uart.c.obj)
                              (--whole-archive)
zephyr/libzephyr.a(mem_attr.c.obj)
                              (--whole-archive)
zephyr/libzephyr.a(tracing_none.c.obj)
                              (--whole-archive)
zephyr/arch/common/libarch__common.a(sw_isr_common.c.obj)
                              (--whole-archive)
zephyr/arch/arch/arm/core/libarch__arm__core.a(fatal.c.obj)
                              (--whole-archive)
zephyr/arch/arch/arm/core/libarch__arm__core.a(nmi.c.obj)
                              (--whole-archive)
zephyr/arch/arch/arm/core/libarch__arm__core.a(nmi_on_reset.S.obj)
                              (--whole-archive)
zephyr/arch/arch/arm/core/libarch__arm__core.a(tls.c.obj)
                              (--whole-archive)
zephyr/arch/arch/arm/core/cortex_m/libarch__arm__core__cortex_m.a(exc_exit.c.obj)
                              (--whole-archive)
zephyr/arch/arch/arm/core/cortex_m/libarch__arm__core__cortex_m.a(fault.c.obj)
                              (--whole-archive)
zephyr/arch/arch/arm/core/cortex_m/libarch__arm__core__cortex_m.a(fault_s.S.obj)
                              (--whole-archive)
zephyr/arch/arch/arm/core/cortex_m/libarch__arm__core__cortex_m.a(fpu.c.obj)
                              (--whole-archive)
zephyr/arch/arch/arm/core/cortex_m/libarch__arm__core__cortex_m.a(reset.S.obj)
                              (--whole-archive)
zephyr/arch/arch/arm/core/cortex_m/libarch__arm__core__cortex_m.a(scb.c.obj)
                              (--whole-archive)
zephyr/arch/arch/arm/core/cortex_m/libarch__arm__core__cortex_m.a(thread_abort.c.obj)
                              (--whole-archive)
zephyr/arch/arch/arm/core/cortex_m/libarch__arm__core__cortex_m.a(vector_table.S.obj)
                              (--whole-archive)
zephyr/arch/arch/arm/core/cortex_m/libarch__arm__core__cortex_m.a(swap_helper.S.obj)
                              (--whole-archive)
zephyr/arch/arch/arm/core/cortex_m/libarch__arm__core__cortex_m.a(irq_manage.c.obj)
                              (--whole-archive)
zephyr/arch/arch/arm/core/cortex_m/libarch__arm__core__cortex_m.a(prep_c.c.obj)
                              (--whole-archive)
zephyr/arch/arch/arm/core/cortex_m/libarch__arm__core__cortex_m.a(thread.c.obj)
                              (--whole-archive)
zephyr/arch/arch/arm/core/cortex_m/libarch__arm__core__cortex_m.a(cpu_idle.c.obj)
[...]
Memory Configuration

Name             Origin             Length             Attributes
FLASH            0x0000000008000000 0x0000000000100000 xr
RAM              0x0000000024000000 0x0000000000050000 xw
BACKUP_SRAM      0x0000000038800000 0x0000000000001000 rw
EXTMEM           0x0000000090000000 0x0000000010000000 rw
SRAM1            0x0000000030000000 0x0000000000004000 rw
SRAM2            0x0000000030004000 0x0000000000004000 rw
SRAM4            0x0000000038000000 0x0000000000004000 rw
DTCM             0x0000000020000000 0x0000000000020000 rw
ITCM             0x0000000000000000 0x0000000000010000 rw
IDT_LIST         0x00000000ffff7fff 0x0000000000008000 xw
*default*        0x0000000000000000 0xffffffffffffffff

Linker script and memory map

                0x0000000008009060                vfprintf = __l_vfprintf
                0x0000000000000000                vfscanf = __l_vfscanf
LOAD zephyr/CMakeFiles/zephyr_pre0.dir/misc/empty_file.c.obj
LOAD zephyr/CMakeFiles/offsets.dir/./arch/arm/core/offsets/offsets.c.obj
LOAD app/libapp.a
LOAD zephyr/libzephyr.a
LOAD zephyr/arch/common/libarch__common.a
LOAD zephyr/arch/arch/arm/core/libarch__arm__core.a
LOAD zephyr/arch/arch/arm/core/cortex_m/libarch__arm__core__cortex_m.a
LOAD zephyr/arch/arch/arm/core/mpu/libarch__arm__core__mpu.a
LOAD zephyr/lib/libc/picolibc/liblib__libc__picolibc.a
LOAD zephyr/lib/libc/common/liblib__libc__common.a
LOAD zephyr/drivers/interrupt_controller/libdrivers__interrupt_controller.a
LOAD zephyr/drivers/clock_control/libdrivers__clock_control.a
LOAD zephyr/drivers/console/libdrivers__console.a
LOAD zephyr/drivers/gpio/libdrivers__gpio.a
LOAD zephyr/drivers/pinctrl/libdrivers__pinctrl.a
LOAD zephyr/drivers/reset/libdrivers__reset.a
LOAD zephyr/drivers/serial/libdrivers__serial.a
LOAD zephyr/drivers/spi/libdrivers__spi.a
LOAD zephyr/drivers/timer/libdrivers__timer.a
LOAD modules/hal_stm32/stm32cube/lib..__modules__hal__stm32__stm32cube.a
LOAD zephyr/kernel/libkernel.a
LOAD zephyr/arch/common/libisr_tables.a
LOAD c:\zephyr-sdk-0.17.3\arm-zephyr-eabi\bin\../lib/gcc/../../picolibc/arm-zephyr-eabi/lib/thumb/v7e-m/nofp\libc.a
LOAD c:/zephyr-sdk-0.17.3/arm-zephyr-eabi/bin/../lib/gcc/arm-zephyr-eabi/12.2.0/thumb/v7e-m/nofp\libgcc.a
                0x0000000000000020                _region_min_align = 0x20

.rel.plt        0x0000000008000000        0x0
 *(SORT_BY_ALIGNMENT(.rel.plt))
                [!provide]                        PROVIDE (__rel_iplt_start = .)
 *(SORT_BY_ALIGNMENT(.rel.iplt))
 .rel.iplt      0x0000000008000000        0x0 app/libapp.a(main.c.obj)
                [!provide]                        PROVIDE (__rel_iplt_end = .)

.rela.plt       0x0000000000000000        0x0
 *(SORT_BY_ALIGNMENT(.rela.plt))
                [!provide]                        PROVIDE (__rela_iplt_start = .)
 *(SORT_BY_ALIGNMENT(.rela.iplt))
                [!provide]                        PROVIDE (__rela_iplt_end = .)

.rel.dyn
 *(SORT_BY_ALIGNMENT(.rel.*))

.rela.dyn
 *(SORT_BY_ALIGNMENT(.rela.*))

/DISCARD/
 *(SORT_BY_ALIGNMENT(.plt))

/DISCARD/
 *(SORT_BY_ALIGNMENT(.iplt))
                0x0000000008000000                __rom_region_start = 0x8000000

rom_start       0x0000000008000000      0x2cc
                0x0000000008000000                __rom_start_address = .
 FILL mask 0x00
                0x0000000008000000                . = (. + (0x0 - (. - __rom_start_address)))
                0x0000000008000000                . = ALIGN (0x4)
                0x0000000008000000                . = ALIGN (0x80)
                0x0000000008000000                . = ALIGN (0x400)
                0x0000000008000000                _vector_start = .
 *(SORT_BY_ALIGNMENT(.exc_vector_table))
 *(SORT_BY_ALIGNMENT(.exc_vector_table.*))
 .exc_vector_table._vector_table_section
                0x0000000008000000       0x40 zephyr/arch/arch/arm/core/cortex_m/libarch__arm__core__cortex_m.a(vector_table.S.obj)
                0x0000000008000000                _vector_table
 *(SORT_BY_ALIGNMENT(.vectors))
                0x00000000080002cc                _vector_end = .
                0x0000000008000040                . = ALIGN (0x4)
 *(SORT_BY_ALIGNMENT(.gnu.linkonce.irq_vector_table*))
 .gnu.linkonce.irq_vector_table
                0x0000000008000040      0x28c zephyr/arch/common/libisr_tables.a(isr_tables.c.obj)
                0x0000000008000040                _irq_vector_table
                0x00000000080002cc                _vector_end = .

text            0x00000000080002cc     0xae08
                0x00000000080002cc                __text_region_start = .
 *(SORT_BY_ALIGNMENT(.text))
 .text          0x00000000080002cc       0x30 c:/zephyr-sdk-0.17.3/arm-zephyr-eabi/bin/../lib/gcc/arm-zephyr-eabi/12.2.0/thumb/v7e-m/nofp\libgcc.a(_aeabi_uldivmod.o)
                0x00000000080002cc                __aeabi_uldivmod
 .text          0x00000000080002fc        0x4 c:/zephyr-sdk-0.17.3/arm-zephyr-eabi/bin/../lib/gcc/arm-zephyr-eabi/12.2.0/thumb/v7e-m/nofp\libgcc.a(_dvmd_tls.o)
                0x00000000080002fc                __aeabi_idiv0
                0x00000000080002fc                __aeabi_ldiv0
 .text          0x0000000008000300       0x10 c:\zephyr-sdk-0.17.3\arm-zephyr-eabi\bin\../lib/gcc/../../picolibc/arm-zephyr-eabi/lib/thumb/v7e-m/nofp\libc.a(strlen.S.o)
                0x0000000008000300                strlen
 .text          0x0000000008000310      0x2a0 c:/zephyr-sdk-0.17.3/arm-zephyr-eabi/bin/../lib/gcc/arm-zephyr-eabi/12.2.0/thumb/v7e-m/nofp\libgcc.a(_udivmoddi4.o)
                0x0000000008000310                __udivmoddi4
 *(SORT_BY_ALIGNMENT(.text.*))
 .text.main     0x00000000080005b0      0x144 app/libapp.a(main.c.obj)
                0x00000000080005b0                main
 .text.sys_heap_init
                0x00000000080006f4      0x184 zephyr/libzephyr.a(heap.c.obj)
                0x00000000080006f4                sys_heap_init
 .text.get_package_len
                0x0000000008000878       0x50 zephyr/libzephyr.a(cbprintf_packaged.c.obj)
 .text.cbvprintf_package
                0x00000000080008c8      0x548 zephyr/libzephyr.a(cbprintf_packaged.c.obj)
                0x00000000080008c8                cbvprintf_package
 .text.cbprintf_package_convert
                0x0000000008000e10      0x5b0 zephyr/libzephyr.a(cbprintf_packaged.c.obj)
                0x0000000008000e10                cbprintf_package_convert
 .text.__printk_hook_install
                0x00000000080013c0        0xc zephyr/libzephyr.a(printk.c.obj)
                0x00000000080013c0                __printk_hook_install
 .text.z_thread_entry
                0x00000000080013cc       0x34 zephyr/libzephyr.a(thread_entry.c.obj)
                0x00000000080013cc                z_thread_entry
 .text.mpsc_pbuf_init
                0x0000000008001400       0x68 zephyr/libzephyr.a(mpsc_pbuf.c.obj)
                0x0000000008001400                mpsc_pbuf_init
 .text.mpsc_pbuf_alloc
                0x0000000008001468      0x220 zephyr/libzephyr.a(mpsc_pbuf.c.obj)
                0x0000000008001468                mpsc_pbuf_alloc
 .text.mpsc_pbuf_commit
                0x0000000008001688       0xc8 zephyr/libzephyr.a(mpsc_pbuf.c.obj)
                0x0000000008001688                mpsc_pbuf_commit
 .text.mpsc_pbuf_claim
                0x0000000008001750      0x14c zephyr/libzephyr.a(mpsc_pbuf.c.obj)
                0x0000000008001750                mpsc_pbuf_claim
 .text.mpsc_pbuf_free
                0x000000000800189c      0x100 zephyr/libzephyr.a(mpsc_pbuf.c.obj)
                0x000000000800189c                mpsc_pbuf_free
 .text.mpsc_pbuf_is_pending
                0x000000000800199c       0xa4 zephyr/libzephyr.a(mpsc_pbuf.c.obj)
                0x000000000800199c                mpsc_pbuf_is_pending
 .text.st_stm32_common_config
                0x0000000008001a40       0x1c zephyr/libzephyr.a(soc_config.c.obj)
 .text.stm32_backup_domain_enable_access
                0x0000000008001a5c       0xc0 zephyr/libzephyr.a(stm32_backup_domain.c.obj)
                0x0000000008001a5c                stm32_backup_domain_enable_access
 .text.stm32_backup_domain_disable_access
                0x0000000008001b1c       0xe8 zephyr/libzephyr.a(stm32_backup_domain.c.obj)
                0x0000000008001b1c                stm32_backup_domain_disable_access
 .text.soc_early_init_hook
                0x0000000008001c04       0x48 zephyr/libzephyr.a(soc_m7.c.obj)
                0x0000000008001c04                soc_early_init_hook
 .text.log_backend_is_active
                0x0000000008001c4c       0x30 zephyr/libzephyr.a(log_core.c.obj)
 .text.log_backend_id_set
                0x0000000008001c7c       0x2c zephyr/libzephyr.a(log_core.c.obj)
 .text.log_backend_init
                0x0000000008001ca8       0x38 zephyr/libzephyr.a(log_core.c.obj)
 .text.log_backend_is_ready
                0x0000000008001ce0       0x34 zephyr/libzephyr.a(log_core.c.obj)
 .text.log_backend_panic
                0x0000000008001d14       0x30 zephyr/libzephyr.a(log_core.c.obj)
 .text.log_backend_dropped
                0x0000000008001d44       0x30 zephyr/libzephyr.a(log_core.c.obj)
 .text.log_backend_msg_process
                0x0000000008001d74       0x4c zephyr/libzephyr.a(log_core.c.obj)
 .text.msg_process
                0x0000000008001dc0       0x70 zephyr/libzephyr.a(log_core.c.obj)
 .text.log_backend_notify
                0x0000000008001e30       0x38 zephyr/libzephyr.a(log_core.c.obj)
 .text.log_backend_notify_all
                0x0000000008001e68       0x5c zephyr/libzephyr.a(log_core.c.obj)
 .text.default_lf_get_timestamp
                0x0000000008001ec4       0x48 zephyr/libzephyr.a(log_core.c.obj)
 .text.activate_foreach_backend
                0x0000000008001f0c       0x50 zephyr/libzephyr.a(log_core.c.obj)
 .text.z_log_init
                0x0000000008001f5c       0xec zephyr/libzephyr.a(log_core.c.obj)
 .text.thread_set
                0x0000000008002048       0x28 zephyr/libzephyr.a(log_core.c.obj)
 .text.log_process_thread_timer_expiry_fn
                0x0000000008002070       0x10 zephyr/libzephyr.a(log_core.c.obj)
 .text.enable_logger
                0x0000000008002080       0x5c zephyr/libzephyr.a(log_core.c.obj)
 .text.log_format_func_t_get
                0x00000000080020dc        0xc zephyr/libzephyr.a(log_core.c.obj)
                0x00000000080020dc                log_format_func_t_get
 .text.log_set_timestamp_func
                0x00000000080020e8       0x24 zephyr/libzephyr.a(log_core.c.obj)
                0x00000000080020e8                log_set_timestamp_func
 .text.z_log_notify_backend_enabled
                0x000000000800210c       0x20 zephyr/libzephyr.a(log_core.c.obj)
                0x000000000800210c                z_log_notify_backend_enabled
 .text.z_log_dropped
                0x000000000800212c       0x54 zephyr/libzephyr.a(log_core.c.obj)
                0x000000000800212c                z_log_dropped
 .text.z_log_dropped_read_and_clear
                0x0000000008002180       0x20 zephyr/libzephyr.a(log_core.c.obj)
                0x0000000008002180                z_log_dropped_read_and_clear
 .text.dropped_notify
                0x00000000080021a0       0x68 zephyr/libzephyr.a(log_core.c.obj)
                0x00000000080021a0                dropped_notify
 .text.z_log_dropped_pending
                0x0000000008002208       0x14 zephyr/libzephyr.a(log_core.c.obj)
                0x0000000008002208                z_log_dropped_pending
 .text.z_log_msg_init
                0x000000000800221c       0x20 zephyr/libzephyr.a(log_core.c.obj)
                0x000000000800221c                z_log_msg_init
 .text.log_core_init
                0x000000000800223c       0x8c zephyr/libzephyr.a(log_core.c.obj)
                0x000000000800223c                log_core_init
 .text.z_log_msg_alloc
                0x00000000080022c8       0x10 zephyr/libzephyr.a(log_core.c.obj)
                0x00000000080022c8                z_log_msg_alloc
 .text.z_log_msg_local_claim
                0x00000000080022d8       0x10 zephyr/libzephyr.a(log_core.c.obj)
                0x00000000080022d8                z_log_msg_local_claim
 .text.z_log_msg_free
                0x00000000080022e8       0x14 zephyr/libzephyr.a(log_core.c.obj)
                0x00000000080022e8                z_log_msg_free
 .text.z_log_msg_pending
                0x00000000080022fc       0x10 zephyr/libzephyr.a(log_core.c.obj)
                0x00000000080022fc                z_log_msg_pending
 .text.z_impl_log_process
                0x000000000800230c       0xd0 zephyr/libzephyr.a(log_core.c.obj)
                0x000000000800230c                z_impl_log_process
 .text.z_impl_log_panic
                0x00000000080023dc       0x84 zephyr/libzephyr.a(log_core.c.obj)
                0x00000000080023dc                z_impl_log_panic
 .text.z_log_msg_post_finalize
                0x0000000008002460       0xfc zephyr/libzephyr.a(log_core.c.obj)
 .text.z_log_msg_commit
                0x000000000800255c       0x20 zephyr/libzephyr.a(log_core.c.obj)
                0x000000000800255c                z_log_msg_commit
 .text.log_process_thread_func
                0x000000000800257c       0xb0 zephyr/libzephyr.a(log_core.c.obj)
 .text.log_backend_activate
                0x000000000800262c       0x38 zephyr/libzephyr.a(log_mgmt.c.obj)
 .text.log_src_cnt_get
                0x0000000008002664       0x14 zephyr/libzephyr.a(log_mgmt.c.obj)
                0x0000000008002664                log_src_cnt_get
 .text.log_source_name_get
                0x0000000008002678       0x1c zephyr/libzephyr.a(log_mgmt.c.obj)
                0x0000000008002678                log_source_name_get
 .text.cbprintf_package_copy
                0x0000000008002694       0x30 zephyr/libzephyr.a(log_msg.c.obj)
 .text.z_impl_z_log_msg_static_create
                0x00000000080026c4      0x1a0 zephyr/libzephyr.a(log_msg.c.obj)
                0x00000000080026c4                z_impl_z_log_msg_static_create
 .text.z_log_msg_runtime_vcreate
                0x0000000008002864       0xf4 zephyr/libzephyr.a(log_msg.c.obj)
                0x0000000008002864                z_log_msg_runtime_vcreate
 .text.log_msg_get_source_id
                0x0000000008002958       0x18 zephyr/libzephyr.a(log_msg.c.obj)
                0x0000000008002958                log_msg_get_source_id
 .text.out_func
                0x0000000008002970       0x64 zephyr/libzephyr.a(log_output.c.obj)
 .text.print_formatted
                0x00000000080029d4       0x24 zephyr/libzephyr.a(log_output.c.obj)
 .text.timestamp_print
                0x00000000080029f8       0x8c zephyr/libzephyr.a(log_output.c.obj)
 .text.color_print
                0x0000000008002a84       0x2c zephyr/libzephyr.a(log_output.c.obj)
 .text.ids_print
                0x0000000008002ab0       0x6c zephyr/libzephyr.a(log_output.c.obj)
 .text.prefix_print
                0x0000000008002b1c       0xb0 zephyr/libzephyr.a(log_output.c.obj)
 .text.newline_print
                0x0000000008002bcc       0x28 zephyr/libzephyr.a(log_output.c.obj)
 .text.hexdump_line_print
                0x0000000008002bf4       0xc4 zephyr/libzephyr.a(log_output.c.obj)
 .text.log_output_process
                0x0000000008002cb8       0xb0 zephyr/libzephyr.a(log_output.c.obj)
                0x0000000008002cb8                log_output_process
 .text.log_output_dropped_process
                0x0000000008002d68       0x84 zephyr/libzephyr.a(log_output.c.obj)
                0x0000000008002d68                log_output_dropped_process
 .text.log_output_timestamp_freq_set
                0x0000000008002dec       0x2c zephyr/libzephyr.a(log_output.c.obj)
                0x0000000008002dec                log_output_timestamp_freq_set
 .text.char_out
                0x0000000008002e18       0x24 zephyr/libzephyr.a(log_backend_uart.c.obj)
 .text.log_backend_uart_init
                0x0000000008002e3c       0x3c zephyr/libzephyr.a(log_backend_uart.c.obj)
 .text.mem_attr_get_regions
                0x0000000008002e78        0xc zephyr/libzephyr.a(mem_attr.c.obj)
                0x0000000008002e78                mem_attr_get_regions
 .text.esf_dump
                0x0000000008002e84      0x1bc zephyr/arch/arch/arm/core/libarch__arm__core.a(fatal.c.obj)
 .text.z_arm_fatal_error
                0x0000000008003040       0x38 zephyr/arch/arch/arm/core/libarch__arm__core.a(fatal.c.obj)
                0x0000000008003040                z_arm_fatal_error
 .text.z_SysNmiOnReset
                0x0000000008003078        0x8 zephyr/arch/arch/arm/core/libarch__arm__core.a(nmi_on_reset.S.obj)
                0x0000000008003078                z_SysNmiOnReset
 .text.z_tls_copy
                0x0000000008003080       0x28 zephyr/arch/arch/arm/core/libarch__arm__core.a(tls.c.obj)
 .text.arch_tls_stack_setup
                0x00000000080030a8       0x24 zephyr/arch/arch/arm/core/libarch__arm__core.a(tls.c.obj)
                0x00000000080030a8                arch_tls_stack_setup
 .text._HandlerModeExit
                0x00000000080030cc       0x20 zephyr/arch/arch/arm/core/cortex_m/libarch__arm__core__cortex_m.a(exc_exit.c.obj)
                0x00000000080030cc                z_arm_int_exit
                0x00000000080030cc                z_arm_exc_exit
 .text.z_arm_is_synchronous_svc
                0x00000000080030ec       0x3c zephyr/arch/arch/arm/core/cortex_m/libarch__arm__core__cortex_m.a(fault.c.obj)
 .text.get_esf  0x0000000008003128       0x48 zephyr/arch/arch/arm/core/cortex_m/libarch__arm__core__cortex_m.a(fault.c.obj)
 .text.usage_fault
                0x0000000008003170       0xd4 zephyr/arch/arch/arm/core/cortex_m/libarch__arm__core__cortex_m.a(fault.c.obj)
 .text.debug_monitor
                0x0000000008003244       0x1c zephyr/arch/arch/arm/core/cortex_m/libarch__arm__core__cortex_m.a(fault.c.obj)
 .text.reserved_exception
                0x0000000008003260       0xf8 zephyr/arch/arch/arm/core/cortex_m/libarch__arm__core__cortex_m.a(fault.c.obj)
 .text.bus_fault
                0x0000000008003358      0x110 zephyr/arch/arch/arm/core/cortex_m/libarch__arm__core__cortex_m.a(fault.c.obj)
 .text.mem_manage_fault
                0x0000000008003468      0x180 zephyr/arch/arch/arm/core/cortex_m/libarch__arm__core__cortex_m.a(fault.c.obj)
 .text.hard_fault
                0x00000000080035e8      0x124 zephyr/arch/arch/arm/core/cortex_m/libarch__arm__core__cortex_m.a(fault.c.obj)
 .text.z_arm_fault
                0x000000000800370c       0xb8 zephyr/arch/arch/arm/core/cortex_m/libarch__arm__core__cortex_m.a(fault.c.obj)
                0x000000000800370c                z_arm_fault
 .text.z_arm_fault_init
                0x00000000080037c4       0x18 zephyr/arch/arch/arm/core/cortex_m/libarch__arm__core__cortex_m.a(fault.c.obj)
                0x00000000080037c4                z_arm_fault_init
 .text.__fault  0x00000000080037dc       0x14 zephyr/arch/arch/arm/core/cortex_m/libarch__arm__core__cortex_m.a(fault_s.S.obj)
                0x00000000080037dc                z_arm_usage_fault
                0x00000000080037dc                z_arm_mpu_fault
                0x00000000080037dc                z_arm_exc_spurious
                0x00000000080037dc                z_arm_debug_monitor
                0x00000000080037dc                z_arm_hard_fault
                0x00000000080037dc                z_arm_bus_fault
 .text._reset_section
                0x00000000080037f0       0x44 zephyr/arch/arch/arm/core/cortex_m/libarch__arm__core__cortex_m.a(reset.S.obj)
                0x00000000080037f0                __start
                0x00000000080037f0                z_arm_reset
 .text.z_impl_k_thread_abort
                0x0000000008003834       0x34 zephyr/arch/arch/arm/core/cortex_m/libarch__arm__core__cortex_m.a(thread_abort.c.obj)
                0x0000000008003834                z_impl_k_thread_abort
 .text.z_arm_pendsv
                0x0000000008003868       0x60 zephyr/arch/arch/arm/core/cortex_m/libarch__arm__core__cortex_m.a(swap_helper.S.obj)
                0x0000000008003868                z_arm_pendsv
 .text.z_arm_svc
                0x00000000080038c8       0x24 zephyr/arch/arch/arm/core/cortex_m/libarch__arm__core__cortex_m.a(swap_helper.S.obj)
                0x00000000080038c8                z_arm_svc
 .text.__NVIC_EnableIRQ
                0x00000000080038ec       0x1c zephyr/arch/arch/arm/core/cortex_m/libarch__arm__core__cortex_m.a(irq_manage.c.obj)
 .text.__NVIC_SetPriority
                0x0000000008003908       0x24 zephyr/arch/arch/arm/core/cortex_m/libarch__arm__core__cortex_m.a(irq_manage.c.obj)
 .text.arm_irq_priority_set
                0x000000000800392c       0x48 zephyr/arch/arch/arm/core/cortex_m/libarch__arm__core__cortex_m.a(irq_manage.c.obj)
                0x000000000800392c                arm_irq_priority_set
 .text.relocate_vector_table
                0x0000000008003974       0x1c zephyr/arch/arch/arm/core/cortex_m/libarch__arm__core__cortex_m.a(prep_c.c.obj)
                0x0000000008003974                relocate_vector_table
 .text.z_prep_c
                0x0000000008003990       0x38 zephyr/arch/arch/arm/core/cortex_m/libarch__arm__core__cortex_m.a(prep_c.c.obj)
                0x0000000008003990                z_prep_c
 .text.arch_new_thread
                0x00000000080039c8       0x40 zephyr/arch/arch/arm/core/cortex_m/libarch__arm__core__cortex_m.a(thread.c.obj)
                0x00000000080039c8                arch_new_thread
 .text.z_check_thread_stack_fail
                0x0000000008003a08       0x40 zephyr/arch/arch/arm/core/cortex_m/libarch__arm__core__cortex_m.a(thread.c.obj)
                0x0000000008003a08                z_check_thread_stack_fail
 .text.arch_switch_to_main_thread
                0x0000000008003a48       0x3c zephyr/arch/arch/arm/core/cortex_m/libarch__arm__core__cortex_m.a(thread.c.obj)
                0x0000000008003a48                arch_switch_to_main_thread
 .text.z_arm_cpu_idle_init
                0x0000000008003a84        0xc zephyr/arch/arch/arm/core/cortex_m/libarch__arm__core__cortex_m.a(cpu_idle.c.obj)
                0x0000000008003a84                z_arm_cpu_idle_init
 .text.z_arm_interrupt_init
                0x0000000008003a90       0x34 zephyr/arch/arch/arm/core/cortex_m/libarch__arm__core__cortex_m.a(irq_init.c.obj)
                0x0000000008003a90                z_arm_interrupt_init
 .text._isr_wrapper
                0x0000000008003ac4       0x20 zephyr/arch/arch/arm/core/cortex_m/libarch__arm__core__cortex_m.a(isr_wrapper.c.obj)
                0x0000000008003ac4                _isr_wrapper
 .text.z_arm_configure_static_mpu_regions
                0x0000000008003ae4       0x1c zephyr/arch/arch/arm/core/mpu/libarch__arm__core__mpu.a(arm_core_mpu.c.obj)
                0x0000000008003ae4                z_arm_configure_static_mpu_regions
 .text.z_arm_configure_dynamic_mpu_regions
                0x0000000008003b00       0x24 zephyr/arch/arch/arm/core/mpu/libarch__arm__core__mpu.a(arm_core_mpu.c.obj)
                0x0000000008003b00                z_arm_configure_dynamic_mpu_regions
 .text.region_init
                0x0000000008003b24       0x28 zephyr/arch/arch/arm/core/mpu/libarch__arm__core__mpu.a(arm_mpu.c.obj)
 .text.region_allocate_and_init
                0x0000000008003b4c       0x3c zephyr/arch/arch/arm/core/mpu/libarch__arm__core__mpu.a(arm_mpu.c.obj)
 .text.mpu_configure_regions
                0x0000000008003b88       0x64 zephyr/arch/arch/arm/core/mpu/libarch__arm__core__mpu.a(arm_mpu.c.obj)
 .text.mpu_configure_static_mpu_regions
                0x0000000008003bec       0x14 zephyr/arch/arch/arm/core/mpu/libarch__arm__core__mpu.a(arm_mpu.c.obj)
 .text.mpu_configure_dynamic_mpu_regions
                0x0000000008003c00       0x3c zephyr/arch/arch/arm/core/mpu/libarch__arm__core__mpu.a(arm_mpu.c.obj)
 .text.mpu_configure_regions_from_dt
                0x0000000008003c3c      0x1f4 zephyr/arch/arch/arm/core/mpu/libarch__arm__core__mpu.a(arm_mpu.c.obj)
 .text.arm_core_mpu_enable
                0x0000000008003e30       0x18 zephyr/arch/arch/arm/core/mpu/libarch__arm__core__mpu.a(arm_mpu.c.obj)
                0x0000000008003e30                arm_core_mpu_enable
 .text.arm_core_mpu_disable
                0x0000000008003e48       0x14 zephyr/arch/arch/arm/core/mpu/libarch__arm__core__mpu.a(arm_mpu.c.obj)
                0x0000000008003e48                arm_core_mpu_disable
 .text.arm_core_mpu_configure_static_mpu_regions
                0x0000000008003e5c       0x44 zephyr/arch/arch/arm/core/mpu/libarch__arm__core__mpu.a(arm_mpu.c.obj)
                0x0000000008003e5c                arm_core_mpu_configure_static_mpu_regions
 .text.arm_core_mpu_configure_dynamic_mpu_regions
                0x0000000008003ea0       0x44 zephyr/arch/arch/arm/core/mpu/libarch__arm__core__mpu.a(arm_mpu.c.obj)
                0x0000000008003ea0                arm_core_mpu_configure_dynamic_mpu_regions
 .text.z_arm_mpu_init
                0x0000000008003ee4       0xd8 zephyr/arch/arch/arm/core/mpu/libarch__arm__core__mpu.a(arm_mpu.c.obj)
                0x0000000008003ee4                z_arm_mpu_init
 .text.cbvprintf
                0x0000000008003fbc       0x34 zephyr/lib/libc/picolibc/liblib__libc__picolibc.a(cbprintf.c.obj)
                0x0000000008003fbc                cbvprintf
 .text.z_impl_zephyr_fputc
                0x0000000008003ff0       0x10 zephyr/lib/libc/picolibc/liblib__libc__picolibc.a(stdio.c.obj)
                0x0000000008003ff0                z_impl_zephyr_fputc
 .text.__stdout_hook_install
                0x0000000008004000       0x18 zephyr/lib/libc/picolibc/liblib__libc__picolibc.a(stdio.c.obj)
                0x0000000008004000                __stdout_hook_install
 .text.malloc_prepare
                0x0000000008004018       0x24 zephyr/lib/libc/common/liblib__libc__common.a(malloc.c.obj)
 .text.stm32_fill_irq_table
                0x000000000800403c       0x24 zephyr/drivers/interrupt_controller/libdrivers__interrupt_controller.a(intc_gpio_stm32.c.obj)
 .text.stm32_intc_gpio_isr
                0x0000000008004060       0x48 zephyr/drivers/interrupt_controller/libdrivers__interrupt_controller.a(intc_gpio_stm32.c.obj)
 .text.LL_SYSCFG_SetEXTISource
                0x00000000080040a8       0x3c zephyr/drivers/interrupt_controller/libdrivers__interrupt_controller.a(intc_gpio_stm32.c.obj)
 .text.LL_SYSCFG_GetEXTISource
                0x00000000080040e4       0x2c zephyr/drivers/interrupt_controller/libdrivers__interrupt_controller.a(intc_gpio_stm32.c.obj)
 .text.stm32_gpio_intc_enable_line
                0x0000000008004110       0x74 zephyr/drivers/interrupt_controller/libdrivers__interrupt_controller.a(intc_gpio_stm32.c.obj)
                0x0000000008004110                stm32_gpio_intc_enable_line
 .text.stm32_gpio_intc_select_line_trigger
                0x0000000008004184       0x80 zephyr/drivers/interrupt_controller/libdrivers__interrupt_controller.a(intc_gpio_stm32.c.obj)
                0x0000000008004184                stm32_gpio_intc_select_line_trigger
 .text.stm32_gpio_intc_set_irq_callback
                0x0000000008004204       0x4c zephyr/drivers/interrupt_controller/libdrivers__interrupt_controller.a(intc_gpio_stm32.c.obj)
                0x0000000008004204                stm32_gpio_intc_set_irq_callback
 .text.stm32_gpio_intc_remove_irq_callback
                0x0000000008004250       0x24 zephyr/drivers/interrupt_controller/libdrivers__interrupt_controller.a(intc_gpio_stm32.c.obj)
                0x0000000008004250                stm32_gpio_intc_remove_irq_callback
 .text.stm32_exti_enable_clocks
                0x0000000008004274       0x5c zephyr/drivers/interrupt_controller/libdrivers__interrupt_controller.a(intc_exti_stm32.c.obj)
 .text.stm32_exti_is_pending
                0x00000000080042d0       0x6c zephyr/drivers/interrupt_controller/libdrivers__interrupt_controller.a(intc_exti_stm32.c.obj)
                0x00000000080042d0                stm32_exti_is_pending
 .text.stm32_exti_clear_pending
                0x000000000800433c       0x54 zephyr/drivers/interrupt_controller/libdrivers__interrupt_controller.a(intc_exti_stm32.c.obj)
                0x000000000800433c                stm32_exti_clear_pending
 .text.get_pllsrc_frequency
                0x0000000008004390        0x8 zephyr/drivers/clock_control/libdrivers__clock_control.a(clock_stm32_ll_h7.c.obj)
 .text.prepare_regulator_voltage_scale
                0x0000000008004398       0x24 zephyr/drivers/clock_control/libdrivers__clock_control.a(clock_stm32_ll_h7.c.obj)
 .text.optimize_regulator_voltage_scale
                0x00000000080043bc       0x24 zephyr/drivers/clock_control/libdrivers__clock_control.a(clock_stm32_ll_h7.c.obj)
 .text.get_vco_input_range
                0x00000000080043e0       0x74 zephyr/drivers/clock_control/libdrivers__clock_control.a(clock_stm32_ll_h7.c.obj)
 .text.stm32_clock_control_on
                0x0000000008004454       0x40 zephyr/drivers/clock_control/libdrivers__clock_control.a(clock_stm32_ll_h7.c.obj)
 .text.stm32_clock_control_off
                0x0000000008004494       0x2c zephyr/drivers/clock_control/libdrivers__clock_control.a(clock_stm32_ll_h7.c.obj)
 .text.stm32_clock_switch_to_hsi
                0x00000000080044c0       0x44 zephyr/drivers/clock_control/libdrivers__clock_control.a(clock_stm32_ll_h7.c.obj)
 .text.set_up_plls
                0x0000000008004504      0x194 zephyr/drivers/clock_control/libdrivers__clock_control.a(clock_stm32_ll_h7.c.obj)
 .text.get_pllout_frequency
                0x0000000008004698       0x3c zephyr/drivers/clock_control/libdrivers__clock_control.a(clock_stm32_ll_h7.c.obj)
 .text.get_hclk_frequency
                0x00000000080046d4       0x3c zephyr/drivers/clock_control/libdrivers__clock_control.a(clock_stm32_ll_h7.c.obj)
 .text.stm32_clock_control_get_subsys_rate
                0x0000000008004710      0x184 zephyr/drivers/clock_control/libdrivers__clock_control.a(clock_stm32_ll_h7.c.obj)
 .text.set_up_fixed_clock_sources
                0x0000000008004894       0x98 zephyr/drivers/clock_control/libdrivers__clock_control.a(clock_stm32_ll_h7.c.obj)
 .text.stm32_clock_control_init
                0x000000000800492c       0xd0 zephyr/drivers/clock_control/libdrivers__clock_control.a(clock_stm32_ll_h7.c.obj)
                0x000000000800492c                stm32_clock_control_init
 .text.stm32_clock_control_configure
                0x00000000080049fc       0x4c zephyr/drivers/clock_control/libdrivers__clock_control.a(clock_stm32_ll_h7.c.obj)
 .text.console_out
                0x0000000008004a48       0x28 zephyr/drivers/console/libdrivers__console.a(uart_console.c.obj)
 .text.uart_console_hook_install
                0x0000000008004a70       0x18 zephyr/drivers/console/libdrivers__console.a(uart_console.c.obj)
 .text.uart_console_init
                0x0000000008004a88       0x1c zephyr/drivers/console/libdrivers__console.a(uart_console.c.obj)
 .text.gpio_stm32_clock_request
                0x0000000008004aa4       0x3c zephyr/drivers/gpio/libdrivers__gpio.a(gpio_stm32.c.obj)
 .text.gpio_manage_callback
                0x0000000008004ae0       0x94 zephyr/drivers/gpio/libdrivers__gpio.a(gpio_stm32.c.obj)
 .text.gpio_fire_callbacks
                0x0000000008004b74       0x70 zephyr/drivers/gpio/libdrivers__gpio.a(gpio_stm32.c.obj)
 .text.gpio_stm32_pin_interrupt_configure
                0x0000000008004be4       0x94 zephyr/drivers/gpio/libdrivers__gpio.a(gpio_stm32.c.obj)
 .text.gpio_stm32_init
                0x0000000008004c78       0x28 zephyr/drivers/gpio/libdrivers__gpio.a(gpio_stm32.c.obj)
 .text.stm32_pin_configure
                0x0000000008004ca0       0x40 zephyr/drivers/pinctrl/libdrivers__pinctrl.a(pinctrl_stm32.c.obj)
 .text.pinctrl_configure_pins
                0x0000000008004ce0       0x88 zephyr/drivers/pinctrl/libdrivers__pinctrl.a(pinctrl_stm32.c.obj)
                0x0000000008004ce0                pinctrl_configure_pins
 .text.LL_LPUART_SetBaudRate
                0x0000000008004d68       0x44 zephyr/drivers/serial/libdrivers__serial.a(uart_stm32.c.obj)
 .text.uart_stm32_cfg2ll_stopbits
                0x0000000008004dac       0x40 zephyr/drivers/serial/libdrivers__serial.a(uart_stm32.c.obj)
 .text.uart_stm32_poll_in
                0x0000000008004dec       0x10 zephyr/drivers/serial/libdrivers__serial.a(uart_stm32.c.obj)
 .text.uart_stm32_poll_out
                0x0000000008004dfc       0x10 zephyr/drivers/serial/libdrivers__serial.a(uart_stm32.c.obj)
 .text.uart_stm32_clocks_enable
                0x0000000008004e0c       0x54 zephyr/drivers/serial/libdrivers__serial.a(uart_stm32.c.obj)
 .text.lpuartdiv_calc
                0x0000000008004e60       0x30 zephyr/drivers/serial/libdrivers__serial.a(uart_stm32.c.obj)
                0x0000000008004e60                lpuartdiv_calc
 .text.uart_stm32_set_baudrate
                0x0000000008004e90      0x21c zephyr/drivers/serial/libdrivers__serial.a(uart_stm32.c.obj)
 .text.uart_stm32_parameters_set
                0x00000000080050ac      0x154 zephyr/drivers/serial/libdrivers__serial.a(uart_stm32.c.obj)
 .text.uart_stm32_configure
                0x0000000008005200      0x1e0 zephyr/drivers/serial/libdrivers__serial.a(uart_stm32.c.obj)
 .text.uart_stm32_registers_configure
                0x00000000080053e0      0x244 zephyr/drivers/serial/libdrivers__serial.a(uart_stm32.c.obj)
 .text.gpio_pin_set_raw
                0x0000000008005624       0x54 zephyr/drivers/spi/libdrivers__spi.a(spi_ll_stm32.c.obj)
 .text.gpio_pin_set
                0x0000000008005678       0x54 zephyr/drivers/spi/libdrivers__spi.a(spi_ll_stm32.c.obj)
 .text.spi_stm32_complete
                0x00000000080056cc       0xa0 zephyr/drivers/spi/libdrivers__spi.a(spi_ll_stm32.c.obj)
 .text.z_impl_gpio_pin_configure
                0x000000000800576c      0x1a0 zephyr/drivers/spi/libdrivers__spi.a(spi_ll_stm32.c.obj)
 .text.spi_stm32_configure
                0x000000000800590c      0x344 zephyr/drivers/spi/libdrivers__spi.a(spi_ll_stm32.c.obj)
 .text.spi_stm32_get_err
                0x0000000008005c50      0x110 zephyr/drivers/spi/libdrivers__spi.a(spi_ll_stm32.c.obj)
 .text.transceive
                0x0000000008005d60      0x164 zephyr/drivers/spi/libdrivers__spi.a(spi_ll_stm32.c.obj)
 .text.spi_stm32_pm_action
                0x0000000008005ec4       0x98 zephyr/drivers/spi/libdrivers__spi.a(spi_ll_stm32.c.obj)
 .text.spi_context_cs_configure_all
                0x0000000008005f5c      0x120 zephyr/drivers/spi/libdrivers__spi.a(spi_ll_stm32.c.obj)
 .text.spi_stm32_init
                0x000000000800607c       0x80 zephyr/drivers/spi/libdrivers__spi.a(spi_ll_stm32.c.obj)
 .text.elapsed  0x00000000080060fc       0x48 zephyr/drivers/timer/libdrivers__timer.a(cortex_m_systick.c.obj)
 .text.sys_clock_driver_init
                0x0000000008006144       0x38 zephyr/drivers/timer/libdrivers__timer.a(cortex_m_systick.c.obj)
 .text.sys_clock_isr
                0x000000000800617c       0x68 zephyr/drivers/timer/libdrivers__timer.a(cortex_m_systick.c.obj)
                0x000000000800617c                sys_clock_isr
 .text.sys_clock_set_timeout
                0x00000000080061e4      0x198 zephyr/drivers/timer/libdrivers__timer.a(cortex_m_systick.c.obj)
                0x00000000080061e4                sys_clock_set_timeout
 .text.sys_clock_elapsed
                0x000000000800637c       0xb4 zephyr/drivers/timer/libdrivers__timer.a(cortex_m_systick.c.obj)
                0x000000000800637c                sys_clock_elapsed
 .text.sys_clock_cycle_get_32
                0x0000000008006430       0xa0 zephyr/drivers/timer/libdrivers__timer.a(cortex_m_systick.c.obj)
                0x0000000008006430                sys_clock_cycle_get_32
 .text.LL_SetFlashLatency
                0x00000000080064d0      0x16c modules/hal_stm32/stm32cube/lib..__modules__hal__stm32__stm32cube.a(stm32h7xx_ll_utils.c.obj)
                0x00000000080064d0                LL_SetFlashLatency
 .text.z_device_state_init
                0x000000000800663c       0x4c zephyr/kernel/libkernel.a(device.c.obj)
                0x000000000800663c                z_device_state_init
 .text.reason_to_str
                0x0000000008006688       0x40 zephyr/kernel/libkernel.a(fatal.c.obj)
 .text.thread_name_get
                0x00000000080066c8       0x20 zephyr/kernel/libkernel.a(fatal.c.obj)
 .text.k_sys_fatal_error_handler
                0x00000000080066e8       0x20 zephyr/kernel/libkernel.a(fatal.c.obj)
                0x00000000080066e8                k_sys_fatal_error_handler
 .text.z_fatal_error
                0x0000000008006708      0x26c zephyr/kernel/libkernel.a(fatal.c.obj)
                0x0000000008006708                z_fatal_error
 .text.z_sys_init_run_level
                0x0000000008006974       0x38 zephyr/kernel/libkernel.a(init.c.obj)
 .text.init_idle_thread
                0x00000000080069ac       0x58 zephyr/kernel/libkernel.a(init.c.obj)
 .text.thread_schedule_new
                0x0000000008006a04       0x1c zephyr/kernel/libkernel.a(init.c.obj)
 .text.z_init_static_threads
                0x0000000008006a20       0xc4 zephyr/kernel/libkernel.a(init.c.obj)
 .text.bg_thread_main
                0x0000000008006ae4       0x34 zephyr/kernel/libkernel.a(init.c.obj)
 .text.switch_to_main_thread
                0x0000000008006b18       0x14 zephyr/kernel/libkernel.a(init.c.obj)
 .text.z_bss_zero
                0x0000000008006b2c       0x2c zephyr/kernel/libkernel.a(init.c.obj)
                0x0000000008006b2c                z_bss_zero
 .text.z_init_cpu
                0x0000000008006b58       0x44 zephyr/kernel/libkernel.a(init.c.obj)
                0x0000000008006b58                z_init_cpu
 .text.prepare_multithreading
                0x0000000008006b9c       0x60 zephyr/kernel/libkernel.a(init.c.obj)
 .text.z_cstart
                0x0000000008006bfc       0x78 zephyr/kernel/libkernel.a(init.c.obj)
                0x0000000008006bfc                z_cstart
 .text.idle     0x0000000008006c74       0x48 zephyr/kernel/libkernel.a(idle.c.obj)
                0x0000000008006c74                idle
 .text.arch_spin_relax
                0x0000000008006cbc       0x44 zephyr/kernel/libkernel.a(idle.c.obj)
                0x0000000008006cbc                arch_spin_relax
 .text.unpend_thread_no_timeout
                0x0000000008006d00       0x44 zephyr/kernel/libkernel.a(sem.c.obj)
 .text.z_impl_k_sem_give
                0x0000000008006d44      0x138 zephyr/kernel/libkernel.a(sem.c.obj)
                0x0000000008006d44                z_impl_k_sem_give
 .text.z_impl_k_sem_take
                0x0000000008006e7c      0x124 zephyr/kernel/libkernel.a(sem.c.obj)
                0x0000000008006e7c                z_impl_k_sem_take
 .text.thread_schedule_new
                0x0000000008006fa0       0x1c zephyr/kernel/libkernel.a(thread.c.obj)
 .text.z_setup_new_thread
                0x0000000008006fbc       0xb8 zephyr/kernel/libkernel.a(thread.c.obj)
                0x0000000008006fbc                z_setup_new_thread
 .text.z_impl_k_thread_create
                0x0000000008007074       0x7c zephyr/kernel/libkernel.a(thread.c.obj)
                0x0000000008007074                z_impl_k_thread_create
 .text.z_dummy_thread_init
                0x00000000080070f0       0x20 zephyr/kernel/libkernel.a(thread.c.obj)
                0x00000000080070f0                z_dummy_thread_init
 .text.unpend_thread_no_timeout
                0x0000000008007110       0x44 zephyr/kernel/libkernel.a(sched.c.obj)
 .text.z_swap_irqlock
                0x0000000008007154       0x6c zephyr/kernel/libkernel.a(sched.c.obj)
 .text.ready_thread
                0x00000000080071c0      0x10c zephyr/kernel/libkernel.a(sched.c.obj)
 .text.unready_thread
                0x00000000080072cc       0xbc zephyr/kernel/libkernel.a(sched.c.obj)
 .text.thread_halt_spin
                0x0000000008007388      0x168 zephyr/kernel/libkernel.a(sched.c.obj)
 .text.add_thread_timeout
                0x00000000080074f0       0x20 zephyr/kernel/libkernel.a(sched.c.obj)
 .text.move_thread_to_end_of_prio_q
                0x0000000008007510      0x138 zephyr/kernel/libkernel.a(sched.c.obj)
                0x0000000008007510                move_thread_to_end_of_prio_q
 .text.z_ready_thread
                0x0000000008007648       0xa8 zephyr/kernel/libkernel.a(sched.c.obj)
                0x0000000008007648                z_ready_thread
 .text.z_unpend_thread_no_timeout
                0x00000000080076f0       0xa4 zephyr/kernel/libkernel.a(sched.c.obj)
                0x00000000080076f0                z_unpend_thread_no_timeout
 .text.z_sched_wake_thread
                0x0000000008007794       0xbc zephyr/kernel/libkernel.a(sched.c.obj)
                0x0000000008007794                z_sched_wake_thread
 .text.z_pend_curr
                0x0000000008007850      0x100 zephyr/kernel/libkernel.a(sched.c.obj)
                0x0000000008007850                z_pend_curr
 .text.z_unpend1_no_timeout
                0x0000000008007950       0xb0 zephyr/kernel/libkernel.a(sched.c.obj)
                0x0000000008007950                z_unpend1_no_timeout
 .text.z_reschedule
                0x0000000008007a00       0x90 zephyr/kernel/libkernel.a(sched.c.obj)
                0x0000000008007a00                z_reschedule
 .text.z_reschedule_irqlock
                0x0000000008007a90       0x2c zephyr/kernel/libkernel.a(sched.c.obj)
                0x0000000008007a90                z_reschedule_irqlock
 .text.k_sched_lock
                0x0000000008007abc      0x100 zephyr/kernel/libkernel.a(sched.c.obj)
                0x0000000008007abc                k_sched_lock
 .text.k_sched_unlock
                0x0000000008007bbc      0x168 zephyr/kernel/libkernel.a(sched.c.obj)
                0x0000000008007bbc                k_sched_unlock
 .text.z_sched_init
                0x0000000008007d24       0x10 zephyr/kernel/libkernel.a(sched.c.obj)
                0x0000000008007d24                z_sched_init
 .text.z_impl_k_yield
                0x0000000008007d34      0x144 zephyr/kernel/libkernel.a(sched.c.obj)
                0x0000000008007d34                z_impl_k_yield
 .text.z_tick_sleep
                0x0000000008007e78      0x12c zephyr/kernel/libkernel.a(sched.c.obj)
 .text.z_impl_k_sleep
                0x0000000008007fa4       0xbc zephyr/kernel/libkernel.a(sched.c.obj)
                0x0000000008007fa4                z_impl_k_sleep
 .text.z_impl_k_wakeup
                0x0000000008008060       0xb8 zephyr/kernel/libkernel.a(sched.c.obj)
                0x0000000008008060                z_impl_k_wakeup
 .text.z_impl_k_sched_current_thread_query
                0x0000000008008118        0xc zephyr/kernel/libkernel.a(sched.c.obj)
                0x0000000008008118                z_impl_k_sched_current_thread_query
 .text.z_thread_abort
                0x0000000008008124      0x318 zephyr/kernel/libkernel.a(sched.c.obj)
                0x0000000008008124                z_thread_abort
 .text.slice_timeout
                0x000000000800843c       0x6c zephyr/kernel/libkernel.a(timeslicing.c.obj)
 .text.thread_is_sliceable
                0x00000000080084a8       0x4c zephyr/kernel/libkernel.a(timeslicing.c.obj)
                0x00000000080084a8                thread_is_sliceable
 .text.z_reset_time_slice
                0x00000000080084f4       0x50 zephyr/kernel/libkernel.a(timeslicing.c.obj)
                0x00000000080084f4                z_reset_time_slice
 .text.z_time_slice
                0x0000000008008544      0x10c zephyr/kernel/libkernel.a(timeslicing.c.obj)
                0x0000000008008544                z_time_slice
 .text.z_spin_lock_valid
                0x0000000008008650       0x20 zephyr/kernel/libkernel.a(spinlock_validate.c.obj)
                0x0000000008008650                z_spin_lock_valid
 .text.z_spin_unlock_valid
                0x0000000008008670       0x34 zephyr/kernel/libkernel.a(spinlock_validate.c.obj)
                0x0000000008008670                z_spin_unlock_valid
 .text.z_spin_lock_set_owner
                0x00000000080086a4       0x10 zephyr/kernel/libkernel.a(spinlock_validate.c.obj)
                0x00000000080086a4                z_spin_lock_set_owner
 .text.z_data_copy
                0x00000000080086b4       0x4c zephyr/kernel/libkernel.a(xip.c.obj)
                0x00000000080086b4                z_data_copy
 .text.first    0x0000000008008700       0x14 zephyr/kernel/libkernel.a(timeout.c.obj)
 .text.next     0x0000000008008714       0x18 zephyr/kernel/libkernel.a(timeout.c.obj)
 .text.elapsed  0x000000000800872c       0x18 zephyr/kernel/libkernel.a(timeout.c.obj)
 .text.z_add_timeout
                0x0000000008008744      0x1e8 zephyr/kernel/libkernel.a(timeout.c.obj)
                0x0000000008008744                z_add_timeout
 .text.z_abort_timeout
                0x000000000800892c       0xd8 zephyr/kernel/libkernel.a(timeout.c.obj)
                0x000000000800892c                z_abort_timeout
 .text.sys_clock_announce
                0x0000000008008a04      0x194 zephyr/kernel/libkernel.a(timeout.c.obj)
                0x0000000008008a04                sys_clock_announce
 .text.sys_clock_tick_get
                0x0000000008008b98       0xb0 zephyr/kernel/libkernel.a(timeout.c.obj)
                0x0000000008008b98                sys_clock_tick_get
 .text.z_timer_expiration_handler
                0x0000000008008c48      0x244 zephyr/kernel/libkernel.a(timer.c.obj)
                0x0000000008008c48                z_timer_expiration_handler
 .text.z_impl_k_timer_start
                0x0000000008008e8c      0x10c zephyr/kernel/libkernel.a(timer.c.obj)
                0x0000000008008e8c                z_impl_k_timer_start
 .text.k_thread_system_pool_assign
                0x0000000008008f98        0xc zephyr/kernel/libkernel.a(mempool.c.obj)
                0x0000000008008f98                k_thread_system_pool_assign
 .text.boot_banner
                0x0000000008008fa4       0x10 zephyr/kernel/libkernel.a(banner.c.obj)
                0x0000000008008fa4                boot_banner
 .text.statics_init
                0x0000000008008fb4       0x58 zephyr/kernel/libkernel.a(kheap.c.obj)
 .text.snprintf
                0x000000000800900c       0x54 c:\zephyr-sdk-0.17.3\arm-zephyr-eabi\bin\../lib/gcc/../../picolibc/arm-zephyr-eabi/lib/thumb/v7e-m/nofp\libc.a(libc_tinystdio_snprintf.c.o)
                0x000000000800900c                snprintf
 .text.__l_vfprintf
                0x0000000008009060      0x4b8 c:\zephyr-sdk-0.17.3\arm-zephyr-eabi\bin\../lib/gcc/../../picolibc/arm-zephyr-eabi/lib/thumb/v7e-m/nofp\libc.a(libc_tinystdio_vflprintf.c.o)
                0x0000000008009060                __l_vfprintf
 .text._OffsetAbsSyms
                0x0000000008009518        0x2 zephyr/CMakeFiles/offsets.dir/./arch/arm/core/offsets/offsets.c.obj
                0x0000000008009518                _OffsetAbsSyms
 .text.set_chunk_used
                0x000000000800951a       0x38 zephyr/libzephyr.a(heap.c.obj)
 .text.free_list_add_bidx
                0x0000000008009552       0xa4 zephyr/libzephyr.a(heap.c.obj)
 .text.free_list_add
                0x00000000080095f6       0x52 zephyr/libzephyr.a(heap.c.obj)
 .text.cbprintf_via_va_list
                0x0000000008009648        0xe zephyr/libzephyr.a(cbprintf_packaged.c.obj)
 .text.is_fmt_spec
                0x0000000008009656        0xe zephyr/libzephyr.a(cbprintf_packaged.c.obj)
 .text.append_string
                0x0000000008009664       0x2c zephyr/libzephyr.a(cbprintf_packaged.c.obj)
 .text.cbpprintf_external
                0x0000000008009690       0x60 zephyr/libzephyr.a(cbprintf_packaged.c.obj)
                0x0000000008009690                cbpprintf_external
 .text.is_ptr   0x00000000080096f0       0x4e zephyr/libzephyr.a(cbprintf_packaged.c.obj)
                0x00000000080096f0                is_ptr
 .text.arch_printk_char_out
                0x000000000800973e        0x4 zephyr/libzephyr.a(printk.c.obj)
                0x000000000800973e                arch_printk_char_out
 .text.vprintk  0x0000000008009742        0x8 zephyr/libzephyr.a(printk.c.obj)
                0x0000000008009742                vprintk
 .text.printk   0x000000000800974a       0x1c zephyr/libzephyr.a(printk.c.obj)
                0x000000000800974a                printk
 .text.assert_post_action
                0x0000000008009766       0x12 zephyr/libzephyr.a(assert.c.obj)
                0x0000000008009766                assert_post_action
 .text.assert_print
                0x0000000008009778       0x1c zephyr/libzephyr.a(assert.c.obj)
                0x0000000008009778                assert_print
 .text.free_space
                0x0000000008009794       0x28 zephyr/libzephyr.a(mpsc_pbuf.c.obj)
 .text.available
                0x00000000080097bc       0x24 zephyr/libzephyr.a(mpsc_pbuf.c.obj)
 .text.get_usage
                0x00000000080097e0       0x24 zephyr/libzephyr.a(mpsc_pbuf.c.obj)
 .text.max_utilization_update
                0x0000000008009804       0x26 zephyr/libzephyr.a(mpsc_pbuf.c.obj)
 .text.rd_idx_inc
                0x000000000800982a       0x26 zephyr/libzephyr.a(mpsc_pbuf.c.obj)
 .text.add_skip_item
                0x0000000008009850       0x66 zephyr/libzephyr.a(mpsc_pbuf.c.obj)
 .text.drop_item_locked
                0x00000000080098b6      0x12e zephyr/libzephyr.a(mpsc_pbuf.c.obj)
 .text.post_drop_action
                0x00000000080099e4       0x62 zephyr/libzephyr.a(mpsc_pbuf.c.obj)
 .text._ConfigAbsSyms
                0x0000000008009a46        0x2 zephyr/libzephyr.a(configs.c.obj)
                0x0000000008009a46                _ConfigAbsSyms
 .text.log_msg_generic_get_wlen
                0x0000000008009a48       0x20 zephyr/libzephyr.a(log_core.c.obj)
 .text.dummy_timestamp
                0x0000000008009a68        0x4 zephyr/libzephyr.a(log_core.c.obj)
 .text.msg_filter_check
                0x0000000008009a6c        0x4 zephyr/libzephyr.a(log_core.c.obj)
 .text.k_msleep
                0x0000000008009a70       0x20 zephyr/libzephyr.a(log_core.c.obj)
 .text.msg_alloc
                0x0000000008009a90        0xc zephyr/libzephyr.a(log_core.c.obj)
 .text.msg_free
                0x0000000008009a9c        0x8 zephyr/libzephyr.a(log_core.c.obj)
 .text.msg_pending
                0x0000000008009aa4        0x8 zephyr/libzephyr.a(log_core.c.obj)
 .text.z_log_vprintk
                0x0000000008009aac       0x1e zephyr/libzephyr.a(log_core.c.obj)
                0x0000000008009aac                z_log_vprintk
 .text.z_log_notify_drop
                0x0000000008009aca        0xa zephyr/libzephyr.a(log_core.c.obj)
 .text.z_log_msg_claim
                0x0000000008009ad4        0x8 zephyr/libzephyr.a(log_core.c.obj)
                0x0000000008009ad4                z_log_msg_claim
 .text.msg_commit
                0x0000000008009adc        0xc zephyr/libzephyr.a(log_core.c.obj)
 .text.z_log_get_tag
                0x0000000008009ae8        0x4 zephyr/libzephyr.a(log_core.c.obj)
                0x0000000008009ae8                z_log_get_tag
 .text.log_backend_enable
                0x0000000008009aec       0x10 zephyr/libzephyr.a(log_mgmt.c.obj)
                0x0000000008009aec                log_backend_enable
 .text.z_cbprintf_cpy
                0x0000000008009afc       0x32 zephyr/libzephyr.a(log_msg.c.obj)
 .text.z_log_msg_finalize
                0x0000000008009b2e       0x2e zephyr/libzephyr.a(log_msg.c.obj)
                0x0000000008009b2e                z_log_msg_finalize
 .text.z_log_msg_simple_create
                0x0000000008009b5c       0x62 zephyr/libzephyr.a(log_msg.c.obj)
 .text.z_impl_z_log_msg_simple_create_0
                0x0000000008009bbe       0x14 zephyr/libzephyr.a(log_msg.c.obj)
                0x0000000008009bbe                z_impl_z_log_msg_simple_create_0
 .text.z_impl_z_log_msg_simple_create_1
                0x0000000008009bd2       0x16 zephyr/libzephyr.a(log_msg.c.obj)
                0x0000000008009bd2                z_impl_z_log_msg_simple_create_1
 .text.z_log_msg_static_create
                0x0000000008009be8        0x8 zephyr/libzephyr.a(log_msg.c.obj)
 .text.log_output_flush
                0x0000000008009bf0       0x2e zephyr/libzephyr.a(log_output.c.obj)
 .text.cr_out_func
                0x0000000008009c1e       0x1e zephyr/libzephyr.a(log_output.c.obj)
 .text.color_prefix
                0x0000000008009c3c        0xc zephyr/libzephyr.a(log_output.c.obj)
 .text.color_postfix
                0x0000000008009c48        0xc zephyr/libzephyr.a(log_output.c.obj)
 .text.postfix_print
                0x0000000008009c54       0x18 zephyr/libzephyr.a(log_output.c.obj)
 .text.log_msg_hexdump
                0x0000000008009c6c       0x36 zephyr/libzephyr.a(log_output.c.obj)
 .text.log_output_msg_process
                0x0000000008009ca2       0x66 zephyr/libzephyr.a(log_output.c.obj)
                0x0000000008009ca2                log_output_msg_process
 .text.log_output_flush
                0x0000000008009d08       0x2e zephyr/libzephyr.a(log_backend_uart.c.obj)
 .text.format_set
                0x0000000008009d36        0xc zephyr/libzephyr.a(log_backend_uart.c.obj)
 .text.panic    0x0000000008009d42       0x14 zephyr/libzephyr.a(log_backend_uart.c.obj)
 .text.dropped  0x0000000008009d56        0xe zephyr/libzephyr.a(log_backend_uart.c.obj)
 .text.process  0x0000000008009d64       0x1c zephyr/libzephyr.a(log_backend_uart.c.obj)
 .text.z_do_kernel_oops
                0x0000000008009d80        0xc zephyr/arch/arch/arm/core/libarch__arm__core.a(fatal.c.obj)
                0x0000000008009d80                z_do_kernel_oops
 .text.z_arm_nmi
                0x0000000008009d8c        0xc zephyr/arch/arch/arm/core/libarch__arm__core.a(nmi.c.obj)
                0x0000000008009d8c                z_arm_nmi
 .text.memory_fault_recoverable
                0x0000000008009d98        0x4 zephyr/arch/arch/arm/core/cortex_m/libarch__arm__core__cortex_m.a(fault.c.obj)
 .text.fault_handle
                0x0000000008009d9c       0x4a zephyr/arch/arch/arm/core/cortex_m/libarch__arm__core__cortex_m.a(fault.c.obj)
 .text.arm_irq_enable
                0x0000000008009de6        0xa zephyr/arch/arch/arm/core/cortex_m/libarch__arm__core__cortex_m.a(irq_manage.c.obj)
                0x0000000008009de6                arm_irq_enable
 .text.z_irq_spurious
                0x0000000008009df0        0xc zephyr/arch/arch/arm/core/cortex_m/libarch__arm__core__cortex_m.a(irq_manage.c.obj)
                0x0000000008009df0                z_irq_spurious
 .text.arch_coprocessors_disable
                0x0000000008009dfc        0x6 zephyr/arch/arch/arm/core/cortex_m/libarch__arm__core__cortex_m.a(thread.c.obj)
                0x0000000008009dfc                arch_coprocessors_disable
 .text.arch_irq_unlock_outlined
                0x0000000008009e02        0xe zephyr/arch/arch/arm/core/cortex_m/libarch__arm__core__cortex_m.a(thread.c.obj)
                0x0000000008009e02                arch_irq_unlock_outlined
 .text.arch_cpu_idle
                0x0000000008009e10       0x1a zephyr/arch/arch/arm/core/cortex_m/libarch__arm__core__cortex_m.a(cpu_idle.c.obj)
                0x0000000008009e10                arch_cpu_idle
 .text.mpu_partition_is_valid
                0x0000000008009e2a       0x22 zephyr/arch/arch/arm/core/mpu/libarch__arm__core__mpu.a(arm_mpu.c.obj)
 .text.mpu_configure_region
                0x0000000008009e4c       0x3e zephyr/arch/arch/arm/core/mpu/libarch__arm__core__mpu.a(arm_mpu.c.obj)
 .text.cbputc   0x0000000008009e8a        0xc zephyr/lib/libc/picolibc/liblib__libc__picolibc.a(cbprintf.c.obj)
 .text.picolibc_put
                0x0000000008009e96        0xa zephyr/lib/libc/picolibc/liblib__libc__picolibc.a(stdio.c.obj)
 .text.stm32_exti_gpio_intc_init
                0x0000000008009ea0       0x92 zephyr/drivers/interrupt_controller/libdrivers__interrupt_controller.a(intc_gpio_stm32.c.obj)
 .text.stm32_gpio_intc_get_pin_irq_line
                0x0000000008009f32        0xa zephyr/drivers/interrupt_controller/libdrivers__interrupt_controller.a(intc_gpio_stm32.c.obj)
                0x0000000008009f32                stm32_gpio_intc_get_pin_irq_line
 .text.stm32_gpio_intc_disable_line
                0x0000000008009f3c       0x12 zephyr/drivers/interrupt_controller/libdrivers__interrupt_controller.a(intc_gpio_stm32.c.obj)
                0x0000000008009f3c                stm32_gpio_intc_disable_line
 .text.stm32_exti_set_line_src_port
                0x0000000008009f4e       0x1c zephyr/drivers/interrupt_controller/libdrivers__interrupt_controller.a(intc_gpio_stm32.c.obj)
                0x0000000008009f4e                stm32_exti_set_line_src_port
 .text.stm32_exti_get_line_src_port
                0x0000000008009f6a       0x1a zephyr/drivers/interrupt_controller/libdrivers__interrupt_controller.a(intc_gpio_stm32.c.obj)
                0x0000000008009f6a                stm32_exti_get_line_src_port
 .text.stm32_exti_init
                0x0000000008009f84        0x8 zephyr/drivers/interrupt_controller/libdrivers__interrupt_controller.a(intc_exti_stm32.c.obj)
 .text.get_bus_clock
                0x0000000008009f8c        0x6 zephyr/drivers/clock_control/libdrivers__clock_control.a(clock_stm32_ll_h7.c.obj)
 .text.get_vco_output_range
                0x0000000008009f92        0xa zephyr/drivers/clock_control/libdrivers__clock_control.a(clock_stm32_ll_h7.c.obj)
 .text.enabled_clock
                0x0000000008009f9c       0x56 zephyr/drivers/clock_control/libdrivers__clock_control.a(clock_stm32_ll_h7.c.obj)
                0x0000000008009f9c                enabled_clock
 .text.sys_slist_remove
                0x0000000008009ff2       0x26 zephyr/drivers/gpio/libdrivers__gpio.a(gpio_stm32.c.obj)
 .text.sys_slist_find_and_remove
                0x000000000800a018       0x20 zephyr/drivers/gpio/libdrivers__gpio.a(gpio_stm32.c.obj)
 .text.pm_device_driver_init
                0x000000000800a038       0x26 zephyr/drivers/gpio/libdrivers__gpio.a(gpio_stm32.c.obj)
 .text.gpio_stm32_flags_to_conf
                0x000000000800a05e       0xa8 zephyr/drivers/gpio/libdrivers__gpio.a(gpio_stm32.c.obj)
 .text.gpio_stm32_configure_raw
                0x000000000800a106       0xb4 zephyr/drivers/gpio/libdrivers__gpio.a(gpio_stm32.c.obj)
 .text.gpio_stm32_port_get_raw
                0x000000000800a1ba        0xc zephyr/drivers/gpio/libdrivers__gpio.a(gpio_stm32.c.obj)
 .text.gpio_stm32_port_set_masked_raw
                0x000000000800a1c6       0x12 zephyr/drivers/gpio/libdrivers__gpio.a(gpio_stm32.c.obj)
 .text.gpio_stm32_port_set_bits_raw
                0x000000000800a1d8        0xa zephyr/drivers/gpio/libdrivers__gpio.a(gpio_stm32.c.obj)
 .text.gpio_stm32_port_clear_bits_raw
                0x000000000800a1e2        0xc zephyr/drivers/gpio/libdrivers__gpio.a(gpio_stm32.c.obj)
 .text.gpio_stm32_port_toggle_bits
                0x000000000800a1ee        0xe zephyr/drivers/gpio/libdrivers__gpio.a(gpio_stm32.c.obj)
 .text.gpio_stm32_config
                0x000000000800a1fc       0x98 zephyr/drivers/gpio/libdrivers__gpio.a(gpio_stm32.c.obj)
 .text.gpio_stm32_pm_action
                0x000000000800a294       0x32 zephyr/drivers/gpio/libdrivers__gpio.a(gpio_stm32.c.obj)
 .text.gpio_stm32_manage_callback
                0x000000000800a2c6        0xc zephyr/drivers/gpio/libdrivers__gpio.a(gpio_stm32.c.obj)
 .text.gpio_stm32_isr
                0x000000000800a2d2       0x10 zephyr/drivers/gpio/libdrivers__gpio.a(gpio_stm32.c.obj)
 .text.gpio_stm32_disable_pin_irqs
                0x000000000800a2e2       0x30 zephyr/drivers/gpio/libdrivers__gpio.a(gpio_stm32.c.obj)
 .text.gpio_stm32_configure
                0x000000000800a312       0x34 zephyr/drivers/gpio/libdrivers__gpio.a(gpio_stm32.c.obj)
                0x000000000800a312                gpio_stm32_configure
 .text.pinctrl_lookup_state
                0x000000000800a346       0x32 zephyr/drivers/pinctrl/libdrivers__pinctrl.a(common.c.obj)
                0x000000000800a346                pinctrl_lookup_state
 .text.reset_stm32_status
                0x000000000800a378       0x20 zephyr/drivers/reset/libdrivers__reset.a(reset_stm32.c.obj)
 .text.reset_stm32_line_assert
                0x000000000800a398       0x1e zephyr/drivers/reset/libdrivers__reset.a(reset_stm32.c.obj)
 .text.reset_stm32_line_deassert
                0x000000000800a3b6       0x20 zephyr/drivers/reset/libdrivers__reset.a(reset_stm32.c.obj)
 .text.reset_stm32_line_toggle
                0x000000000800a3d6       0x16 zephyr/drivers/reset/libdrivers__reset.a(reset_stm32.c.obj)
 .text.reset_line_toggle
                0x000000000800a3ec       0x12 zephyr/drivers/serial/libdrivers__serial.a(uart_stm32.c.obj)
 .text.uart_stm32_set_driver_enable
                0x000000000800a3fe       0x1c zephyr/drivers/serial/libdrivers__serial.a(uart_stm32.c.obj)
 .text.uart_stm32_ll2cfg_databits
                0x000000000800a41a       0x2a zephyr/drivers/serial/libdrivers__serial.a(uart_stm32.c.obj)
 .text.uart_stm32_config_get
                0x000000000800a444       0x9a zephyr/drivers/serial/libdrivers__serial.a(uart_stm32.c.obj)
 .text.uart_stm32_poll_in_visitor
                0x000000000800a4de       0x26 zephyr/drivers/serial/libdrivers__serial.a(uart_stm32.c.obj)
 .text.uart_stm32_poll_out_visitor
                0x000000000800a504       0x3a zephyr/drivers/serial/libdrivers__serial.a(uart_stm32.c.obj)
 .text.poll_in_u8
                0x000000000800a53e        0x6 zephyr/drivers/serial/libdrivers__serial.a(uart_stm32.c.obj)
 .text.poll_out_u8
                0x000000000800a544        0x6 zephyr/drivers/serial/libdrivers__serial.a(uart_stm32.c.obj)
 .text.uart_stm32_err_check
                0x000000000800a54a       0x74 zephyr/drivers/serial/libdrivers__serial.a(uart_stm32.c.obj)
 .text.pinctrl_apply_state
                0x000000000800a5be       0x20 zephyr/drivers/serial/libdrivers__serial.a(uart_stm32.c.obj)
 .text.uart_stm32_init
                0x000000000800a5de       0x28 zephyr/drivers/serial/libdrivers__serial.a(uart_stm32.c.obj)
 .text.pm_device_driver_init
                0x000000000800a606       0x26 zephyr/drivers/spi/libdrivers__spi.a(spi_ll_stm32.c.obj)
 .text.spi_context_get_next_buf
                0x000000000800a62c       0x2e zephyr/drivers/spi/libdrivers__spi.a(spi_ll_stm32.c.obj)
 .text.spi_context_buffers_setup
                0x000000000800a65a       0x60 zephyr/drivers/spi/libdrivers__spi.a(spi_ll_stm32.c.obj)
 .text.spi_context_count_rx_buf_lens
                0x000000000800a6ba       0x1a zephyr/drivers/spi/libdrivers__spi.a(spi_ll_stm32.c.obj)
 .text.ll_func_spi_is_busy
                0x000000000800a6d4       0x2a zephyr/drivers/spi/libdrivers__spi.a(spi_ll_stm32.c.obj)
 .text.ll_func_disable_spi
                0x000000000800a6fe       0x28 zephyr/drivers/spi/libdrivers__spi.a(spi_ll_stm32.c.obj)
 .text.spi_stm32_send_next_frame
                0x000000000800a726       0xaa zephyr/drivers/spi/libdrivers__spi.a(spi_ll_stm32.c.obj)
 .text.spi_stm32_read_next_frame
                0x000000000800a7d0       0x9e zephyr/drivers/spi/libdrivers__spi.a(spi_ll_stm32.c.obj)
 .text.spi_stm32_transfer_ongoing
                0x000000000800a86e       0x14 zephyr/drivers/spi/libdrivers__spi.a(spi_ll_stm32.c.obj)
 .text.spi_stm32_shift_fifo
                0x000000000800a882       0x3e zephyr/drivers/spi/libdrivers__spi.a(spi_ll_stm32.c.obj)
 .text.spi_stm32_shift_m
                0x000000000800a8c0       0x5e zephyr/drivers/spi/libdrivers__spi.a(spi_ll_stm32.c.obj)
 .text.spi_stm32_shift_s
                0x000000000800a91e      0x138 zephyr/drivers/spi/libdrivers__spi.a(spi_ll_stm32.c.obj)
 .text.spi_stm32_count_bufset_frames
                0x000000000800aa56       0x4c zephyr/drivers/spi/libdrivers__spi.a(spi_ll_stm32.c.obj)
 .text.spi_stm32_count_total_frames
                0x000000000800aaa2       0x28 zephyr/drivers/spi/libdrivers__spi.a(spi_ll_stm32.c.obj)
 .text.spi_stm32_half_duplex_switch_to_receive
                0x000000000800aaca       0xa6 zephyr/drivers/spi/libdrivers__spi.a(spi_ll_stm32.c.obj)
 .text._spi_context_cs_control
                0x000000000800ab70       0x40 zephyr/drivers/spi/libdrivers__spi.a(spi_ll_stm32.c.obj)
 .text.spi_stm32_cs_control
                0x000000000800abb0        0xc zephyr/drivers/spi/libdrivers__spi.a(spi_ll_stm32.c.obj)
 .text.gpio_pin_configure_dt
                0x000000000800abbc       0x16 zephyr/drivers/spi/libdrivers__spi.a(spi_ll_stm32.c.obj)
 .text.spi_context_unlock_unconditionally
                0x000000000800abd2       0x1e zephyr/drivers/spi/libdrivers__spi.a(spi_ll_stm32.c.obj)
 .text.spi_stm32_release
                0x000000000800abf0       0x14 zephyr/drivers/spi/libdrivers__spi.a(spi_ll_stm32.c.obj)
 .text.spi_context_release
                0x000000000800ac04       0x1a zephyr/drivers/spi/libdrivers__spi.a(spi_ll_stm32.c.obj)
 .text.spi_context_lock
                0x000000000800ac1e       0x3e zephyr/drivers/spi/libdrivers__spi.a(spi_ll_stm32.c.obj)
 .text.spi_stm32_shift_frames
                0x000000000800ac5c       0x22 zephyr/drivers/spi/libdrivers__spi.a(spi_ll_stm32.c.obj)
 .text.spi_stm32_transceive
                0x000000000800ac7e       0x14 zephyr/drivers/spi/libdrivers__spi.a(spi_ll_stm32.c.obj)
 .text.pinctrl_apply_state
                0x000000000800ac92       0x20 zephyr/drivers/spi/libdrivers__spi.a(spi_ll_stm32.c.obj)
 .text.spi_stm32_pinctrl_apply
                0x000000000800acb2       0x1a zephyr/drivers/spi/libdrivers__spi.a(spi_ll_stm32.c.obj)
 .text.z_impl_k_busy_wait
                0x000000000800accc       0x22 zephyr/kernel/libkernel.a(busy_wait.c.obj)
                0x000000000800accc                z_impl_k_busy_wait
 .text.z_impl_device_is_ready
                0x000000000800acee       0x20 zephyr/kernel/libkernel.a(device.c.obj)
                0x000000000800acee                z_impl_device_is_ready
 .text.arch_system_halt
                0x000000000800ad0e       0x10 zephyr/kernel/libkernel.a(fatal.c.obj)
                0x000000000800ad0e                arch_system_halt
 .text.do_device_init
                0x000000000800ad1e       0x2e zephyr/kernel/libkernel.a(init.c.obj)
 .text.z_early_memset
                0x000000000800ad4c        0x8 zephyr/kernel/libkernel.a(init.c.obj)
                0x000000000800ad4c                z_early_memset
 .text.z_early_memcpy
                0x000000000800ad54        0x8 zephyr/kernel/libkernel.a(init.c.obj)
                0x000000000800ad54                z_early_memcpy
 .text.z_impl_k_sem_init
                0x000000000800ad5c       0x28 zephyr/kernel/libkernel.a(sem.c.obj)
                0x000000000800ad5c                z_impl_k_sem_init
 .text.setup_thread_stack
                0x000000000800ad84       0x50 zephyr/kernel/libkernel.a(thread.c.obj)
 .text.k_is_in_isr
                0x000000000800add4        0xc zephyr/kernel/libkernel.a(thread.c.obj)
                0x000000000800add4                k_is_in_isr
 .text.z_impl_k_thread_name_set
                0x000000000800ade0        0x6 zephyr/kernel/libkernel.a(thread.c.obj)
                0x000000000800ade0                z_impl_k_thread_name_set
 .text.k_thread_name_get
                0x000000000800ade6        0x4 zephyr/kernel/libkernel.a(thread.c.obj)
                0x000000000800ade6                k_thread_name_get
 .text.z_init_thread_base
                0x000000000800adea       0x16 zephyr/kernel/libkernel.a(thread.c.obj)
                0x000000000800adea                z_init_thread_base
 .text.thread_active_elsewhere
                0x000000000800ae00        0x4 zephyr/kernel/libkernel.a(sched.c.obj)
 .text.add_to_waitq_locked
                0x000000000800ae04       0x64 zephyr/kernel/libkernel.a(sched.c.obj)
 .text.z_abort_thread_timeout
                0x000000000800ae68        0xa zephyr/kernel/libkernel.a(sched.c.obj)
 .text.unpend_all
                0x000000000800ae72       0x34 zephyr/kernel/libkernel.a(sched.c.obj)
 .text.pend_locked
                0x000000000800aea6       0x18 zephyr/kernel/libkernel.a(sched.c.obj)
 .text.z_thread_timeout
                0x000000000800aebe        0xc zephyr/kernel/libkernel.a(sched.c.obj)
                0x000000000800aebe                z_thread_timeout
 .text.z_reschedule_unlocked
                0x000000000800aeca       0x16 zephyr/kernel/libkernel.a(sched.c.obj)
 .text.init_ready_q
                0x000000000800aee0        0x8 zephyr/kernel/libkernel.a(sched.c.obj)
                0x000000000800aee0                init_ready_q
 .text.remove_timeout
                0x000000000800aee8       0x2e zephyr/kernel/libkernel.a(timeout.c.obj)
 .text.next_timeout
                0x000000000800af16       0x36 zephyr/kernel/libkernel.a(timeout.c.obj)
 .text.sys_clock_tick_get_32
                0x000000000800af4c        0x8 zephyr/kernel/libkernel.a(timeout.c.obj)
                0x000000000800af4c                sys_clock_tick_get_32
 .text.z_impl_k_uptime_ticks
                0x000000000800af54        0x8 zephyr/kernel/libkernel.a(timeout.c.obj)
                0x000000000800af54                z_impl_k_uptime_ticks
 .text.z_reschedule_unlocked
                0x000000000800af5c       0x16 zephyr/kernel/libkernel.a(timer.c.obj)
 .text.k_timer_init
                0x000000000800af72       0x18 zephyr/kernel/libkernel.a(timer.c.obj)
                0x000000000800af72                k_timer_init
 .text.z_impl_k_timer_stop
                0x000000000800af8a       0x26 zephyr/kernel/libkernel.a(timer.c.obj)
                0x000000000800af8a                z_impl_k_timer_stop
 .text.k_heap_init
                0x000000000800afb0       0x14 zephyr/kernel/libkernel.a(kheap.c.obj)
                0x000000000800afb0                k_heap_init
 .text.memcpy   0x000000000800afc4       0x1c c:\zephyr-sdk-0.17.3\arm-zephyr-eabi\bin\../lib/gcc/../../picolibc/arm-zephyr-eabi/lib/thumb/v7e-m/nofp\libc.a(memcpy.c.o)
                0x000000000800afc4                __aeabi_memcpy
                0x000000000800afc4                __aeabi_memcpy4
                0x000000000800afc4                __aeabi_memcpy8
                0x000000000800afc4                memcpy
 .text.memset   0x000000000800afe0       0x10 c:\zephyr-sdk-0.17.3\arm-zephyr-eabi\bin\../lib/gcc/../../picolibc/arm-zephyr-eabi/lib/thumb/v7e-m/nofp\libc.a(memset.c.o)
                0x000000000800afe0                memset
 .text.strnlen  0x000000000800aff0       0x18 c:\zephyr-sdk-0.17.3\arm-zephyr-eabi\bin\../lib/gcc/../../picolibc/arm-zephyr-eabi/lib/thumb/v7e-m/nofp\libc.a(libc_string_strnlen.c.o)
                0x000000000800aff0                strnlen
 .text.__ultoa_invert
                0x000000000800b008       0xae c:\zephyr-sdk-0.17.3\arm-zephyr-eabi\bin\../lib/gcc/../../picolibc/arm-zephyr-eabi/lib/thumb/v7e-m/nofp\libc.a(libc_tinystdio_vflprintf.c.o)
 .text.__file_str_put
                0x000000000800b0b6       0x10 c:\zephyr-sdk-0.17.3\arm-zephyr-eabi\bin\../lib/gcc/../../picolibc/arm-zephyr-eabi/lib/thumb/v7e-m/nofp\libc.a(libc_tinystdio_filestrput.c.o)
                0x000000000800b0b6                __file_str_put
 *(SORT_BY_ALIGNMENT(.TEXT.*))
 *fill*         0x000000000800b0c6        0x2 
 .TEXT.__aeabi_read_tp
                0x000000000800b0c8        0xc zephyr/arch/arch/arm/core/cortex_m/libarch__arm__core__cortex_m.a(__aeabi_read_tp.S.obj)
                0x000000000800b0c8                __aeabi_read_tp
 *(SORT_BY_ALIGNMENT(.gnu.linkonce.t.*))
 *(SORT_BY_ALIGNMENT(.glue_7t))
 .glue_7t       0x000000000800b0d4        0x0 linker stubs
 *(SORT_BY_ALIGNMENT(.glue_7))
 .glue_7        0x000000000800b0d4        0x0 linker stubs
 *(SORT_BY_ALIGNMENT(.vfp11_veneer))
 .vfp11_veneer  0x000000000800b0d4        0x0 linker stubs
 *(SORT_BY_ALIGNMENT(.v4_bx))
 .v4_bx         0x000000000800b0d4        0x0 linker stubs
                0x000000000800b0d4                . = ALIGN (0x4)
                0x000000000800b0d4                __text_region_end = .

.ARM.exidx      0x000000000800b0d4        0x8
                0x000000000800b0d4                __exidx_start = .
 *(SORT_BY_ALIGNMENT(.ARM.exidx*) SORT_BY_ALIGNMENT(gnu.linkonce.armexidx.*))
 .ARM.exidx     0x000000000800b0d4        0x8 c:\zephyr-sdk-0.17.3\arm-zephyr-eabi\bin\../lib/gcc/../../picolibc/arm-zephyr-eabi/lib/thumb/v7e-m/nofp\libc.a(strlen.S.o)
 .ARM.exidx     0x000000000800b0dc        0x0 c:/zephyr-sdk-0.17.3/arm-zephyr-eabi/bin/../lib/gcc/arm-zephyr-eabi/12.2.0/thumb/v7e-m/nofp\libgcc.a(_udivmoddi4.o)
                                          0x8 (size before relaxing)
                0x000000000800b0dc                __exidx_end = .
                0x000000000800b0dc                __rodata_region_start = .

initlevel       0x000000000800b0dc       0xc8
                0x000000000800b0dc                __init_start = .
                0x000000000800b0dc                __init_EARLY_start = .
 *(SORT_BY_NAME(SORT_BY_ALIGNMENT(.z_init_EARLY_P_?_*)))
 *(SORT_BY_NAME(SORT_BY_ALIGNMENT(.z_init_EARLY_P_??_*)))
 *(SORT_BY_NAME(SORT_BY_ALIGNMENT(.z_init_EARLY_P_???_*)))
                0x000000000800b0dc                __init_PRE_KERNEL_1_start = .
 *(SORT_BY_NAME(SORT_BY_ALIGNMENT(.z_init_PRE_KERNEL_1_P_?_*)))
 .z_init_PRE_KERNEL_1_P_1_SUB_00009_
                0x000000000800b0dc        0x8 zephyr/drivers/clock_control/libdrivers__clock_control.a(clock_stm32_ll_h7.c.obj)
 .z_init_PRE_KERNEL_1_P_1_SUB_0_
                0x000000000800b0e4        0x8 zephyr/libzephyr.a(soc_config.c.obj)
 *(SORT_BY_NAME(SORT_BY_ALIGNMENT(.z_init_PRE_KERNEL_1_P_??_*)))
 .z_init_PRE_KERNEL_1_P_30_SUB_0_
                0x000000000800b0ec        0x8 zephyr/kernel/libkernel.a(kheap.c.obj)
 .z_init_PRE_KERNEL_1_P_35_SUB_00055_
                0x000000000800b0f4        0x8 zephyr/drivers/reset/libdrivers__reset.a(reset_stm32.c.obj)
 .z_init_PRE_KERNEL_1_P_40_SUB_00043_
                0x000000000800b0fc        0x8 zephyr/drivers/gpio/libdrivers__gpio.a(gpio_stm32.c.obj)
 .z_init_PRE_KERNEL_1_P_40_SUB_00046_
                0x000000000800b104        0x8 zephyr/drivers/gpio/libdrivers__gpio.a(gpio_stm32.c.obj)
 .z_init_PRE_KERNEL_1_P_40_SUB_00047_
                0x000000000800b10c        0x8 zephyr/drivers/gpio/libdrivers__gpio.a(gpio_stm32.c.obj)
 .z_init_PRE_KERNEL_1_P_40_SUB_00084_
                0x000000000800b114        0x8 zephyr/drivers/interrupt_controller/libdrivers__interrupt_controller.a(intc_exti_stm32.c.obj)
 .z_init_PRE_KERNEL_1_P_40_SUB_00108_
                0x000000000800b11c        0x8 zephyr/drivers/gpio/libdrivers__gpio.a(gpio_stm32.c.obj)
 .z_init_PRE_KERNEL_1_P_40_SUB_00143_
                0x000000000800b124        0x8 zephyr/drivers/gpio/libdrivers__gpio.a(gpio_stm32.c.obj)
 .z_init_PRE_KERNEL_1_P_40_SUB_00144_
                0x000000000800b12c        0x8 zephyr/drivers/gpio/libdrivers__gpio.a(gpio_stm32.c.obj)
 .z_init_PRE_KERNEL_1_P_40_SUB_00145_
                0x000000000800b134        0x8 zephyr/drivers/gpio/libdrivers__gpio.a(gpio_stm32.c.obj)
 .z_init_PRE_KERNEL_1_P_40_SUB_00146_
                0x000000000800b13c        0x8 zephyr/drivers/gpio/libdrivers__gpio.a(gpio_stm32.c.obj)
 .z_init_PRE_KERNEL_1_P_40_SUB_00147_
                0x000000000800b144        0x8 zephyr/drivers/gpio/libdrivers__gpio.a(gpio_stm32.c.obj)
 .z_init_PRE_KERNEL_1_P_40_SUB_00148_
                0x000000000800b14c        0x8 zephyr/drivers/gpio/libdrivers__gpio.a(gpio_stm32.c.obj)
 .z_init_PRE_KERNEL_1_P_40_SUB_00149_
                0x000000000800b154        0x8 zephyr/drivers/gpio/libdrivers__gpio.a(gpio_stm32.c.obj)
 .z_init_PRE_KERNEL_1_P_40_SUB_0_
                0x000000000800b15c        0x8 zephyr/drivers/interrupt_controller/libdrivers__interrupt_controller.a(intc_gpio_stm32.c.obj)
 .z_init_PRE_KERNEL_1_P_50_SUB_00091_
                0x000000000800b164        0x8 zephyr/drivers/serial/libdrivers__serial.a(uart_stm32.c.obj)
 .z_init_PRE_KERNEL_1_P_50_SUB_00094_
                0x000000000800b16c        0x8 zephyr/drivers/serial/libdrivers__serial.a(uart_stm32.c.obj)
 .z_init_PRE_KERNEL_1_P_50_SUB_00105_
                0x000000000800b174        0x8 zephyr/drivers/serial/libdrivers__serial.a(uart_stm32.c.obj)
 .z_init_PRE_KERNEL_1_P_60_SUB_0_
                0x000000000800b17c        0x8 zephyr/drivers/console/libdrivers__console.a(uart_console.c.obj)
 *(SORT_BY_NAME(SORT_BY_ALIGNMENT(.z_init_PRE_KERNEL_1_P_???_*)))
                0x000000000800b184                __init_PRE_KERNEL_2_start = .
 *(SORT_BY_NAME(SORT_BY_ALIGNMENT(.z_init_PRE_KERNEL_2_P_?_*)))
 .z_init_PRE_KERNEL_2_P_0_SUB_0_
                0x000000000800b184        0x8 zephyr/drivers/timer/libdrivers__timer.a(cortex_m_systick.c.obj)
 *(SORT_BY_NAME(SORT_BY_ALIGNMENT(.z_init_PRE_KERNEL_2_P_??_*)))
 *(SORT_BY_NAME(SORT_BY_ALIGNMENT(.z_init_PRE_KERNEL_2_P_???_*)))
                0x000000000800b18c                __init_POST_KERNEL_start = .
 *(SORT_BY_NAME(SORT_BY_ALIGNMENT(.z_init_POST_KERNEL_P_?_*)))
 .z_init_POST_KERNEL_P_0_SUB_0_
                0x000000000800b18c        0x8 zephyr/libzephyr.a(log_core.c.obj)
 *(SORT_BY_NAME(SORT_BY_ALIGNMENT(.z_init_POST_KERNEL_P_??_*)))
 .z_init_POST_KERNEL_P_35_SUB_0_
                0x000000000800b194        0x8 zephyr/lib/libc/common/liblib__libc__common.a(malloc.c.obj)
 .z_init_POST_KERNEL_P_50_SUB_00112_
                0x000000000800b19c        0x8 zephyr/drivers/spi/libdrivers__spi.a(spi_ll_stm32.c.obj)
 *(SORT_BY_NAME(SORT_BY_ALIGNMENT(.z_init_POST_KERNEL_P_???_*)))
                0x000000000800b1a4                __init_APPLICATION_start = .
 *(SORT_BY_NAME(SORT_BY_ALIGNMENT(.z_init_APPLICATION_P_?_*)))
 *(SORT_BY_NAME(SORT_BY_ALIGNMENT(.z_init_APPLICATION_P_??_*)))
 *(SORT_BY_NAME(SORT_BY_ALIGNMENT(.z_init_APPLICATION_P_???_*)))
                0x000000000800b1a4                __init_SMP_start = .
 *(SORT_BY_NAME(SORT_BY_ALIGNMENT(.z_init_SMP_P_?_*)))
 *(SORT_BY_NAME(SORT_BY_ALIGNMENT(.z_init_SMP_P_??_*)))
 *(SORT_BY_NAME(SORT_BY_ALIGNMENT(.z_init_SMP_P_???_*)))
                0x000000000800b1a4                __init_end = .

device_area     0x000000000800b1a4      0x240
                0x000000000800b1a4                _device_list_start = .
 *(SORT_BY_NAME(SORT_BY_ALIGNMENT(._device.static.*_?_*)))
 ._device.static.1_1_
                0x000000000800b1a4       0x20 zephyr/drivers/clock_control/libdrivers__clock_control.a(clock_stm32_ll_h7.c.obj)
                0x000000000800b1a4                __device_dts_ord_9
 *(SORT_BY_NAME(SORT_BY_ALIGNMENT(._device.static.*_??_*)))
 ._device.static.1_35_
                0x000000000800b1c4       0x20 zephyr/drivers/reset/libdrivers__reset.a(reset_stm32.c.obj)
                0x000000000800b1c4                __device_dts_ord_55
 ._device.static.1_40_
                0x000000000800b1e4       0x20 zephyr/drivers/interrupt_controller/libdrivers__interrupt_controller.a(intc_exti_stm32.c.obj)
                0x000000000800b1e4                __device_dts_ord_84
 ._device.static.1_40_
                0x000000000800b204      0x160 zephyr/drivers/gpio/libdrivers__gpio.a(gpio_stm32.c.obj)
                0x000000000800b204                __device_dts_ord_149
                0x000000000800b224                __device_dts_ord_148
                0x000000000800b244                __device_dts_ord_147
                0x000000000800b264                __device_dts_ord_146
                0x000000000800b284                __device_dts_ord_145
                0x000000000800b2a4                __device_dts_ord_144
                0x000000000800b2c4                __device_dts_ord_47
                0x000000000800b2e4                __device_dts_ord_108
                0x000000000800b304                __device_dts_ord_43
                0x000000000800b324                __device_dts_ord_46
                0x000000000800b344                __device_dts_ord_143
 ._device.static.1_50_
                0x000000000800b364       0x60 zephyr/drivers/serial/libdrivers__serial.a(uart_stm32.c.obj)
                0x000000000800b364                __device_dts_ord_105
                0x000000000800b384                __device_dts_ord_94
                0x000000000800b3a4                __device_dts_ord_91
 ._device.static.3_50_
                0x000000000800b3c4       0x20 zephyr/drivers/spi/libdrivers__spi.a(spi_ll_stm32.c.obj)
                0x000000000800b3c4                __device_dts_ord_112
 *(SORT_BY_NAME(SORT_BY_ALIGNMENT(._device.static.*_???_*)))
 *(SORT_BY_NAME(SORT_BY_ALIGNMENT(._device.static.*_????_*)))
 *(SORT_BY_NAME(SORT_BY_ALIGNMENT(._device.static.*_?????_*)))
                0x000000000800b3e4                _device_list_end = .

sw_isr_table    0x000000000800b3e4      0x518
                0x000000000800b3e4                . = ALIGN (0x4)
 *(SORT_BY_ALIGNMENT(.gnu.linkonce.sw_isr_table*))
 .gnu.linkonce.sw_isr_table
                0x000000000800b3e4      0x518 zephyr/arch/common/libisr_tables.a(isr_tables.c.obj)
                0x000000000800b3e4                _sw_isr_table

initlevel_error
                0x000000000800b0dc        0x0
 *(SORT_BY_NAME(SORT_BY_ALIGNMENT(.z_init_*)))
                0x0000000000000001                ASSERT ((SIZEOF (initlevel_error) == 0x0), Undefined initialization levels used.)

app_shmem_regions
                0x000000000800b8fc        0x0
                0x000000000800b8fc                __app_shmem_regions_start = .
 *(SORT_BY_NAME(SORT_BY_ALIGNMENT(.app_regions.*)))
                0x000000000800b8fc                __app_shmem_regions_end = .

k_p4wq_initparam_area
                0x000000000800b8fc        0x0
                0x000000000800b8fc                _k_p4wq_initparam_list_start = .
 *(SORT_BY_NAME(SORT_BY_ALIGNMENT(._k_p4wq_initparam.static.*)))
                0x000000000800b8fc                _k_p4wq_initparam_list_end = .

_static_thread_data_area
                0x000000000800b8fc        0x0
                0x000000000800b8fc                __static_thread_data_list_start = .
 *(SORT_BY_NAME(SORT_BY_ALIGNMENT(.__static_thread_data.static.*)))
                0x000000000800b8fc                __static_thread_data_list_end = .

device_deps     0x000000000800b8fc        0x0
                0x000000000800b8fc                __device_deps_start = .
 *(SORT_BY_NAME(SORT_BY_ALIGNMENT(.__device_deps_pass2*)))
                0x000000000800b8fc                __device_deps_end = .

gpio_driver_api_area
                0x000000000800b8fc       0x24
                0x000000000800b8fc                _gpio_driver_api_list_start = .
 *(SORT_BY_NAME(SORT_BY_ALIGNMENT(._gpio_driver_api.static.*)))
 ._gpio_driver_api.static.gpio_stm32_driver_
                0x000000000800b8fc       0x24 zephyr/drivers/gpio/libdrivers__gpio.a(gpio_stm32.c.obj)
                0x000000000800b920                _gpio_driver_api_list_end = .

reset_driver_api_area
                0x000000000800b920       0x10
                0x000000000800b920                _reset_driver_api_list_start = .
 *(SORT_BY_NAME(SORT_BY_ALIGNMENT(._reset_driver_api.static.*)))
 ._reset_driver_api.static.reset_stm32_driver_api_
                0x000000000800b920       0x10 zephyr/drivers/reset/libdrivers__reset.a(reset_stm32.c.obj)
                0x000000000800b930                _reset_driver_api_list_end = .

spi_driver_api_area
                0x000000000800b930        0x8
                0x000000000800b930                _spi_driver_api_list_start = .
 *(SORT_BY_NAME(SORT_BY_ALIGNMENT(._spi_driver_api.static.*)))
 ._spi_driver_api.static.api_funcs_
                0x000000000800b930        0x8 zephyr/drivers/spi/libdrivers__spi.a(spi_ll_stm32.c.obj)
                0x000000000800b938                _spi_driver_api_list_end = .

shared_irq_driver_api_area
                0x000000000800b938        0x0
                0x000000000800b938                _shared_irq_driver_api_list_start = .
 *(SORT_BY_NAME(SORT_BY_ALIGNMENT(._shared_irq_driver_api.static.*)))
                0x000000000800b938                _shared_irq_driver_api_list_end = .

crypto_driver_api_area
                0x000000000800b938        0x0
                0x000000000800b938                _crypto_driver_api_list_start = .
 *(SORT_BY_NAME(SORT_BY_ALIGNMENT(._crypto_driver_api.static.*)))
                0x000000000800b938                _crypto_driver_api_list_end = .

adc_driver_api_area
                0x000000000800b938        0x0
                0x000000000800b938                _adc_driver_api_list_start = .
 *(SORT_BY_NAME(SORT_BY_ALIGNMENT(._adc_driver_api.static.*)))
                0x000000000800b938                _adc_driver_api_list_end = .

auxdisplay_driver_api_area
                0x000000000800b938        0x0
                0x000000000800b938                _auxdisplay_driver_api_list_start = .
 *(SORT_BY_NAME(SORT_BY_ALIGNMENT(._auxdisplay_driver_api.static.*)))
                0x000000000800b938                _auxdisplay_driver_api_list_end = .

bbram_driver_api_area
                0x000000000800b938        0x0
                0x000000000800b938                _bbram_driver_api_list_start = .
 *(SORT_BY_NAME(SORT_BY_ALIGNMENT(._bbram_driver_api.static.*)))
                0x000000000800b938                _bbram_driver_api_list_end = .

bt_hci_driver_api_area
                0x000000000800b938        0x0
                0x000000000800b938                _bt_hci_driver_api_list_start = .
 *(SORT_BY_NAME(SORT_BY_ALIGNMENT(._bt_hci_driver_api.static.*)))
                0x000000000800b938                _bt_hci_driver_api_list_end = .

can_driver_api_area
                0x000000000800b938        0x0
                0x000000000800b938                _can_driver_api_list_start = .
 *(SORT_BY_NAME(SORT_BY_ALIGNMENT(._can_driver_api.static.*)))
                0x000000000800b938                _can_driver_api_list_end = .

cellular_driver_api_area
                0x000000000800b938        0x0
                0x000000000800b938                _cellular_driver_api_list_start = .
 *(SORT_BY_NAME(SORT_BY_ALIGNMENT(._cellular_driver_api.static.*)))
                0x000000000800b938                _cellular_driver_api_list_end = .

charger_driver_api_area
                0x000000000800b938        0x0
                0x000000000800b938                _charger_driver_api_list_start = .
 *(SORT_BY_NAME(SORT_BY_ALIGNMENT(._charger_driver_api.static.*)))
                0x000000000800b938                _charger_driver_api_list_end = .

clock_control_driver_api_area
                0x000000000800b938       0x1c
                0x000000000800b938                _clock_control_driver_api_list_start = .
 *(SORT_BY_NAME(SORT_BY_ALIGNMENT(._clock_control_driver_api.static.*)))
 ._clock_control_driver_api.static.stm32_clock_control_api_
                0x000000000800b938       0x1c zephyr/drivers/clock_control/libdrivers__clock_control.a(clock_stm32_ll_h7.c.obj)
                0x000000000800b954                _clock_control_driver_api_list_end = .

comparator_driver_api_area
                0x000000000800b954        0x0
                0x000000000800b954                _comparator_driver_api_list_start = .
 *(SORT_BY_NAME(SORT_BY_ALIGNMENT(._comparator_driver_api.static.*)))
                0x000000000800b954                _comparator_driver_api_list_end = .

coredump_driver_api_area
                0x000000000800b954        0x0
                0x000000000800b954                _coredump_driver_api_list_start = .
 *(SORT_BY_NAME(SORT_BY_ALIGNMENT(._coredump_driver_api.static.*)))
                0x000000000800b954                _coredump_driver_api_list_end = .

counter_driver_api_area
                0x000000000800b954        0x0
                0x000000000800b954                _counter_driver_api_list_start = .
 *(SORT_BY_NAME(SORT_BY_ALIGNMENT(._counter_driver_api.static.*)))
                0x000000000800b954                _counter_driver_api_list_end = .

dac_driver_api_area
                0x000000000800b954        0x0
                0x000000000800b954                _dac_driver_api_list_start = .
 *(SORT_BY_NAME(SORT_BY_ALIGNMENT(._dac_driver_api.static.*)))
                0x000000000800b954                _dac_driver_api_list_end = .

dai_driver_api_area
                0x000000000800b954        0x0
                0x000000000800b954                _dai_driver_api_list_start = .
 *(SORT_BY_NAME(SORT_BY_ALIGNMENT(._dai_driver_api.static.*)))
                0x000000000800b954                _dai_driver_api_list_end = .

display_driver_api_area
                0x000000000800b954        0x0
                0x000000000800b954                _display_driver_api_list_start = .
 *(SORT_BY_NAME(SORT_BY_ALIGNMENT(._display_driver_api.static.*)))
                0x000000000800b954                _display_driver_api_list_end = .

dma_driver_api_area
                0x000000000800b954        0x0
                0x000000000800b954                _dma_driver_api_list_start = .
 *(SORT_BY_NAME(SORT_BY_ALIGNMENT(._dma_driver_api.static.*)))
                0x000000000800b954                _dma_driver_api_list_end = .

edac_driver_api_area
                0x000000000800b954        0x0
                0x000000000800b954                _edac_driver_api_list_start = .
 *(SORT_BY_NAME(SORT_BY_ALIGNMENT(._edac_driver_api.static.*)))
                0x000000000800b954                _edac_driver_api_list_end = .

eeprom_driver_api_area
                0x000000000800b954        0x0
                0x000000000800b954                _eeprom_driver_api_list_start = .
 *(SORT_BY_NAME(SORT_BY_ALIGNMENT(._eeprom_driver_api.static.*)))
                0x000000000800b954                _eeprom_driver_api_list_end = .

emul_bbram_driver_api_area
                0x000000000800b954        0x0
                0x000000000800b954                _emul_bbram_driver_api_list_start = .
 *(SORT_BY_NAME(SORT_BY_ALIGNMENT(._emul_bbram_driver_api.static.*)))
                0x000000000800b954                _emul_bbram_driver_api_list_end = .

fuel_gauge_emul_driver_api_area
                0x000000000800b954        0x0
                0x000000000800b954                _fuel_gauge_emul_driver_api_list_start = .
 *(SORT_BY_NAME(SORT_BY_ALIGNMENT(._fuel_gauge_emul_driver_api.static.*)))
                0x000000000800b954                _fuel_gauge_emul_driver_api_list_end = .

emul_sensor_driver_api_area
                0x000000000800b954        0x0
                0x000000000800b954                _emul_sensor_driver_api_list_start = .
 *(SORT_BY_NAME(SORT_BY_ALIGNMENT(._emul_sensor_driver_api.static.*)))
                0x000000000800b954                _emul_sensor_driver_api_list_end = .

entropy_driver_api_area
                0x000000000800b954        0x0
                0x000000000800b954                _entropy_driver_api_list_start = .
 *(SORT_BY_NAME(SORT_BY_ALIGNMENT(._entropy_driver_api.static.*)))
                0x000000000800b954                _entropy_driver_api_list_end = .

espi_driver_api_area
                0x000000000800b954        0x0
                0x000000000800b954                _espi_driver_api_list_start = .
 *(SORT_BY_NAME(SORT_BY_ALIGNMENT(._espi_driver_api.static.*)))
                0x000000000800b954                _espi_driver_api_list_end = .

espi_saf_driver_api_area
                0x000000000800b954        0x0
                0x000000000800b954                _espi_saf_driver_api_list_start = .
 *(SORT_BY_NAME(SORT_BY_ALIGNMENT(._espi_saf_driver_api.static.*)))
                0x000000000800b954                _espi_saf_driver_api_list_end = .

flash_driver_api_area
                0x000000000800b954        0x0
                0x000000000800b954                _flash_driver_api_list_start = .
 *(SORT_BY_NAME(SORT_BY_ALIGNMENT(._flash_driver_api.static.*)))
                0x000000000800b954                _flash_driver_api_list_end = .

fpga_driver_api_area
                0x000000000800b954        0x0
                0x000000000800b954                _fpga_driver_api_list_start = .
 *(SORT_BY_NAME(SORT_BY_ALIGNMENT(._fpga_driver_api.static.*)))
                0x000000000800b954                _fpga_driver_api_list_end = .

fuel_gauge_driver_api_area
                0x000000000800b954        0x0
                0x000000000800b954                _fuel_gauge_driver_api_list_start = .
 *(SORT_BY_NAME(SORT_BY_ALIGNMENT(._fuel_gauge_driver_api.static.*)))
                0x000000000800b954                _fuel_gauge_driver_api_list_end = .

gnss_driver_api_area
                0x000000000800b954        0x0
                0x000000000800b954                _gnss_driver_api_list_start = .
 *(SORT_BY_NAME(SORT_BY_ALIGNMENT(._gnss_driver_api.static.*)))
                0x000000000800b954                _gnss_driver_api_list_end = .

haptics_driver_api_area
                0x000000000800b954        0x0
                0x000000000800b954                _haptics_driver_api_list_start = .
 *(SORT_BY_NAME(SORT_BY_ALIGNMENT(._haptics_driver_api.static.*)))
                0x000000000800b954                _haptics_driver_api_list_end = .

hwspinlock_driver_api_area
                0x000000000800b954        0x0
                0x000000000800b954                _hwspinlock_driver_api_list_start = .
 *(SORT_BY_NAME(SORT_BY_ALIGNMENT(._hwspinlock_driver_api.static.*)))
                0x000000000800b954                _hwspinlock_driver_api_list_end = .

i2c_driver_api_area
                0x000000000800b954        0x0
                0x000000000800b954                _i2c_driver_api_list_start = .
 *(SORT_BY_NAME(SORT_BY_ALIGNMENT(._i2c_driver_api.static.*)))
                0x000000000800b954                _i2c_driver_api_list_end = .

i2c_target_driver_api_area
                0x000000000800b954        0x0
                0x000000000800b954                _i2c_target_driver_api_list_start = .
 *(SORT_BY_NAME(SORT_BY_ALIGNMENT(._i2c_target_driver_api.static.*)))
                0x000000000800b954                _i2c_target_driver_api_list_end = .

i2s_driver_api_area
                0x000000000800b954        0x0
                0x000000000800b954                _i2s_driver_api_list_start = .
 *(SORT_BY_NAME(SORT_BY_ALIGNMENT(._i2s_driver_api.static.*)))
                0x000000000800b954                _i2s_driver_api_list_end = .

i3c_driver_api_area
                0x000000000800b954        0x0
                0x000000000800b954                _i3c_driver_api_list_start = .
 *(SORT_BY_NAME(SORT_BY_ALIGNMENT(._i3c_driver_api.static.*)))
                0x000000000800b954                _i3c_driver_api_list_end = .

ipm_driver_api_area