Archive member included to satisfy reference by file (symbol)

app/libapp.a(main.c.obj)      (--whole-archive)
zephyr/libzephyr.a(validate_libc.c.obj)
                              (--whole-archive)
zephyr/libzephyr.a(heap.c.obj)
                              (--whole-archive)
zephyr/libzephyr.a(cbprintf_packaged.c.obj)
                              (--whole-archive)
zephyr/libzephyr.a(clock.c.obj)
                              (--whole-archive)
zephyr/libzephyr.a(printk.c.obj)
                              (--whole-archive)
zephyr/libzephyr.a(sem.c.obj)
                              (--whole-archive)
zephyr/libzephyr.a(thread_entry.c.obj)
                              (--whole-archive)
zephyr/libzephyr.a(cbprintf_complete.c.obj)
                              (--whole-archive)
zephyr/libzephyr.a(assert.c.obj)
                              (--whole-archive)
zephyr/libzephyr.a(mpsc_pbuf.c.obj)
                              (--whole-archive)
zephyr/libzephyr.a(dec.c.obj)
                              (--whole-archive)
zephyr/libzephyr.a(hex.c.obj)
                              (--whole-archive)
zephyr/libzephyr.a(rb.c.obj)  (--whole-archive)
zephyr/libzephyr.a(timeutil.c.obj)
                              (--whole-archive)
zephyr/libzephyr.a(bitarray.c.obj)
                              (--whole-archive)
zephyr/libzephyr.a(ring_buffer.c.obj)
                              (--whole-archive)
zephyr/libzephyr.a(last_section_id.c.obj)
                              (--whole-archive)
zephyr/libzephyr.a(configs.c.obj)
                              (--whole-archive)
zephyr/libzephyr.a(stm32cube_hal.c.obj)
                              (--whole-archive)
zephyr/libzephyr.a(soc_config.c.obj)
                              (--whole-archive)
zephyr/libzephyr.a(stm32_cache.c.obj)
                              (--whole-archive)
zephyr/libzephyr.a(stm32_backup_domain.c.obj)
                              (--whole-archive)
zephyr/libzephyr.a(soc_m7.c.obj)
                              (--whole-archive)
zephyr/libzephyr.a(mpu_regions.c.obj)
                              (--whole-archive)
zephyr/libzephyr.a(log_core.c.obj)
                              (--whole-archive)
zephyr/libzephyr.a(log_mgmt.c.obj)
                              (--whole-archive)
zephyr/libzephyr.a(log_cache.c.obj)
                              (--whole-archive)
zephyr/libzephyr.a(log_msg.c.obj)
                              (--whole-archive)
zephyr/libzephyr.a(log_output.c.obj)
                              (--whole-archive)
zephyr/libzephyr.a(log_backend_uart.c.obj)
                              (--whole-archive)
zephyr/libzephyr.a(mem_attr.c.obj)
                              (--whole-archive)
zephyr/libzephyr.a(tracing_none.c.obj)
                              (--whole-archive)
zephyr/arch/common/libarch__common.a(sw_isr_common.c.obj)
                              (--whole-archive)
zephyr/arch/arch/arm/core/libarch__arm__core.a(fatal.c.obj)
                              (--whole-archive)
zephyr/arch/arch/arm/core/libarch__arm__core.a(nmi.c.obj)
                              (--whole-archive)
zephyr/arch/arch/arm/core/libarch__arm__core.a(nmi_on_reset.S.obj)
                              (--whole-archive)
zephyr/arch/arch/arm/core/libarch__arm__core.a(tls.c.obj)
                              (--whole-archive)
zephyr/arch/arch/arm/core/cortex_m/libarch__arm__core__cortex_m.a(exc_exit.c.obj)
                              (--whole-archive)
zephyr/arch/arch/arm/core/cortex_m/libarch__arm__core__cortex_m.a(fault.c.obj)
                              (--whole-archive)
zephyr/arch/arch/arm/core/cortex_m/libarch__arm__core__cortex_m.a(fault_s.S.obj)
                              (--whole-archive)
zephyr/arch/arch/arm/core/cortex_m/libarch__arm__core__cortex_m.a(fpu.c.obj)
                              (--whole-archive)
zephyr/arch/arch/arm/core/cortex_m/libarch__arm__core__cortex_m.a(reset.S.obj)
                              (--whole-archive)
zephyr/arch/arch/arm/core/cortex_m/libarch__arm__core__cortex_m.a(scb.c.obj)
                              (--whole-archive)
zephyr/arch/arch/arm/core/cortex_m/libarch__arm__core__cortex_m.a(thread_abort.c.obj)
                              (--whole-archive)
zephyr/arch/arch/arm/core/cortex_m/libarch__arm__core__cortex_m.a(vector_table.S.obj)
                              (--whole-archive)
zephyr/arch/arch/arm/core/cortex_m/libarch__arm__core__cortex_m.a(swap_helper.S.obj)
                              (--whole-archive)
zephyr/arch/arch/arm/core/cortex_m/libarch__arm__core__cortex_m.a(irq_manage.c.obj)
                              (--whole-archive)
zephyr/arch/arch/arm/core/cortex_m/libarch__arm__core__cortex_m.a(prep_c.c.obj)
                              (--whole-archive)
zephyr/arch/arch/arm/core/cortex_m/libarch__arm__core__cortex_m.a(thread.c.obj)
                              (--whole-archive)
zephyr/arch/arch/arm/core/cortex_m/libarch__arm__core__cortex_m.a(cpu_idle.c.obj)
[...]
Memory Configuration

Name             Origin             Length             Attributes
FLASH            0x0000000008000000 0x0000000000100000 xr
RAM              0x0000000024000000 0x0000000000050000 xw
BACKUP_SRAM      0x0000000038800000 0x0000000000001000 rw
EXTMEM           0x0000000090000000 0x0000000010000000 rw
SRAM1            0x0000000030000000 0x0000000000004000 rw
SRAM2            0x0000000030004000 0x0000000000004000 rw
SRAM4            0x0000000038000000 0x0000000000004000 rw
DTCM             0x0000000020000000 0x0000000000020000 rw
ITCM             0x0000000000000000 0x0000000000010000 rw
IDT_LIST         0x00000000ffff7fff 0x0000000000008000 xw
*default*        0x0000000000000000 0xffffffffffffffff

Linker script and memory map

                0x00000000080066b0                vfprintf = __l_vfprintf
                0x0000000000000000                vfscanf = __l_vfscanf
LOAD zephyr/CMakeFiles/zephyr_pre0.dir/misc/empty_file.c.obj
LOAD zephyr/CMakeFiles/offsets.dir/./arch/arm/core/offsets/offsets.c.obj
LOAD app/libapp.a
LOAD zephyr/libzephyr.a
LOAD zephyr/arch/common/libarch__common.a
LOAD zephyr/arch/arch/arm/core/libarch__arm__core.a
LOAD zephyr/arch/arch/arm/core/cortex_m/libarch__arm__core__cortex_m.a
LOAD zephyr/arch/arch/arm/core/mpu/libarch__arm__core__mpu.a
LOAD zephyr/lib/libc/picolibc/liblib__libc__picolibc.a
LOAD zephyr/lib/libc/common/liblib__libc__common.a
LOAD zephyr/drivers/interrupt_controller/libdrivers__interrupt_controller.a
LOAD zephyr/drivers/clock_control/libdrivers__clock_control.a
LOAD zephyr/drivers/console/libdrivers__console.a
LOAD zephyr/drivers/dma/libdrivers__dma.a
LOAD zephyr/drivers/gpio/libdrivers__gpio.a
LOAD zephyr/drivers/i2s/libdrivers__i2s.a
LOAD zephyr/drivers/pinctrl/libdrivers__pinctrl.a
LOAD zephyr/drivers/reset/libdrivers__reset.a
LOAD zephyr/drivers/serial/libdrivers__serial.a
LOAD zephyr/drivers/spi/libdrivers__spi.a
LOAD zephyr/drivers/timer/libdrivers__timer.a
LOAD modules/hal_stm32/stm32cube/lib..__modules__hal__stm32__stm32cube.a
LOAD zephyr/kernel/libkernel.a
LOAD zephyr/arch/common/libisr_tables.a
LOAD c:\zephyr-sdk\zephyr\zephyr-sdk-0.17.3\arm-zephyr-eabi\bin\../lib/gcc/../../picolibc/arm-zephyr-eabi/lib/thumb/v7e-m/nofp\libc.a
LOAD c:/zephyr-sdk/zephyr/zephyr-sdk-0.17.3/arm-zephyr-eabi/bin/../lib/gcc/arm-zephyr-eabi/12.2.0/thumb/v7e-m/nofp\libgcc.a
                0x0000000000000020                _region_min_align = 0x20

.rel.plt        0x0000000008000000        0x0
 *(SORT_BY_ALIGNMENT(.rel.plt))
                [!provide]                        PROVIDE (__rel_iplt_start = .)
 *(SORT_BY_ALIGNMENT(.rel.iplt))
 .rel.iplt      0x0000000008000000        0x0 app/libapp.a(main.c.obj)
                [!provide]                        PROVIDE (__rel_iplt_end = .)

.rela.plt       0x0000000000000000        0x0
 *(SORT_BY_ALIGNMENT(.rela.plt))
                [!provide]                        PROVIDE (__rela_iplt_start = .)
 *(SORT_BY_ALIGNMENT(.rela.iplt))
                [!provide]                        PROVIDE (__rela_iplt_end = .)

.rel.dyn
 *(SORT_BY_ALIGNMENT(.rel.*))

.rela.dyn
 *(SORT_BY_ALIGNMENT(.rela.*))

/DISCARD/
 *(SORT_BY_ALIGNMENT(.plt))

/DISCARD/
 *(SORT_BY_ALIGNMENT(.iplt))
                0x0000000008000000                __rom_region_start = 0x8000000

rom_start       0x0000000008000000      0x2cc
                0x0000000008000000                __rom_start_address = .
 FILL mask 0x00
                0x0000000008000000                . = (. + (0x0 - (. - __rom_start_address)))
                0x0000000008000000                . = ALIGN (0x4)
                0x0000000008000000                . = ALIGN (0x80)
                0x0000000008000000                . = ALIGN (0x400)
                0x0000000008000000                _vector_start = .
 *(SORT_BY_ALIGNMENT(.exc_vector_table))
 *(SORT_BY_ALIGNMENT(.exc_vector_table.*))
 .exc_vector_table._vector_table_section
                0x0000000008000000       0x40 zephyr/arch/arch/arm/core/cortex_m/libarch__arm__core__cortex_m.a(vector_table.S.obj)
                0x0000000008000000                _vector_table
 *(SORT_BY_ALIGNMENT(.vectors))
                0x00000000080002cc                _vector_end = .
                0x0000000008000040                . = ALIGN (0x4)
 *(SORT_BY_ALIGNMENT(.gnu.linkonce.irq_vector_table*))
 .gnu.linkonce.irq_vector_table
                0x0000000008000040      0x28c zephyr/arch/common/libisr_tables.a(isr_tables.c.obj)
                0x0000000008000040                _irq_vector_table
                0x00000000080002cc                _vector_end = .

text            0x00000000080002cc     0x88b0
                0x00000000080002cc                __text_region_start = .
 *(SORT_BY_ALIGNMENT(.text))
 .text          0x00000000080002cc       0x30 c:/zephyr-sdk/zephyr/zephyr-sdk-0.17.3/arm-zephyr-eabi/bin/../lib/gcc/arm-zephyr-eabi/12.2.0/thumb/v7e-m/nofp\libgcc.a(_aeabi_uldivmod.o)
                0x00000000080002cc                __aeabi_uldivmod
 .text          0x00000000080002fc        0x4 c:/zephyr-sdk/zephyr/zephyr-sdk-0.17.3/arm-zephyr-eabi/bin/../lib/gcc/arm-zephyr-eabi/12.2.0/thumb/v7e-m/nofp\libgcc.a(_dvmd_tls.o)
                0x00000000080002fc                __aeabi_idiv0
                0x00000000080002fc                __aeabi_ldiv0
 .text          0x0000000008000300       0x10 c:\zephyr-sdk\zephyr\zephyr-sdk-0.17.3\arm-zephyr-eabi\bin\../lib/gcc/../../picolibc/arm-zephyr-eabi/lib/thumb/v7e-m/nofp\libc.a(strlen.S.o)
                0x0000000008000300                strlen
 .text          0x0000000008000310      0x2a0 c:/zephyr-sdk/zephyr/zephyr-sdk-0.17.3/arm-zephyr-eabi/bin/../lib/gcc/arm-zephyr-eabi/12.2.0/thumb/v7e-m/nofp\libgcc.a(_udivmoddi4.o)
                0x0000000008000310                __udivmoddi4
 *(SORT_BY_ALIGNMENT(.text.*))
 .text.main     0x00000000080005b0       0x40 app/libapp.a(main.c.obj)
                0x00000000080005b0                main
 .text.cbvprintf_package
                0x00000000080005f0      0x3a4 zephyr/libzephyr.a(cbprintf_packaged.c.obj)
                0x00000000080005f0                cbvprintf_package
 .text.cbprintf_package_convert
                0x0000000008000994      0x3cc zephyr/libzephyr.a(cbprintf_packaged.c.obj)
                0x0000000008000994                cbprintf_package_convert
 .text.__printk_hook_install
                0x0000000008000d60        0xc zephyr/libzephyr.a(printk.c.obj)
                0x0000000008000d60                __printk_hook_install
 .text.z_thread_entry
                0x0000000008000d6c       0x34 zephyr/libzephyr.a(thread_entry.c.obj)
                0x0000000008000d6c                z_thread_entry
 .text.st_stm32_common_config
                0x0000000008000da0       0x1c zephyr/libzephyr.a(soc_config.c.obj)
 .text.stm32_backup_domain_enable_access
                0x0000000008000dbc       0x3c zephyr/libzephyr.a(stm32_backup_domain.c.obj)
                0x0000000008000dbc                stm32_backup_domain_enable_access
 .text.stm32_backup_domain_disable_access
                0x0000000008000df8       0x74 zephyr/libzephyr.a(stm32_backup_domain.c.obj)
                0x0000000008000df8                stm32_backup_domain_disable_access
 .text.soc_early_init_hook
                0x0000000008000e6c       0x50 zephyr/libzephyr.a(soc_m7.c.obj)
                0x0000000008000e6c                soc_early_init_hook
 .text.activate_foreach_backend
                0x0000000008000ebc       0x64 zephyr/libzephyr.a(log_core.c.obj)
 .text.enable_logger
                0x0000000008000f20       0x5c zephyr/libzephyr.a(log_core.c.obj)
 .text.log_process_thread_timer_expiry_fn
                0x0000000008000f7c        0xc zephyr/libzephyr.a(log_core.c.obj)
 .text.z_log_init
                0x0000000008000f88       0x94 zephyr/libzephyr.a(log_core.c.obj)
 .text.log_format_func_t_get
                0x000000000800101c        0xc zephyr/libzephyr.a(log_core.c.obj)
                0x000000000800101c                log_format_func_t_get
 .text.log_set_timestamp_func
                0x0000000008001028       0x20 zephyr/libzephyr.a(log_core.c.obj)
                0x0000000008001028                log_set_timestamp_func
 .text.z_log_notify_backend_enabled
                0x0000000008001048       0x1c zephyr/libzephyr.a(log_core.c.obj)
                0x0000000008001048                z_log_notify_backend_enabled
 .text.z_log_dropped
                0x0000000008001064       0x44 zephyr/libzephyr.a(log_core.c.obj)
                0x0000000008001064                z_log_dropped
 .text.z_log_dropped_read_and_clear
                0x00000000080010a8       0x20 zephyr/libzephyr.a(log_core.c.obj)
                0x00000000080010a8                z_log_dropped_read_and_clear
 .text.dropped_notify
                0x00000000080010c8       0x30 zephyr/libzephyr.a(log_core.c.obj)
                0x00000000080010c8                dropped_notify
 .text.z_log_msg_init
                0x00000000080010f8       0x20 zephyr/libzephyr.a(log_core.c.obj)
                0x00000000080010f8                z_log_msg_init
 .text.log_core_init
                0x0000000008001118       0x50 zephyr/libzephyr.a(log_core.c.obj)
                0x0000000008001118                log_core_init
 .text.z_log_msg_alloc
                0x0000000008001168       0x10 zephyr/libzephyr.a(log_core.c.obj)
                0x0000000008001168                z_log_msg_alloc
 .text.z_log_msg_local_claim
                0x0000000008001178        0xc zephyr/libzephyr.a(log_core.c.obj)
                0x0000000008001178                z_log_msg_local_claim
 .text.z_log_msg_free
                0x0000000008001184       0x10 zephyr/libzephyr.a(log_core.c.obj)
                0x0000000008001184                z_log_msg_free
 .text.z_log_msg_pending
                0x0000000008001194        0xc zephyr/libzephyr.a(log_core.c.obj)
                0x0000000008001194                z_log_msg_pending
 .text.z_impl_log_process
                0x00000000080011a0       0xb4 zephyr/libzephyr.a(log_core.c.obj)
                0x00000000080011a0                z_impl_log_process
 .text.z_impl_log_panic
                0x0000000008001254       0x44 zephyr/libzephyr.a(log_core.c.obj)
                0x0000000008001254                z_impl_log_panic
 .text.log_process_thread_func
                0x0000000008001298       0xa4 zephyr/libzephyr.a(log_core.c.obj)
 .text.z_log_msg_post_finalize
                0x000000000800133c       0x78 zephyr/libzephyr.a(log_core.c.obj)
 .text.z_log_msg_commit
                0x00000000080013b4       0x24 zephyr/libzephyr.a(log_core.c.obj)
                0x00000000080013b4                z_log_msg_commit
 .text.log_source_name_get
                0x00000000080013d8       0x1c zephyr/libzephyr.a(log_mgmt.c.obj)
                0x00000000080013d8                log_source_name_get
 .text.z_impl_z_log_msg_static_create
                0x00000000080013f4      0x108 zephyr/libzephyr.a(log_msg.c.obj)
                0x00000000080013f4                z_impl_z_log_msg_static_create
 .text.z_log_msg_runtime_vcreate
                0x00000000080014fc       0xa0 zephyr/libzephyr.a(log_msg.c.obj)
                0x00000000080014fc                z_log_msg_runtime_vcreate
 .text.log_msg_get_source_id
                0x000000000800159c       0x18 zephyr/libzephyr.a(log_msg.c.obj)
                0x000000000800159c                log_msg_get_source_id
 .text.print_formatted
                0x00000000080015b4       0x24 zephyr/libzephyr.a(log_output.c.obj)
 .text.newline_print
                0x00000000080015d8       0x1c zephyr/libzephyr.a(log_output.c.obj)
 .text.log_output_process
                0x00000000080015f4      0x2d4 zephyr/libzephyr.a(log_output.c.obj)
                0x00000000080015f4                log_output_process
 .text.log_output_dropped_process
                0x00000000080018c8       0x58 zephyr/libzephyr.a(log_output.c.obj)
                0x00000000080018c8                log_output_dropped_process
 .text.log_output_timestamp_freq_set
                0x0000000008001920       0x2c zephyr/libzephyr.a(log_output.c.obj)
                0x0000000008001920                log_output_timestamp_freq_set
 .text.char_out
                0x000000000800194c       0x24 zephyr/libzephyr.a(log_backend_uart.c.obj)
 .text.mem_attr_get_regions
                0x0000000008001970        0xc zephyr/libzephyr.a(mem_attr.c.obj)
                0x0000000008001970                mem_attr_get_regions
 .text.z_arm_fatal_error
                0x000000000800197c       0xb8 zephyr/arch/arch/arm/core/libarch__arm__core.a(fatal.c.obj)
                0x000000000800197c                z_arm_fatal_error
 .text.z_SysNmiOnReset
                0x0000000008001a34        0x8 zephyr/arch/arch/arm/core/libarch__arm__core.a(nmi_on_reset.S.obj)
                0x0000000008001a34                z_SysNmiOnReset
 .text.arch_tls_stack_setup
                0x0000000008001a3c       0x40 zephyr/arch/arch/arm/core/libarch__arm__core.a(tls.c.obj)
                0x0000000008001a3c                arch_tls_stack_setup
 .text._HandlerModeExit
                0x0000000008001a7c       0x20 zephyr/arch/arch/arm/core/cortex_m/libarch__arm__core__cortex_m.a(exc_exit.c.obj)
                0x0000000008001a7c                z_arm_int_exit
                0x0000000008001a7c                z_arm_exc_exit
 .text.bus_fault.constprop.0
                0x0000000008001a9c       0xd0 zephyr/arch/arch/arm/core/cortex_m/libarch__arm__core__cortex_m.a(fault.c.obj)
 .text.usage_fault.constprop.0
                0x0000000008001b6c       0xa8 zephyr/arch/arch/arm/core/cortex_m/libarch__arm__core__cortex_m.a(fault.c.obj)
 .text.mem_manage_fault
                0x0000000008001c14      0x104 zephyr/arch/arch/arm/core/cortex_m/libarch__arm__core__cortex_m.a(fault.c.obj)
 .text.z_arm_fault
                0x0000000008001d18      0x1d4 zephyr/arch/arch/arm/core/cortex_m/libarch__arm__core__cortex_m.a(fault.c.obj)
                0x0000000008001d18                z_arm_fault
 .text.z_arm_fault_init
                0x0000000008001eec       0x18 zephyr/arch/arch/arm/core/cortex_m/libarch__arm__core__cortex_m.a(fault.c.obj)
                0x0000000008001eec                z_arm_fault_init
 .text.__fault  0x0000000008001f04       0x14 zephyr/arch/arch/arm/core/cortex_m/libarch__arm__core__cortex_m.a(fault_s.S.obj)
                0x0000000008001f04                z_arm_usage_fault
                0x0000000008001f04                z_arm_mpu_fault
                0x0000000008001f04                z_arm_exc_spurious
                0x0000000008001f04                z_arm_debug_monitor
                0x0000000008001f04                z_arm_hard_fault
                0x0000000008001f04                z_arm_bus_fault
 .text._reset_section
                0x0000000008001f18       0x34 zephyr/arch/arch/arm/core/cortex_m/libarch__arm__core__cortex_m.a(reset.S.obj)
                0x0000000008001f18                __start
                0x0000000008001f18                z_arm_reset
 .text.z_impl_k_thread_abort
                0x0000000008001f4c       0x2c zephyr/arch/arch/arm/core/cortex_m/libarch__arm__core__cortex_m.a(thread_abort.c.obj)
                0x0000000008001f4c                z_impl_k_thread_abort
 .text.z_arm_pendsv
                0x0000000008001f78       0x60 zephyr/arch/arch/arm/core/cortex_m/libarch__arm__core__cortex_m.a(swap_helper.S.obj)
                0x0000000008001f78                z_arm_pendsv
 .text.z_arm_svc
                0x0000000008001fd8       0x24 zephyr/arch/arch/arm/core/cortex_m/libarch__arm__core__cortex_m.a(swap_helper.S.obj)
                0x0000000008001fd8                z_arm_svc
 .text.arm_irq_enable
                0x0000000008001ffc       0x1c zephyr/arch/arch/arm/core/cortex_m/libarch__arm__core__cortex_m.a(irq_manage.c.obj)
                0x0000000008001ffc                arm_irq_enable
 .text.arm_irq_priority_set
                0x0000000008002018       0x2c zephyr/arch/arch/arm/core/cortex_m/libarch__arm__core__cortex_m.a(irq_manage.c.obj)
                0x0000000008002018                arm_irq_priority_set
 .text.relocate_vector_table
                0x0000000008002044       0x1c zephyr/arch/arch/arm/core/cortex_m/libarch__arm__core__cortex_m.a(prep_c.c.obj)
                0x0000000008002044                relocate_vector_table
 .text.z_prep_c
                0x0000000008002060       0x3c zephyr/arch/arch/arm/core/cortex_m/libarch__arm__core__cortex_m.a(prep_c.c.obj)
                0x0000000008002060                z_prep_c
 .text.arch_new_thread
                0x000000000800209c       0x2c zephyr/arch/arch/arm/core/cortex_m/libarch__arm__core__cortex_m.a(thread.c.obj)
                0x000000000800209c                arch_new_thread
 .text.z_check_thread_stack_fail
                0x00000000080020c8       0x2c zephyr/arch/arch/arm/core/cortex_m/libarch__arm__core__cortex_m.a(thread.c.obj)
                0x00000000080020c8                z_check_thread_stack_fail
 .text.arch_switch_to_main_thread
                0x00000000080020f4       0x3c zephyr/arch/arch/arm/core/cortex_m/libarch__arm__core__cortex_m.a(thread.c.obj)
                0x00000000080020f4                arch_switch_to_main_thread
 .text.z_arm_cpu_idle_init
                0x0000000008002130        0xc zephyr/arch/arch/arm/core/cortex_m/libarch__arm__core__cortex_m.a(cpu_idle.c.obj)
                0x0000000008002130                z_arm_cpu_idle_init
 .text.z_arm_interrupt_init
                0x000000000800213c       0x18 zephyr/arch/arch/arm/core/cortex_m/libarch__arm__core__cortex_m.a(irq_init.c.obj)
                0x000000000800213c                z_arm_interrupt_init
 .text._isr_wrapper
                0x0000000008002154       0x24 zephyr/arch/arch/arm/core/cortex_m/libarch__arm__core__cortex_m.a(isr_wrapper.c.obj)
                0x0000000008002154                _isr_wrapper
 .text.arch_dcache_enable
                0x0000000008002178       0x5c zephyr/arch/arch/arm/core/cortex_m/libarch__arm__core__cortex_m.a(cache.c.obj)
                0x0000000008002178                arch_dcache_enable
 .text.arch_dcache_flush_range
                0x00000000080021d4       0x30 zephyr/arch/arch/arm/core/cortex_m/libarch__arm__core__cortex_m.a(cache.c.obj)
                0x00000000080021d4                arch_dcache_flush_range
 .text.arch_dcache_invd_range
                0x0000000008002204       0x30 zephyr/arch/arch/arm/core/cortex_m/libarch__arm__core__cortex_m.a(cache.c.obj)
                0x0000000008002204                arch_dcache_invd_range
 .text.arch_icache_enable
                0x0000000008002234       0x34 zephyr/arch/arch/arm/core/cortex_m/libarch__arm__core__cortex_m.a(cache.c.obj)
                0x0000000008002234                arch_icache_enable
 .text.z_arm_configure_static_mpu_regions
                0x0000000008002268       0x18 zephyr/arch/arch/arm/core/mpu/libarch__arm__core__mpu.a(arm_core_mpu.c.obj)
                0x0000000008002268                z_arm_configure_static_mpu_regions
 .text.z_arm_configure_dynamic_mpu_regions
                0x0000000008002280       0x20 zephyr/arch/arch/arm/core/mpu/libarch__arm__core__mpu.a(arm_core_mpu.c.obj)
                0x0000000008002280                z_arm_configure_dynamic_mpu_regions
 .text.region_allocate_and_init
                0x00000000080022a0       0x54 zephyr/arch/arch/arm/core/mpu/libarch__arm__core__mpu.a(arm_mpu.c.obj)
 .text.mpu_configure_regions
                0x00000000080022f4       0x68 zephyr/arch/arch/arm/core/mpu/libarch__arm__core__mpu.a(arm_mpu.c.obj)
 .text.arm_core_mpu_enable
                0x000000000800235c       0x18 zephyr/arch/arch/arm/core/mpu/libarch__arm__core__mpu.a(arm_mpu.c.obj)
                0x000000000800235c                arm_core_mpu_enable
 .text.arm_core_mpu_disable
                0x0000000008002374       0x14 zephyr/arch/arch/arm/core/mpu/libarch__arm__core__mpu.a(arm_mpu.c.obj)
                0x0000000008002374                arm_core_mpu_disable
 .text.arm_core_mpu_configure_static_mpu_regions
                0x0000000008002388       0x14 zephyr/arch/arch/arm/core/mpu/libarch__arm__core__mpu.a(arm_mpu.c.obj)
                0x0000000008002388                arm_core_mpu_configure_static_mpu_regions
 .text.arm_core_mpu_configure_dynamic_mpu_regions
                0x000000000800239c       0x38 zephyr/arch/arch/arm/core/mpu/libarch__arm__core__mpu.a(arm_mpu.c.obj)
                0x000000000800239c                arm_core_mpu_configure_dynamic_mpu_regions
 .text.z_arm_mpu_init
                0x00000000080023d4      0x17c zephyr/arch/arch/arm/core/mpu/libarch__arm__core__mpu.a(arm_mpu.c.obj)
                0x00000000080023d4                z_arm_mpu_init
 .text.cbvprintf
                0x0000000008002550       0x38 zephyr/lib/libc/picolibc/liblib__libc__picolibc.a(cbprintf.c.obj)
                0x0000000008002550                cbvprintf
 .text.z_impl_zephyr_fputc
                0x0000000008002588       0x10 zephyr/lib/libc/picolibc/liblib__libc__picolibc.a(stdio.c.obj)
                0x0000000008002588                z_impl_zephyr_fputc
 .text.__stdout_hook_install
                0x0000000008002598       0x18 zephyr/lib/libc/picolibc/liblib__libc__picolibc.a(stdio.c.obj)
                0x0000000008002598                __stdout_hook_install
 .text.malloc_prepare
                0x00000000080025b0       0x24 zephyr/lib/libc/common/liblib__libc__common.a(malloc.c.obj)
 .text.stm32_fill_irq_table
                0x00000000080025d4       0x18 zephyr/drivers/interrupt_controller/libdrivers__interrupt_controller.a(intc_gpio_stm32.c.obj)
 .text.stm32_intc_gpio_isr
                0x00000000080025ec       0x54 zephyr/drivers/interrupt_controller/libdrivers__interrupt_controller.a(intc_gpio_stm32.c.obj)
 .text.stm32_gpio_intc_enable_line
                0x0000000008002640       0x30 zephyr/drivers/interrupt_controller/libdrivers__interrupt_controller.a(intc_gpio_stm32.c.obj)
                0x0000000008002640                stm32_gpio_intc_enable_line
 .text.stm32_gpio_intc_set_irq_callback
                0x0000000008002670       0x40 zephyr/drivers/interrupt_controller/libdrivers__interrupt_controller.a(intc_gpio_stm32.c.obj)
                0x0000000008002670                stm32_gpio_intc_set_irq_callback
 .text.stm32_gpio_intc_remove_irq_callback
                0x00000000080026b0       0x24 zephyr/drivers/interrupt_controller/libdrivers__interrupt_controller.a(intc_gpio_stm32.c.obj)
                0x00000000080026b0                stm32_gpio_intc_remove_irq_callback
 .text.stm32_exti_get_line_src_port
                0x00000000080026d4       0x38 zephyr/drivers/interrupt_controller/libdrivers__interrupt_controller.a(intc_gpio_stm32.c.obj)
                0x00000000080026d4                stm32_exti_get_line_src_port
 .text.stm32_exti_init
                0x000000000800270c       0x48 zephyr/drivers/interrupt_controller/libdrivers__interrupt_controller.a(intc_exti_stm32.c.obj)
 .text.stm32_exti_is_pending
                0x0000000008002754       0x4c zephyr/drivers/interrupt_controller/libdrivers__interrupt_controller.a(intc_exti_stm32.c.obj)
                0x0000000008002754                stm32_exti_is_pending
 .text.stm32_exti_clear_pending
                0x00000000080027a0       0x48 zephyr/drivers/interrupt_controller/libdrivers__interrupt_controller.a(intc_exti_stm32.c.obj)
                0x00000000080027a0                stm32_exti_clear_pending
 .text.get_hclk_frequency
                0x00000000080027e8       0x28 zephyr/drivers/clock_control/libdrivers__clock_control.a(clock_stm32_ll_h7.c.obj)
 .text.stm32_clock_control_get_subsys_rate
                0x0000000008002810       0xe8 zephyr/drivers/clock_control/libdrivers__clock_control.a(clock_stm32_ll_h7.c.obj)
 .text.stm32_clock_control_init
                0x00000000080028f8      0x280 zephyr/drivers/clock_control/libdrivers__clock_control.a(clock_stm32_ll_h7.c.obj)
                0x00000000080028f8                stm32_clock_control_init
 .text.uart_console_init
                0x0000000008002b78       0x28 zephyr/drivers/console/libdrivers__console.a(uart_console.c.obj)
 .text.console_out
                0x0000000008002ba0       0x28 zephyr/drivers/console/libdrivers__console.a(uart_console.c.obj)
 .text.dma_stm32_get_status
                0x0000000008002bc8       0x44 zephyr/drivers/dma/libdrivers__dma.a(dma_stm32.c.obj)
                0x0000000008002bc8                dma_stm32_get_status
 .text.dma_stm32_stop
                0x0000000008002c0c       0x78 zephyr/drivers/dma/libdrivers__dma.a(dma_stm32.c.obj)
                0x0000000008002c0c                dma_stm32_stop
 .text.dma_stm32_reload
                0x0000000008002c84       0xf4 zephyr/drivers/dma/libdrivers__dma.a(dma_stm32.c.obj)
                0x0000000008002c84                dma_stm32_reload
 .text.dma_stm32_init
                0x0000000008002d78       0x8c zephyr/drivers/dma/libdrivers__dma.a(dma_stm32.c.obj)
 .text.dma_stm32_irq_handler
                0x0000000008002e04       0xbc zephyr/drivers/dma/libdrivers__dma.a(dma_stm32.c.obj)
 .text.dma_stm32_configure
                0x0000000008002ec0      0x3a4 zephyr/drivers/dma/libdrivers__dma.a(dma_stm32.c.obj)
                0x0000000008002ec0                dma_stm32_configure
 .text.dma_stm32_id_to_stream
                0x0000000008003264        0xc zephyr/drivers/dma/libdrivers__dma.a(dma_stm32_v1.c.obj)
                0x0000000008003264                dma_stm32_id_to_stream
 .text.dma_stm32_clear_ht
                0x0000000008003270        0xc zephyr/drivers/dma/libdrivers__dma.a(dma_stm32_v1.c.obj)
                0x0000000008003270                dma_stm32_clear_ht
 .text.dma_stm32_clear_tc
                0x000000000800327c        0xc zephyr/drivers/dma/libdrivers__dma.a(dma_stm32_v1.c.obj)
                0x000000000800327c                dma_stm32_clear_tc
 .text.dma_stm32_is_ht_active
                0x0000000008003288       0x18 zephyr/drivers/dma/libdrivers__dma.a(dma_stm32_v1.c.obj)
                0x0000000008003288                dma_stm32_is_ht_active
 .text.dma_stm32_is_tc_active
                0x00000000080032a0       0x18 zephyr/drivers/dma/libdrivers__dma.a(dma_stm32_v1.c.obj)
                0x00000000080032a0                dma_stm32_is_tc_active
 .text.dma_stm32_clear_te
                0x00000000080032b8        0xc zephyr/drivers/dma/libdrivers__dma.a(dma_stm32_v1.c.obj)
                0x00000000080032b8                dma_stm32_clear_te
 .text.dma_stm32_clear_dme
                0x00000000080032c4        0xc zephyr/drivers/dma/libdrivers__dma.a(dma_stm32_v1.c.obj)
                0x00000000080032c4                dma_stm32_clear_dme
 .text.dma_stm32_clear_fe
                0x00000000080032d0        0xc zephyr/drivers/dma/libdrivers__dma.a(dma_stm32_v1.c.obj)
                0x00000000080032d0                dma_stm32_clear_fe
 .text.dma_stm32_is_te_active
                0x00000000080032dc       0x18 zephyr/drivers/dma/libdrivers__dma.a(dma_stm32_v1.c.obj)
                0x00000000080032dc                dma_stm32_is_te_active
 .text.dma_stm32_is_dme_active
                0x00000000080032f4       0x18 zephyr/drivers/dma/libdrivers__dma.a(dma_stm32_v1.c.obj)
                0x00000000080032f4                dma_stm32_is_dme_active
 .text.dma_stm32_is_fe_active
                0x000000000800330c       0x18 zephyr/drivers/dma/libdrivers__dma.a(dma_stm32_v1.c.obj)
                0x000000000800330c                dma_stm32_is_fe_active
 .text.stm32_dma_dump_stream_irq
                0x0000000008003324       0x68 zephyr/drivers/dma/libdrivers__dma.a(dma_stm32_v1.c.obj)
                0x0000000008003324                stm32_dma_dump_stream_irq
 .text.stm32_dma_is_tc_irq_active
                0x000000000800338c       0x2c zephyr/drivers/dma/libdrivers__dma.a(dma_stm32_v1.c.obj)
                0x000000000800338c                stm32_dma_is_tc_irq_active
 .text.stm32_dma_is_ht_irq_active
                0x00000000080033b8       0x2c zephyr/drivers/dma/libdrivers__dma.a(dma_stm32_v1.c.obj)
                0x00000000080033b8                stm32_dma_is_ht_irq_active
 .text.stm32_dma_is_unexpected_irq_happened
                0x00000000080033e4       0x54 zephyr/drivers/dma/libdrivers__dma.a(dma_stm32_v1.c.obj)
                0x00000000080033e4                stm32_dma_is_unexpected_irq_happened
 .text.stm32_dma_enable_stream
                0x0000000008003438       0x1c zephyr/drivers/dma/libdrivers__dma.a(dma_stm32_v1.c.obj)
                0x0000000008003438                stm32_dma_enable_stream
 .text.stm32_dma_is_enabled_stream
                0x0000000008003454       0x1c zephyr/drivers/dma/libdrivers__dma.a(dma_stm32_v1.c.obj)
                0x0000000008003454                stm32_dma_is_enabled_stream
 .text.stm32_dma_disable_stream
                0x0000000008003470       0x34 zephyr/drivers/dma/libdrivers__dma.a(dma_stm32_v1.c.obj)
                0x0000000008003470                stm32_dma_disable_stream
 .text.stm32_dma_disable_fifo_irq
                0x00000000080034a4       0x20 zephyr/drivers/dma/libdrivers__dma.a(dma_stm32_v1.c.obj)
                0x00000000080034a4                stm32_dma_disable_fifo_irq
 .text.stm32_dma_get_mburst
                0x00000000080034c4       0x44 zephyr/drivers/dma/libdrivers__dma.a(dma_stm32_v1.c.obj)
                0x00000000080034c4                stm32_dma_get_mburst
 .text.stm32_dma_get_pburst
                0x0000000008003508       0x44 zephyr/drivers/dma/libdrivers__dma.a(dma_stm32_v1.c.obj)
                0x0000000008003508                stm32_dma_get_pburst
 .text.stm32_dma_get_fifo_threshold
                0x000000000800354c       0x30 zephyr/drivers/dma/libdrivers__dma.a(dma_stm32_v1.c.obj)
                0x000000000800354c                stm32_dma_get_fifo_threshold
 .text.dmamux_stm32_get_status
                0x000000000800357c       0x58 zephyr/drivers/dma/libdrivers__dma.a(dmamux_stm32.c.obj)
                0x000000000800357c                dmamux_stm32_get_status
 .text.dmamux_stm32_reload
                0x00000000080035d4       0x5c zephyr/drivers/dma/libdrivers__dma.a(dmamux_stm32.c.obj)
                0x00000000080035d4                dmamux_stm32_reload
 .text.dmamux_stm32_stop
                0x0000000008003630       0x58 zephyr/drivers/dma/libdrivers__dma.a(dmamux_stm32.c.obj)
                0x0000000008003630                dmamux_stm32_stop
 .text.dmamux_stm32_start
                0x0000000008003688       0x58 zephyr/drivers/dma/libdrivers__dma.a(dmamux_stm32.c.obj)
                0x0000000008003688                dmamux_stm32_start
 .text.dmamux_stm32_configure
                0x00000000080036e0       0x84 zephyr/drivers/dma/libdrivers__dma.a(dmamux_stm32.c.obj)
                0x00000000080036e0                dmamux_stm32_configure
 .text.dmamux_stm32_init
                0x0000000008003764       0x70 zephyr/drivers/dma/libdrivers__dma.a(dmamux_stm32.c.obj)
 .text.gpio_stm32_pin_interrupt_configure
                0x00000000080037d4       0xb0 zephyr/drivers/gpio/libdrivers__gpio.a(gpio_stm32.c.obj)
 .text.gpio_stm32_init
                0x0000000008003884       0x38 zephyr/drivers/gpio/libdrivers__gpio.a(gpio_stm32.c.obj)
 .text.i2s_stm32_isr
                0x00000000080038bc       0x48 zephyr/drivers/i2s/libdrivers__i2s.a(i2s_ll_stm32.c.obj)
 .text.tx_stream_disable
                0x0000000008003904       0x70 zephyr/drivers/i2s/libdrivers__i2s.a(i2s_ll_stm32.c.obj)
 .text.rx_stream_start
                0x0000000008003974       0xd8 zephyr/drivers/i2s/libdrivers__i2s.a(i2s_ll_stm32.c.obj)
 .text.rx_stream_disable
                0x0000000008003a4c       0x68 zephyr/drivers/i2s/libdrivers__i2s.a(i2s_ll_stm32.c.obj)
 .text.i2s_stm32_configure
                0x0000000008003ab4      0x228 zephyr/drivers/i2s/libdrivers__i2s.a(i2s_ll_stm32.c.obj)
 .text.i2s_stm32_trigger
                0x0000000008003cdc      0x180 zephyr/drivers/i2s/libdrivers__i2s.a(i2s_ll_stm32.c.obj)
 .text.tx_stream_start
                0x0000000008003e5c       0xdc zephyr/drivers/i2s/libdrivers__i2s.a(i2s_ll_stm32.c.obj)
 .text.dma_rx_callback
                0x0000000008003f38       0x84 zephyr/drivers/i2s/libdrivers__i2s.a(i2s_ll_stm32.c.obj)
 .text.dma_tx_callback
                0x0000000008003fbc       0xc0 zephyr/drivers/i2s/libdrivers__i2s.a(i2s_ll_stm32.c.obj)
 .text.i2s_stm32_initialize
                0x000000000800407c      0x1a4 zephyr/drivers/i2s/libdrivers__i2s.a(i2s_ll_stm32.c.obj)
 .text.pinctrl_configure_pins
                0x0000000008004220       0x84 zephyr/drivers/pinctrl/libdrivers__pinctrl.a(pinctrl_stm32.c.obj)
                0x0000000008004220                pinctrl_configure_pins
 .text.uart_stm32_cfg2ll_stopbits
                0x00000000080042a4       0x38 zephyr/drivers/serial/libdrivers__serial.a(uart_stm32.c.obj)
 .text.lpuartdiv_calc
                0x00000000080042dc       0x30 zephyr/drivers/serial/libdrivers__serial.a(uart_stm32.c.obj)
                0x00000000080042dc                lpuartdiv_calc
 .text.uart_stm32_set_baudrate
                0x000000000800430c      0x108 zephyr/drivers/serial/libdrivers__serial.a(uart_stm32.c.obj)
 .text.uart_stm32_configure
                0x0000000008004414      0x12c zephyr/drivers/serial/libdrivers__serial.a(uart_stm32.c.obj)
 .text.uart_stm32_init
                0x0000000008004540      0x1f4 zephyr/drivers/serial/libdrivers__serial.a(uart_stm32.c.obj)
 .text.spi_stm32_init
                0x0000000008004734      0x158 zephyr/drivers/spi/libdrivers__spi.a(spi_ll_stm32.c.obj)
 .text.spi_stm32_transceive
                0x000000000800488c      0x718 zephyr/drivers/spi/libdrivers__spi.a(spi_ll_stm32.c.obj)
 .text.elapsed  0x0000000008004fa4       0x4c zephyr/drivers/timer/libdrivers__timer.a(cortex_m_systick.c.obj)
 .text.sys_clock_driver_init
                0x0000000008004ff0       0x38 zephyr/drivers/timer/libdrivers__timer.a(cortex_m_systick.c.obj)
 .text.sys_clock_isr
                0x0000000008005028       0x60 zephyr/drivers/timer/libdrivers__timer.a(cortex_m_systick.c.obj)
                0x0000000008005028                sys_clock_isr
 .text.sys_clock_set_timeout
                0x0000000008005088       0xfc zephyr/drivers/timer/libdrivers__timer.a(cortex_m_systick.c.obj)
                0x0000000008005088                sys_clock_set_timeout
 .text.sys_clock_elapsed
                0x0000000008005184       0x3c zephyr/drivers/timer/libdrivers__timer.a(cortex_m_systick.c.obj)
                0x0000000008005184                sys_clock_elapsed
 .text.sys_clock_cycle_get_32
                0x00000000080051c0       0x28 zephyr/drivers/timer/libdrivers__timer.a(cortex_m_systick.c.obj)
                0x00000000080051c0                sys_clock_cycle_get_32
 .text.LL_DMA_Init
                0x00000000080051e8       0xa4 modules/hal_stm32/stm32cube/lib..__modules__hal__stm32__stm32cube.a(stm32h7xx_ll_dma.c.obj)
                0x00000000080051e8                LL_DMA_Init
 .text.LL_SetFlashLatency
                0x000000000800528c      0x198 modules/hal_stm32/stm32cube/lib..__modules__hal__stm32__stm32cube.a(stm32h7xx_ll_utils.c.obj)
                0x000000000800528c                LL_SetFlashLatency
 .text.k_sys_fatal_error_handler
                0x0000000008005424       0x20 zephyr/kernel/libkernel.a(fatal.c.obj)
                0x0000000008005424                k_sys_fatal_error_handler
 .text.z_fatal_error
                0x0000000008005444       0xe8 zephyr/kernel/libkernel.a(fatal.c.obj)
                0x0000000008005444                z_fatal_error
 .text.z_sys_init_run_level
                0x000000000800552c       0x30 zephyr/kernel/libkernel.a(init.c.obj)
 .text.bg_thread_main
                0x000000000800555c       0xc0 zephyr/kernel/libkernel.a(init.c.obj)
 .text.z_bss_zero
                0x000000000800561c       0x2c zephyr/kernel/libkernel.a(init.c.obj)
                0x000000000800561c                z_bss_zero
 .text.z_init_cpu
                0x0000000008005648       0x70 zephyr/kernel/libkernel.a(init.c.obj)
                0x0000000008005648                z_init_cpu
 .text.z_cstart
                0x00000000080056b8       0xcc zephyr/kernel/libkernel.a(init.c.obj)
                0x00000000080056b8                z_cstart
 .text.init_mem_slab_obj_core_list
                0x0000000008005784       0x24 zephyr/kernel/libkernel.a(mem_slab.c.obj)
 .text.k_mem_slab_alloc
                0x00000000080057a8       0x5c zephyr/kernel/libkernel.a(mem_slab.c.obj)
                0x00000000080057a8                k_mem_slab_alloc
 .text.put_msg_in_queue
                0x0000000008005804       0xd0 zephyr/kernel/libkernel.a(msg_q.c.obj)
 .text.z_impl_k_msgq_get
                0x00000000080058d4       0xc4 zephyr/kernel/libkernel.a(msg_q.c.obj)
                0x00000000080058d4                z_impl_k_msgq_get
 .text.z_impl_k_sem_give
                0x0000000008005998       0x68 zephyr/kernel/libkernel.a(sem.c.obj)
                0x0000000008005998                z_impl_k_sem_give
 .text.z_impl_k_sem_take
                0x0000000008005a00       0x4c zephyr/kernel/libkernel.a(sem.c.obj)
                0x0000000008005a00                z_impl_k_sem_take
 .text.z_setup_new_thread
                0x0000000008005a4c       0x9c zephyr/kernel/libkernel.a(thread.c.obj)
                0x0000000008005a4c                z_setup_new_thread
 .text.z_impl_k_thread_create
                0x0000000008005ae8       0x58 zephyr/kernel/libkernel.a(thread.c.obj)
                0x0000000008005ae8                z_impl_k_thread_create
 .text.z_dummy_thread_init
                0x0000000008005b40       0x20 zephyr/kernel/libkernel.a(thread.c.obj)
                0x0000000008005b40                z_dummy_thread_init
 .text.z_swap_irqlock
                0x0000000008005b60       0x30 zephyr/kernel/libkernel.a(sched.c.obj)
 .text.ready_thread
                0x0000000008005b90       0x84 zephyr/kernel/libkernel.a(sched.c.obj)
 .text.unready_thread
                0x0000000008005c14       0x54 zephyr/kernel/libkernel.a(sched.c.obj)
 .text.add_thread_timeout
                0x0000000008005c68       0x1c zephyr/kernel/libkernel.a(sched.c.obj)
 .text.move_thread_to_end_of_prio_q
                0x0000000008005c84       0x90 zephyr/kernel/libkernel.a(sched.c.obj)
                0x0000000008005c84                move_thread_to_end_of_prio_q
 .text.z_pend_curr
                0x0000000008005d14       0x44 zephyr/kernel/libkernel.a(sched.c.obj)
                0x0000000008005d14                z_pend_curr
 .text.z_reschedule
                0x0000000008005d58       0x24 zephyr/kernel/libkernel.a(sched.c.obj)
                0x0000000008005d58                z_reschedule
 .text.z_reschedule_irqlock
                0x0000000008005d7c       0x28 zephyr/kernel/libkernel.a(sched.c.obj)
                0x0000000008005d7c                z_reschedule_irqlock
 .text.k_sched_lock
                0x0000000008005da4       0x28 zephyr/kernel/libkernel.a(sched.c.obj)
                0x0000000008005da4                k_sched_lock
 .text.k_sched_unlock
                0x0000000008005dcc       0x68 zephyr/kernel/libkernel.a(sched.c.obj)
                0x0000000008005dcc                k_sched_unlock
 .text.z_sched_init
                0x0000000008005e34       0x10 zephyr/kernel/libkernel.a(sched.c.obj)
                0x0000000008005e34                z_sched_init
 .text.z_impl_k_yield
                0x0000000008005e44       0x88 zephyr/kernel/libkernel.a(sched.c.obj)
                0x0000000008005e44                z_impl_k_yield
 .text.z_tick_sleep
                0x0000000008005ecc       0x78 zephyr/kernel/libkernel.a(sched.c.obj)
 .text.z_impl_k_wakeup
                0x0000000008005f44       0x48 zephyr/kernel/libkernel.a(sched.c.obj)
                0x0000000008005f44                z_impl_k_wakeup
 .text.z_impl_k_sched_current_thread_query
                0x0000000008005f8c        0xc zephyr/kernel/libkernel.a(sched.c.obj)
                0x0000000008005f8c                z_impl_k_sched_current_thread_query
 .text.z_thread_abort
                0x0000000008005f98      0x140 zephyr/kernel/libkernel.a(sched.c.obj)
                0x0000000008005f98                z_thread_abort
 .text.slice_timeout
                0x00000000080060d8       0x20 zephyr/kernel/libkernel.a(timeslicing.c.obj)
 .text.thread_is_sliceable
                0x00000000080060f8       0x3c zephyr/kernel/libkernel.a(timeslicing.c.obj)
                0x00000000080060f8                thread_is_sliceable
 .text.z_reset_time_slice
                0x0000000008006134       0x50 zephyr/kernel/libkernel.a(timeslicing.c.obj)
                0x0000000008006134                z_reset_time_slice
 .text.z_time_slice
                0x0000000008006184       0x60 zephyr/kernel/libkernel.a(timeslicing.c.obj)
                0x0000000008006184                z_time_slice
 .text.z_data_copy
                0x00000000080061e4       0x50 zephyr/kernel/libkernel.a(xip.c.obj)
                0x00000000080061e4                z_data_copy
 .text.first    0x0000000008006234       0x10 zephyr/kernel/libkernel.a(timeout.c.obj)
 .text.elapsed  0x0000000008006244       0x14 zephyr/kernel/libkernel.a(timeout.c.obj)
 .text.remove_timeout
                0x0000000008006258       0x38 zephyr/kernel/libkernel.a(timeout.c.obj)
 .text.z_add_timeout
                0x0000000008006290      0x120 zephyr/kernel/libkernel.a(timeout.c.obj)
                0x0000000008006290                z_add_timeout
 .text.sys_clock_announce
                0x00000000080063b0       0xc0 zephyr/kernel/libkernel.a(timeout.c.obj)
                0x00000000080063b0                sys_clock_announce
 .text.sys_clock_tick_get
                0x0000000008006470       0x30 zephyr/kernel/libkernel.a(timeout.c.obj)
                0x0000000008006470                sys_clock_tick_get
 .text.z_timer_expiration_handler
                0x00000000080064a0      0x110 zephyr/kernel/libkernel.a(timer.c.obj)
                0x00000000080064a0                z_timer_expiration_handler
 .text.z_impl_k_timer_start
                0x00000000080065b0       0x70 zephyr/kernel/libkernel.a(timer.c.obj)
                0x00000000080065b0                z_impl_k_timer_start
 .text.k_thread_system_pool_assign
                0x0000000008006620        0xc zephyr/kernel/libkernel.a(mempool.c.obj)
                0x0000000008006620                k_thread_system_pool_assign
 .text.boot_banner
                0x000000000800662c        0xc zephyr/kernel/libkernel.a(banner.c.obj)
                0x000000000800662c                boot_banner
 .text.statics_init
                0x0000000008006638       0x24 zephyr/kernel/libkernel.a(kheap.c.obj)
 .text.snprintf
                0x000000000800665c       0x54 c:\zephyr-sdk\zephyr\zephyr-sdk-0.17.3\arm-zephyr-eabi\bin\../lib/gcc/../../picolibc/arm-zephyr-eabi/lib/thumb/v7e-m/nofp\libc.a(libc_tinystdio_snprintf.c.o)
                0x000000000800665c                snprintf
 .text.__l_vfprintf
                0x00000000080066b0      0x4b8 c:\zephyr-sdk\zephyr\zephyr-sdk-0.17.3\arm-zephyr-eabi\bin\../lib/gcc/../../picolibc/arm-zephyr-eabi/lib/thumb/v7e-m/nofp\libc.a(libc_tinystdio_vflprintf.c.o)
                0x00000000080066b0                __l_vfprintf
 .text._OffsetAbsSyms
                0x0000000008006b68        0x2 zephyr/CMakeFiles/offsets.dir/./arch/arm/core/offsets/offsets.c.obj
                0x0000000008006b68                _OffsetAbsSyms
 .text.chunk_field
                0x0000000008006b6a       0x16 zephyr/libzephyr.a(heap.c.obj)
 .text.chunk_set
                0x0000000008006b80       0x16 zephyr/libzephyr.a(heap.c.obj)
 .text.chunk_size
                0x0000000008006b96        0xc zephyr/libzephyr.a(heap.c.obj)
 .text.set_chunk_used
                0x0000000008006ba2       0x30 zephyr/libzephyr.a(heap.c.obj)
 .text.set_chunk_size
                0x0000000008006bd2        0x8 zephyr/libzephyr.a(heap.c.obj)
 .text.bucket_idx.isra.0
                0x0000000008006bda       0x1e zephyr/libzephyr.a(heap.c.obj)
 .text.free_list_add
                0x0000000008006bf8       0x84 zephyr/libzephyr.a(heap.c.obj)
 .text.sys_heap_init
                0x0000000008006c7c       0xb0 zephyr/libzephyr.a(heap.c.obj)
                0x0000000008006c7c                sys_heap_init
 .text.cbpprintf_external
                0x0000000008006d2c       0x62 zephyr/libzephyr.a(cbprintf_packaged.c.obj)
                0x0000000008006d2c                cbpprintf_external
 .text.is_ptr   0x0000000008006d8e       0x4a zephyr/libzephyr.a(cbprintf_packaged.c.obj)
                0x0000000008006d8e                is_ptr
 .text.arch_printk_char_out
                0x0000000008006dd8        0x4 zephyr/libzephyr.a(printk.c.obj)
                0x0000000008006dd8                arch_printk_char_out
 .text.printk   0x0000000008006ddc       0x1a zephyr/libzephyr.a(printk.c.obj)
                0x0000000008006ddc                printk
 .text.free_space
                0x0000000008006df6       0x26 zephyr/libzephyr.a(mpsc_pbuf.c.obj)
 .text.get_usage
                0x0000000008006e1c       0x22 zephyr/libzephyr.a(mpsc_pbuf.c.obj)
 .text.idx_inc  0x0000000008006e3e       0x1c zephyr/libzephyr.a(mpsc_pbuf.c.obj)
 .text.rd_idx_inc
                0x0000000008006e5a       0x18 zephyr/libzephyr.a(mpsc_pbuf.c.obj)
 .text.add_skip_item
                0x0000000008006e72       0x3a zephyr/libzephyr.a(mpsc_pbuf.c.obj)
 .text.drop_item_locked
                0x0000000008006eac      0x100 zephyr/libzephyr.a(mpsc_pbuf.c.obj)
 .text.post_drop_action
                0x0000000008006fac       0x36 zephyr/libzephyr.a(mpsc_pbuf.c.obj)
 .text.max_utilization_update
                0x0000000008006fe2       0x1a zephyr/libzephyr.a(mpsc_pbuf.c.obj)
 .text.mpsc_pbuf_init
                0x0000000008006ffc       0x42 zephyr/libzephyr.a(mpsc_pbuf.c.obj)
                0x0000000008006ffc                mpsc_pbuf_init
 .text.mpsc_pbuf_alloc
                0x000000000800703e       0xfe zephyr/libzephyr.a(mpsc_pbuf.c.obj)
                0x000000000800703e                mpsc_pbuf_alloc
 .text.mpsc_pbuf_commit
                0x000000000800713c       0x3e zephyr/libzephyr.a(mpsc_pbuf.c.obj)
                0x000000000800713c                mpsc_pbuf_commit
 .text.mpsc_pbuf_claim
                0x000000000800717a       0xa8 zephyr/libzephyr.a(mpsc_pbuf.c.obj)
                0x000000000800717a                mpsc_pbuf_claim
 .text.mpsc_pbuf_free
                0x0000000008007222       0x76 zephyr/libzephyr.a(mpsc_pbuf.c.obj)
                0x0000000008007222                mpsc_pbuf_free
 .text.mpsc_pbuf_is_pending
                0x0000000008007298       0x32 zephyr/libzephyr.a(mpsc_pbuf.c.obj)
                0x0000000008007298                mpsc_pbuf_is_pending
 .text._ConfigAbsSyms
                0x00000000080072ca        0x2 zephyr/libzephyr.a(configs.c.obj)
                0x00000000080072ca                _ConfigAbsSyms
 .text.log_msg_generic_get_wlen
                0x00000000080072cc       0x20 zephyr/libzephyr.a(log_core.c.obj)
 .text.dummy_timestamp
                0x00000000080072ec        0x4 zephyr/libzephyr.a(log_core.c.obj)
 .text.atomic_inc
                0x00000000080072f0       0x1a zephyr/libzephyr.a(log_core.c.obj)
 .text.default_lf_get_timestamp
                0x000000000800730a       0x10 zephyr/libzephyr.a(log_core.c.obj)
 .text.z_log_vprintk
                0x000000000800731a       0x1c zephyr/libzephyr.a(log_core.c.obj)
                0x000000000800731a                z_log_vprintk
 .text.z_log_notify_drop
                0x0000000008007336        0x6 zephyr/libzephyr.a(log_core.c.obj)
 .text.z_log_get_tag
                0x000000000800733c        0x4 zephyr/libzephyr.a(log_core.c.obj)
                0x000000000800733c                z_log_get_tag
 .text.log_backend_enable
                0x0000000008007340       0x12 zephyr/libzephyr.a(log_mgmt.c.obj)
                0x0000000008007340                log_backend_enable
 .text.z_cbprintf_cpy
                0x0000000008007352       0x2e zephyr/libzephyr.a(log_msg.c.obj)
 .text.z_log_msg_finalize
                0x0000000008007380       0x32 zephyr/libzephyr.a(log_msg.c.obj)
                0x0000000008007380                z_log_msg_finalize
 .text.z_log_msg_simple_create
                0x00000000080073b2       0x6e zephyr/libzephyr.a(log_msg.c.obj)
 .text.z_impl_z_log_msg_simple_create_0
                0x0000000008007420       0x12 zephyr/libzephyr.a(log_msg.c.obj)
                0x0000000008007420                z_impl_z_log_msg_simple_create_0
 .text.z_impl_z_log_msg_simple_create_1
                0x0000000008007432       0x14 zephyr/libzephyr.a(log_msg.c.obj)
                0x0000000008007432                z_impl_z_log_msg_simple_create_1
 .text.log_output_write
                0x0000000008007446       0x1c zephyr/libzephyr.a(log_output.c.obj)
 .text.log_output_flush
                0x0000000008007462       0x1a zephyr/libzephyr.a(log_output.c.obj)
 .text.out_func
                0x000000000800747c       0x36 zephyr/libzephyr.a(log_output.c.obj)
 .text.cr_out_func
                0x00000000080074b2       0x1c zephyr/libzephyr.a(log_output.c.obj)
 .text.log_output_msg_process
                0x00000000080074ce       0x6c zephyr/libzephyr.a(log_output.c.obj)
                0x00000000080074ce                log_output_msg_process
 .text.format_set
                0x000000000800753a        0xc zephyr/libzephyr.a(log_backend_uart.c.obj)
 .text.log_backend_uart_init
                0x0000000008007546        0xc zephyr/libzephyr.a(log_backend_uart.c.obj)
 .text.panic    0x0000000008007552       0x32 zephyr/libzephyr.a(log_backend_uart.c.obj)
 .text.dropped  0x0000000008007584        0xa zephyr/libzephyr.a(log_backend_uart.c.obj)
 .text.process  0x000000000800758e       0x1e zephyr/libzephyr.a(log_backend_uart.c.obj)
 .text.z_do_kernel_oops
                0x00000000080075ac        0x8 zephyr/arch/arch/arm/core/libarch__arm__core.a(fatal.c.obj)
                0x00000000080075ac                z_do_kernel_oops
 .text.z_arm_nmi
                0x00000000080075b4        0xe zephyr/arch/arch/arm/core/libarch__arm__core.a(nmi.c.obj)
                0x00000000080075b4                z_arm_nmi
 .text.z_log_msg_simple_create_0.constprop.0
                0x00000000080075c2        0x8 zephyr/arch/arch/arm/core/cortex_m/libarch__arm__core__cortex_m.a(fault.c.obj)
 .text.z_irq_spurious
                0x00000000080075ca        0x8 zephyr/arch/arch/arm/core/cortex_m/libarch__arm__core__cortex_m.a(irq_manage.c.obj)
                0x00000000080075ca                z_irq_spurious
 .text.arch_coprocessors_disable
                0x00000000080075d2        0x6 zephyr/arch/arch/arm/core/cortex_m/libarch__arm__core__cortex_m.a(thread.c.obj)
                0x00000000080075d2                arch_coprocessors_disable
 .text.arch_irq_unlock_outlined
                0x00000000080075d8        0xe zephyr/arch/arch/arm/core/cortex_m/libarch__arm__core__cortex_m.a(thread.c.obj)
                0x00000000080075d8                arch_irq_unlock_outlined
 .text.arch_cpu_idle
                0x00000000080075e6       0x1a zephyr/arch/arch/arm/core/cortex_m/libarch__arm__core__cortex_m.a(cpu_idle.c.obj)
                0x00000000080075e6                arch_cpu_idle
 .text.arch_cache_init
                0x0000000008007600        0x2 zephyr/arch/arch/arm/core/cortex_m/libarch__arm__core__cortex_m.a(cache.c.obj)
                0x0000000008007600                arch_cache_init
 .text.size_to_mpu_rasr_size
                0x0000000008007602       0x20 zephyr/arch/arch/arm/core/mpu/libarch__arm__core__mpu.a(arm_mpu.c.obj)
 .text.cbputc   0x0000000008007622        0xc zephyr/lib/libc/picolibc/liblib__libc__picolibc.a(cbprintf.c.obj)
 .text.picolibc_put
                0x000000000800762e        0xa zephyr/lib/libc/picolibc/liblib__libc__picolibc.a(stdio.c.obj)
 .text.stm32_exti_gpio_intc_init
                0x0000000008007638       0x92 zephyr/drivers/interrupt_controller/libdrivers__interrupt_controller.a(intc_gpio_stm32.c.obj)
 .text.stm32_gpio_intc_get_pin_irq_line
                0x00000000080076ca        0xa zephyr/drivers/interrupt_controller/libdrivers__interrupt_controller.a(intc_gpio_stm32.c.obj)
                0x00000000080076ca                stm32_gpio_intc_get_pin_irq_line
 .text.stm32_gpio_intc_disable_line
                0x00000000080076d4       0x12 zephyr/drivers/interrupt_controller/libdrivers__interrupt_controller.a(intc_gpio_stm32.c.obj)
                0x00000000080076d4                stm32_gpio_intc_disable_line
 .text.stm32_gpio_intc_select_line_trigger
                0x00000000080076e6       0x52 zephyr/drivers/interrupt_controller/libdrivers__interrupt_controller.a(intc_gpio_stm32.c.obj)
                0x00000000080076e6                stm32_gpio_intc_select_line_trigger
 .text.stm32_exti_set_line_src_port
                0x0000000008007738       0x3c zephyr/drivers/interrupt_controller/libdrivers__interrupt_controller.a(intc_gpio_stm32.c.obj)
                0x0000000008007738                stm32_exti_set_line_src_port
 .text.stm32_clock_control_on
                0x0000000008007774       0x44 zephyr/drivers/clock_control/libdrivers__clock_control.a(clock_stm32_ll_h7.c.obj)
 .text.stm32_clock_control_off
                0x00000000080077b8       0x2e zephyr/drivers/clock_control/libdrivers__clock_control.a(clock_stm32_ll_h7.c.obj)
 .text.enabled_clock
                0x00000000080077e6       0x18 zephyr/drivers/clock_control/libdrivers__clock_control.a(clock_stm32_ll_h7.c.obj)
                0x00000000080077e6                enabled_clock
 .text.stm32_clock_control_configure
                0x00000000080077fe       0x52 zephyr/drivers/clock_control/libdrivers__clock_control.a(clock_stm32_ll_h7.c.obj)
 .text.dma_stm32_config_irq_0
                0x0000000008007850       0x86 zephyr/drivers/dma/libdrivers__dma.a(dma_stm32.c.obj)
 .text.z_log_msg_simple_create_1.constprop.0
                0x00000000080078d6        0xa zephyr/drivers/dma/libdrivers__dma.a(dma_stm32.c.obj)
 .text.dma_stm32_disable_stream
                0x00000000080078e0       0x28 zephyr/drivers/dma/libdrivers__dma.a(dma_stm32.c.obj)
 .text.dma_stm32_clear_stream_irq.isra.0
                0x0000000008007908       0x20 zephyr/drivers/dma/libdrivers__dma.a(dma_stm32.c.obj)
 .text.dma_stm32_start
                0x0000000008007928       0x3e zephyr/drivers/dma/libdrivers__dma.a(dma_stm32.c.obj)
                0x0000000008007928                dma_stm32_start
 .text.dma_stm32_irq_0_0
                0x0000000008007966        0x6 zephyr/drivers/dma/libdrivers__dma.a(dma_stm32.c.obj)
 .text.dma_stm32_irq_0_1
                0x000000000800796c        0x6 zephyr/drivers/dma/libdrivers__dma.a(dma_stm32.c.obj)
 .text.dma_stm32_irq_0_2
                0x0000000008007972        0x6 zephyr/drivers/dma/libdrivers__dma.a(dma_stm32.c.obj)
 .text.dma_stm32_irq_0_3
                0x0000000008007978        0x6 zephyr/drivers/dma/libdrivers__dma.a(dma_stm32.c.obj)
 .text.dma_stm32_irq_0_4
                0x000000000800797e        0x6 zephyr/drivers/dma/libdrivers__dma.a(dma_stm32.c.obj)
 .text.dma_stm32_irq_0_5
                0x0000000008007984        0x6 zephyr/drivers/dma/libdrivers__dma.a(dma_stm32.c.obj)
 .text.dma_stm32_irq_0_6
                0x000000000800798a        0x6 zephyr/drivers/dma/libdrivers__dma.a(dma_stm32.c.obj)
 .text.dma_stm32_irq_0_7
                0x0000000008007990        0x6 zephyr/drivers/dma/libdrivers__dma.a(dma_stm32.c.obj)
 .text.LL_DMA_IsActiveFlag_HT0
                0x0000000008007996        0x8 zephyr/drivers/dma/libdrivers__dma.a(dma_stm32_v1.c.obj)
 .text.LL_DMA_IsActiveFlag_HT1
                0x000000000800799e        0x8 zephyr/drivers/dma/libdrivers__dma.a(dma_stm32_v1.c.obj)
 .text.LL_DMA_IsActiveFlag_HT2
                0x00000000080079a6        0x8 zephyr/drivers/dma/libdrivers__dma.a(dma_stm32_v1.c.obj)
 .text.LL_DMA_IsActiveFlag_HT3
                0x00000000080079ae        0x8 zephyr/drivers/dma/libdrivers__dma.a(dma_stm32_v1.c.obj)
 .text.LL_DMA_IsActiveFlag_HT4
                0x00000000080079b6        0x8 zephyr/drivers/dma/libdrivers__dma.a(dma_stm32_v1.c.obj)
 .text.LL_DMA_IsActiveFlag_HT5
                0x00000000080079be        0x8 zephyr/drivers/dma/libdrivers__dma.a(dma_stm32_v1.c.obj)
 .text.LL_DMA_IsActiveFlag_HT6
                0x00000000080079c6        0x8 zephyr/drivers/dma/libdrivers__dma.a(dma_stm32_v1.c.obj)
 .text.LL_DMA_IsActiveFlag_HT7
                0x00000000080079ce        0x8 zephyr/drivers/dma/libdrivers__dma.a(dma_stm32_v1.c.obj)
 .text.LL_DMA_IsActiveFlag_TC0
                0x00000000080079d6        0x8 zephyr/drivers/dma/libdrivers__dma.a(dma_stm32_v1.c.obj)
 .text.LL_DMA_IsActiveFlag_TC1
                0x00000000080079de        0x8 zephyr/drivers/dma/libdrivers__dma.a(dma_stm32_v1.c.obj)
 .text.LL_DMA_IsActiveFlag_TC2
                0x00000000080079e6        0x8 zephyr/drivers/dma/libdrivers__dma.a(dma_stm32_v1.c.obj)
 .text.LL_DMA_IsActiveFlag_TC3
                0x00000000080079ee        0x8 zephyr/drivers/dma/libdrivers__dma.a(dma_stm32_v1.c.obj)
 .text.LL_DMA_IsActiveFlag_TC4
                0x00000000080079f6        0x8 zephyr/drivers/dma/libdrivers__dma.a(dma_stm32_v1.c.obj)
 .text.LL_DMA_IsActiveFlag_TC5
                0x00000000080079fe        0x8 zephyr/drivers/dma/libdrivers__dma.a(dma_stm32_v1.c.obj)
 .text.LL_DMA_IsActiveFlag_TC6
                0x0000000008007a06        0x8 zephyr/drivers/dma/libdrivers__dma.a(dma_stm32_v1.c.obj)
 .text.LL_DMA_IsActiveFlag_TC7
                0x0000000008007a0e        0x8 zephyr/drivers/dma/libdrivers__dma.a(dma_stm32_v1.c.obj)
 .text.LL_DMA_IsActiveFlag_TE0
                0x0000000008007a16        0x8 zephyr/drivers/dma/libdrivers__dma.a(dma_stm32_v1.c.obj)
 .text.LL_DMA_IsActiveFlag_TE1
                0x0000000008007a1e        0x8 zephyr/drivers/dma/libdrivers__dma.a(dma_stm32_v1.c.obj)
 .text.LL_DMA_IsActiveFlag_TE2
                0x0000000008007a26        0x8 zephyr/drivers/dma/libdrivers__dma.a(dma_stm32_v1.c.obj)
 .text.LL_DMA_IsActiveFlag_TE3
                0x0000000008007a2e        0x8 zephyr/drivers/dma/libdrivers__dma.a(dma_stm32_v1.c.obj)
 .text.LL_DMA_IsActiveFlag_TE4
                0x0000000008007a36        0x8 zephyr/drivers/dma/libdrivers__dma.a(dma_stm32_v1.c.obj)
 .text.LL_DMA_IsActiveFlag_TE5
                0x0000000008007a3e        0x8 zephyr/drivers/dma/libdrivers__dma.a(dma_stm32_v1.c.obj)
 .text.LL_DMA_IsActiveFlag_TE6
                0x0000000008007a46        0x8 zephyr/drivers/dma/libdrivers__dma.a(dma_stm32_v1.c.obj)
 .text.LL_DMA_IsActiveFlag_TE7
                0x0000000008007a4e        0x8 zephyr/drivers/dma/libdrivers__dma.a(dma_stm32_v1.c.obj)
 .text.LL_DMA_IsActiveFlag_DME0
                0x0000000008007a56        0x8 zephyr/drivers/dma/libdrivers__dma.a(dma_stm32_v1.c.obj)
 .text.LL_DMA_IsActiveFlag_DME1
                0x0000000008007a5e        0x8 zephyr/drivers/dma/libdrivers__dma.a(dma_stm32_v1.c.obj)
 .text.LL_DMA_IsActiveFlag_DME2
                0x0000000008007a66        0x8 zephyr/drivers/dma/libdrivers__dma.a(dma_stm32_v1.c.obj)
 .text.LL_DMA_IsActiveFlag_DME3
                0x0000000008007a6e        0x8 zephyr/drivers/dma/libdrivers__dma.a(dma_stm32_v1.c.obj)
 .text.LL_DMA_IsActiveFlag_DME4
                0x0000000008007a76        0x8 zephyr/drivers/dma/libdrivers__dma.a(dma_stm32_v1.c.obj)
 .text.LL_DMA_IsActiveFlag_DME5
                0x0000000008007a7e        0x8 zephyr/drivers/dma/libdrivers__dma.a(dma_stm32_v1.c.obj)
 .text.LL_DMA_IsActiveFlag_DME6
                0x0000000008007a86        0x8 zephyr/drivers/dma/libdrivers__dma.a(dma_stm32_v1.c.obj)
 .text.LL_DMA_IsActiveFlag_DME7
                0x0000000008007a8e        0x8 zephyr/drivers/dma/libdrivers__dma.a(dma_stm32_v1.c.obj)
 .text.LL_DMA_IsActiveFlag_FE0
                0x0000000008007a96        0x8 zephyr/drivers/dma/libdrivers__dma.a(dma_stm32_v1.c.obj)
 .text.LL_DMA_IsActiveFlag_FE1
                0x0000000008007a9e        0x8 zephyr/drivers/dma/libdrivers__dma.a(dma_stm32_v1.c.obj)
 .text.LL_DMA_IsActiveFlag_FE2
                0x0000000008007aa6        0x8 zephyr/drivers/dma/libdrivers__dma.a(dma_stm32_v1.c.obj)
 .text.LL_DMA_IsActiveFlag_FE3
                0x0000000008007aae        0x8 zephyr/drivers/dma/libdrivers__dma.a(dma_stm32_v1.c.obj)
 .text.LL_DMA_IsActiveFlag_FE4
                0x0000000008007ab6        0x8 zephyr/drivers/dma/libdrivers__dma.a(dma_stm32_v1.c.obj)
 .text.LL_DMA_IsActiveFlag_FE5
                0x0000000008007abe        0x8 zephyr/drivers/dma/libdrivers__dma.a(dma_stm32_v1.c.obj)
 .text.LL_DMA_IsActiveFlag_FE6
                0x0000000008007ac6        0x8 zephyr/drivers/dma/libdrivers__dma.a(dma_stm32_v1.c.obj)
 .text.LL_DMA_IsActiveFlag_FE7
                0x0000000008007ace        0x8 zephyr/drivers/dma/libdrivers__dma.a(dma_stm32_v1.c.obj)
 .text.LL_DMA_ClearFlag_HT0
                0x0000000008007ad6        0x6 zephyr/drivers/dma/libdrivers__dma.a(dma_stm32_v1.c.obj)
 .text.LL_DMA_ClearFlag_HT1
                0x0000000008007adc        0x8 zephyr/drivers/dma/libdrivers__dma.a(dma_stm32_v1.c.obj)
 .text.LL_DMA_ClearFlag_HT2
                0x0000000008007ae4        0x8 zephyr/drivers/dma/libdrivers__dma.a(dma_stm32_v1.c.obj)
 .text.LL_DMA_ClearFlag_HT3
                0x0000000008007aec        0x8 zephyr/drivers/dma/libdrivers__dma.a(dma_stm32_v1.c.obj)
 .text.LL_DMA_ClearFlag_HT4
                0x0000000008007af4        0x6 zephyr/drivers/dma/libdrivers__dma.a(dma_stm32_v1.c.obj)
 .text.LL_DMA_ClearFlag_HT5
                0x0000000008007afa        0x8 zephyr/drivers/dma/libdrivers__dma.a(dma_stm32_v1.c.obj)
 .text.LL_DMA_ClearFlag_HT6
                0x0000000008007b02        0x8 zephyr/drivers/dma/libdrivers__dma.a(dma_stm32_v1.c.obj)
 .text.LL_DMA_ClearFlag_HT7
                0x0000000008007b0a        0x8 zephyr/drivers/dma/libdrivers__dma.a(dma_stm32_v1.c.obj)
 .text.LL_DMA_ClearFlag_TC0
                0x0000000008007b12        0x6 zephyr/drivers/dma/libdrivers__dma.a(dma_stm32_v1.c.obj)
 .text.LL_DMA_ClearFlag_TC1
                0x0000000008007b18        0x8 zephyr/drivers/dma/libdrivers__dma.a(dma_stm32_v1.c.obj)
 .text.LL_DMA_ClearFlag_TC2
                0x0000000008007b20        0x8 zephyr/drivers/dma/libdrivers__dma.a(dma_stm32_v1.c.obj)
 .text.LL_DMA_ClearFlag_TC3
                0x0000000008007b28        0x8 zephyr/drivers/dma/libdrivers__dma.a(dma_stm32_v1.c.obj)
 .text.LL_DMA_ClearFlag_TC4
                0x0000000008007b30        0x6 zephyr/drivers/dma/libdrivers__dma.a(dma_stm32_v1.c.obj)
 .text.LL_DMA_ClearFlag_TC5
                0x0000000008007b36        0x8 zephyr/drivers/dma/libdrivers__dma.a(dma_stm32_v1.c.obj)
 .text.LL_DMA_ClearFlag_TC6
                0x0000000008007b3e        0x8 zephyr/drivers/dma/libdrivers__dma.a(dma_stm32_v1.c.obj)
 .text.LL_DMA_ClearFlag_TC7
                0x0000000008007b46        0x8 zephyr/drivers/dma/libdrivers__dma.a(dma_stm32_v1.c.obj)
 .text.LL_DMA_ClearFlag_TE0
                0x0000000008007b4e        0x6 zephyr/drivers/dma/libdrivers__dma.a(dma_stm32_v1.c.obj)
 .text.LL_DMA_ClearFlag_TE1
                0x0000000008007b54        0x8 zephyr/drivers/dma/libdrivers__dma.a(dma_stm32_v1.c.obj)
 .text.LL_DMA_ClearFlag_TE2
                0x0000000008007b5c        0x8 zephyr/drivers/dma/libdrivers__dma.a(dma_stm32_v1.c.obj)
 .text.LL_DMA_ClearFlag_TE3
                0x0000000008007b64        0x8 zephyr/drivers/dma/libdrivers__dma.a(dma_stm32_v1.c.obj)
 .text.LL_DMA_ClearFlag_TE4
                0x0000000008007b6c        0x6 zephyr/drivers/dma/libdrivers__dma.a(dma_stm32_v1.c.obj)
 .text.LL_DMA_ClearFlag_TE5
                0x0000000008007b72        0x8 zephyr/drivers/dma/libdrivers__dma.a(dma_stm32_v1.c.obj)
 .text.LL_DMA_ClearFlag_TE6
                0x0000000008007b7a        0x8 zephyr/drivers/dma/libdrivers__dma.a(dma_stm32_v1.c.obj)
 .text.LL_DMA_ClearFlag_TE7
                0x0000000008007b82        0x8 zephyr/drivers/dma/libdrivers__dma.a(dma_stm32_v1.c.obj)
 .text.LL_DMA_ClearFlag_DME0
                0x0000000008007b8a        0x6 zephyr/drivers/dma/libdrivers__dma.a(dma_stm32_v1.c.obj)
 .text.LL_DMA_ClearFlag_DME1
                0x0000000008007b90        0x8 zephyr/drivers/dma/libdrivers__dma.a(dma_stm32_v1.c.obj)
 .text.LL_DMA_ClearFlag_DME2
                0x0000000008007b98        0x8 zephyr/drivers/dma/libdrivers__dma.a(dma_stm32_v1.c.obj)
 .text.LL_DMA_ClearFlag_DME3
                0x0000000008007ba0        0x8 zephyr/drivers/dma/libdrivers__dma.a(dma_stm32_v1.c.obj)
 .text.LL_DMA_ClearFlag_DME4
                0x0000000008007ba8        0x6 zephyr/drivers/dma/libdrivers__dma.a(dma_stm32_v1.c.obj)
 .text.LL_DMA_ClearFlag_DME5
                0x0000000008007bae        0x8 zephyr/drivers/dma/libdrivers__dma.a(dma_stm32_v1.c.obj)
 .text.LL_DMA_ClearFlag_DME6
                0x0000000008007bb6        0x8 zephyr/drivers/dma/libdrivers__dma.a(dma_stm32_v1.c.obj)
 .text.LL_DMA_ClearFlag_DME7
                0x0000000008007bbe        0x8 zephyr/drivers/dma/libdrivers__dma.a(dma_stm32_v1.c.obj)
 .text.LL_DMA_ClearFlag_FE0
                0x0000000008007bc6        0x6 zephyr/drivers/dma/libdrivers__dma.a(dma_stm32_v1.c.obj)
 .text.LL_DMA_ClearFlag_FE1
                0x0000000008007bcc        0x6 zephyr/drivers/dma/libdrivers__dma.a(dma_stm32_v1.c.obj)
 .text.LL_DMA_ClearFlag_FE2
                0x0000000008007bd2        0x8 zephyr/drivers/dma/libdrivers__dma.a(dma_stm32_v1.c.obj)
 .text.LL_DMA_ClearFlag_FE3
                0x0000000008007bda        0x8 zephyr/drivers/dma/libdrivers__dma.a(dma_stm32_v1.c.obj)
 .text.LL_DMA_ClearFlag_FE4
                0x0000000008007be2        0x6 zephyr/drivers/dma/libdrivers__dma.a(dma_stm32_v1.c.obj)
 .text.LL_DMA_ClearFlag_FE5
                0x0000000008007be8        0x6 zephyr/drivers/dma/libdrivers__dma.a(dma_stm32_v1.c.obj)
 .text.LL_DMA_ClearFlag_FE6
                0x0000000008007bee        0x8 zephyr/drivers/dma/libdrivers__dma.a(dma_stm32_v1.c.obj)
 .text.LL_DMA_ClearFlag_FE7
                0x0000000008007bf6        0x8 zephyr/drivers/dma/libdrivers__dma.a(dma_stm32_v1.c.obj)
 .text.stm32_dma_clear_stream_irq
                0x0000000008007bfe       0x1e zephyr/drivers/dma/libdrivers__dma.a(dma_stm32_v1.c.obj)
                0x0000000008007bfe                stm32_dma_clear_stream_irq
 .text.stm32_dma_check_fifo_mburst
                0x0000000008007c1c       0x4e zephyr/drivers/dma/libdrivers__dma.a(dma_stm32_v1.c.obj)
                0x0000000008007c1c                stm32_dma_check_fifo_mburst
 .text.z_log_msg_simple_create_1.constprop.0
                0x0000000008007c6a        0xa zephyr/drivers/dma/libdrivers__dma.a(dmamux_stm32.c.obj)
 .text.gpio_stm32_port_get_raw
                0x0000000008007c74        0xc zephyr/drivers/gpio/libdrivers__gpio.a(gpio_stm32.c.obj)
 .text.gpio_stm32_port_set_masked_raw
                0x0000000008007c80       0x12 zephyr/drivers/gpio/libdrivers__gpio.a(gpio_stm32.c.obj)
 .text.gpio_stm32_port_set_bits_raw
                0x0000000008007c92        0xa zephyr/drivers/gpio/libdrivers__gpio.a(gpio_stm32.c.obj)
 .text.gpio_stm32_port_clear_bits_raw
                0x0000000008007c9c        0xc zephyr/drivers/gpio/libdrivers__gpio.a(gpio_stm32.c.obj)
 .text.gpio_stm32_port_toggle_bits
                0x0000000008007ca8        0xe zephyr/drivers/gpio/libdrivers__gpio.a(gpio_stm32.c.obj)
 .text.gpio_stm32_manage_callback
                0x0000000008007cb6       0x52 zephyr/drivers/gpio/libdrivers__gpio.a(gpio_stm32.c.obj)
 .text.gpio_stm32_configure_raw.isra.0
                0x0000000008007d08       0xa0 zephyr/drivers/gpio/libdrivers__gpio.a(gpio_stm32.c.obj)
 .text.gpio_stm32_config
                0x0000000008007da8       0xd8 zephyr/drivers/gpio/libdrivers__gpio.a(gpio_stm32.c.obj)
 .text.gpio_stm32_isr
                0x0000000008007e80       0x2c zephyr/drivers/gpio/libdrivers__gpio.a(gpio_stm32.c.obj)
 .text.gpio_stm32_configure
                0x0000000008007eac       0x30 zephyr/drivers/gpio/libdrivers__gpio.a(gpio_stm32.c.obj)
                0x0000000008007eac                gpio_stm32_configure
 .text.queue_get
                0x0000000008007edc       0x2c zephyr/drivers/i2s/libdrivers__i2s.a(i2s_ll_stm32.c.obj)
 .text.stream_queue_drop
                0x0000000008007f08       0x20 zephyr/drivers/i2s/libdrivers__i2s.a(i2s_ll_stm32.c.obj)
 .text.i2s_stm32_read
                0x0000000008007f28       0x1e zephyr/drivers/i2s/libdrivers__i2s.a(i2s_ll_stm32.c.obj)
 .text.i2s_stm32_write
                0x0000000008007f46       0x3a zephyr/drivers/i2s/libdrivers__i2s.a(i2s_ll_stm32.c.obj)
 .text.start_dma
                0x0000000008007f80       0x86 zephyr/drivers/i2s/libdrivers__i2s.a(i2s_ll_stm32.c.obj)
 .text.i2s_stm32_irq_config_func_0
                0x0000000008008006       0x16 zephyr/drivers/i2s/libdrivers__i2s.a(i2s_ll_stm32.c.obj)
 .text.z_log_msg_simple_create_0.constprop.0
                0x000000000800801c        0x8 zephyr/drivers/i2s/libdrivers__i2s.a(i2s_ll_stm32.c.obj)
 .text.reload_dma.constprop.0
                0x0000000008008024       0x2e zephyr/drivers/i2s/libdrivers__i2s.a(i2s_ll_stm32.c.obj)
 .text.pinctrl_lookup_state
                0x0000000008008052       0x26 zephyr/drivers/pinctrl/libdrivers__pinctrl.a(common.c.obj)
                0x0000000008008052                pinctrl_lookup_state
 .text.reset_stm32_status
                0x0000000008008078       0x22 zephyr/drivers/reset/libdrivers__reset.a(reset_stm32.c.obj)
 .text.reset_stm32_line_assert
                0x000000000800809a       0x1c zephyr/drivers/reset/libdrivers__reset.a(reset_stm32.c.obj)
 .text.reset_stm32_line_deassert
                0x00000000080080b6       0x1e zephyr/drivers/reset/libdrivers__reset.a(reset_stm32.c.obj)
 .text.reset_stm32_line_toggle
                0x00000000080080d4       0x16 zephyr/drivers/reset/libdrivers__reset.a(reset_stm32.c.obj)
 .text.uart_stm32_ll2cfg_databits
                0x00000000080080ea       0x2a zephyr/drivers/serial/libdrivers__serial.a(uart_stm32.c.obj)
 .text.uart_stm32_err_check
                0x0000000008008114       0x5a zephyr/drivers/serial/libdrivers__serial.a(uart_stm32.c.obj)
 .text.uart_stm32_poll_out
                0x000000000800816e       0x36 zephyr/drivers/serial/libdrivers__serial.a(uart_stm32.c.obj)
 .text.uart_stm32_poll_in
                0x00000000080081a4       0x22 zephyr/drivers/serial/libdrivers__serial.a(uart_stm32.c.obj)
 .text.uart_stm32_config_get
                0x00000000080081c6       0x92 zephyr/drivers/serial/libdrivers__serial.a(uart_stm32.c.obj)
 .text.uart_stm32_parameters_set
                0x0000000008008258      0x136 zephyr/drivers/serial/libdrivers__serial.a(uart_stm32.c.obj)
 .text.LL_SPI_SetTransferDirection
                0x000000000800838e       0x1e zephyr/drivers/spi/libdrivers__spi.a(spi_ll_stm32.c.obj)
 .text.spi_context_get_next_buf
                0x00000000080083ac       0x2c zephyr/drivers/spi/libdrivers__spi.a(spi_ll_stm32.c.obj)
 .text.spi_context_buffers_setup
                0x00000000080083d8       0x5e zephyr/drivers/spi/libdrivers__spi.a(spi_ll_stm32.c.obj)
 .text.ll_func_disable_spi
                0x0000000008008436       0x1c zephyr/drivers/spi/libdrivers__spi.a(spi_ll_stm32.c.obj)
 .text.spi_stm32_send_next_frame
                0x0000000008008452       0x92 zephyr/drivers/spi/libdrivers__spi.a(spi_ll_stm32.c.obj)
 .text.spi_stm32_read_next_frame
                0x00000000080084e4       0x88 zephyr/drivers/spi/libdrivers__spi.a(spi_ll_stm32.c.obj)
 .text.ll_func_spi_is_busy
                0x000000000800856c       0x1c zephyr/drivers/spi/libdrivers__spi.a(spi_ll_stm32.c.obj)
 .text.spi_stm32_count_bufset_frames
                0x0000000008008588       0x44 zephyr/drivers/spi/libdrivers__spi.a(spi_ll_stm32.c.obj)
 .text.spi_stm32_pinctrl_apply.isra.0
                0x00000000080085cc       0x2a zephyr/drivers/spi/libdrivers__spi.a(spi_ll_stm32.c.obj)
 .text.gpio_pin_set_dt.isra.0
                0x00000000080085f6       0x28 zephyr/drivers/spi/libdrivers__spi.a(spi_ll_stm32.c.obj)
 .text.spi_context_unlock_unconditionally
                0x000000000800861e       0x30 zephyr/drivers/spi/libdrivers__spi.a(spi_ll_stm32.c.obj)
 .text.spi_stm32_release
                0x000000000800864e       0x14 zephyr/drivers/spi/libdrivers__spi.a(spi_ll_stm32.c.obj)
 .text.LL_DMA_StructInit
                0x0000000008008662       0x26 modules/hal_stm32/stm32cube/lib..__modules__hal__stm32__stm32cube.a(stm32h7xx_ll_dma.c.obj)
                0x0000000008008662                LL_DMA_StructInit
 .text.z_impl_k_busy_wait
                0x0000000008008688       0x1e zephyr/kernel/libkernel.a(busy_wait.c.obj)
                0x0000000008008688                z_impl_k_busy_wait
 .text.z_device_state_init
                0x00000000080086a6        0x2 zephyr/kernel/libkernel.a(device.c.obj)
                0x00000000080086a6                z_device_state_init
 .text.z_impl_device_is_ready
                0x00000000080086a8       0x16 zephyr/kernel/libkernel.a(device.c.obj)
                0x00000000080086a8                z_impl_device_is_ready
 .text.arch_system_halt
                0x00000000080086be       0x10 zephyr/kernel/libkernel.a(fatal.c.obj)
                0x00000000080086be                arch_system_halt
 .text.do_device_init
                0x00000000080086ce       0x2e zephyr/kernel/libkernel.a(init.c.obj)
 .text.z_early_memset
                0x00000000080086fc        0x4 zephyr/kernel/libkernel.a(init.c.obj)
                0x00000000080086fc                z_early_memset
 .text.z_early_memcpy
                0x0000000008008700        0x4 zephyr/kernel/libkernel.a(init.c.obj)
                0x0000000008008700                z_early_memcpy
 .text.create_free_list
                0x0000000008008704       0x34 zephyr/kernel/libkernel.a(mem_slab.c.obj)
 .text.k_mem_slab_free
                0x0000000008008738       0x6e zephyr/kernel/libkernel.a(mem_slab.c.obj)
                0x0000000008008738                k_mem_slab_free
 .text.idle     0x00000000080087a6       0x16 zephyr/kernel/libkernel.a(idle.c.obj)
                0x00000000080087a6                idle
 .text.unpend_thread_no_timeout
                0x00000000080087bc       0x1a zephyr/kernel/libkernel.a(msg_q.c.obj)
 .text.z_impl_k_msgq_put
                0x00000000080087d6        0xe zephyr/kernel/libkernel.a(msg_q.c.obj)
                0x00000000080087d6                z_impl_k_msgq_put
 .text.z_impl_k_sem_init
                0x00000000080087e4       0x18 zephyr/kernel/libkernel.a(sem.c.obj)
                0x00000000080087e4                z_impl_k_sem_init
 .text.k_is_in_isr
                0x00000000080087fc        0xc zephyr/kernel/libkernel.a(thread.c.obj)
                0x00000000080087fc                k_is_in_isr
 .text.z_impl_k_thread_name_set
                0x0000000008008808        0x6 zephyr/kernel/libkernel.a(thread.c.obj)
                0x0000000008008808                z_impl_k_thread_name_set
 .text.k_thread_name_get
                0x000000000800880e        0x4 zephyr/kernel/libkernel.a(thread.c.obj)
                0x000000000800880e                k_thread_name_get
 .text.sys_dlist_remove
                0x0000000008008812       0x10 zephyr/kernel/libkernel.a(sched.c.obj)
 .text.unpend_thread_no_timeout
                0x0000000008008822       0x14 zephyr/kernel/libkernel.a(sched.c.obj)
 .text.add_to_waitq_locked
                0x0000000008008836       0x50 zephyr/kernel/libkernel.a(sched.c.obj)
 .text.z_ready_thread
                0x0000000008008886       0x1e zephyr/kernel/libkernel.a(sched.c.obj)
                0x0000000008008886                z_ready_thread
 .text.z_unpend_thread_no_timeout
                0x00000000080088a4       0x22 zephyr/kernel/libkernel.a(sched.c.obj)
                0x00000000080088a4                z_unpend_thread_no_timeout
 .text.z_sched_wake_thread
                0x00000000080088c6       0x3a zephyr/kernel/libkernel.a(sched.c.obj)
                0x00000000080088c6                z_sched_wake_thread
 .text.z_thread_timeout
                0x0000000008008900        0x8 zephyr/kernel/libkernel.a(sched.c.obj)
                0x0000000008008900                z_thread_timeout
 .text.z_unpend1_no_timeout
                0x0000000008008908       0x2c zephyr/kernel/libkernel.a(sched.c.obj)
                0x0000000008008908                z_unpend1_no_timeout
 .text.z_impl_k_sleep
                0x0000000008008934       0x50 zephyr/kernel/libkernel.a(sched.c.obj)
                0x0000000008008934                z_impl_k_sleep
 .text.next_timeout
                0x0000000008008984       0x2e zephyr/kernel/libkernel.a(timeout.c.obj)
 .text.z_abort_timeout
                0x00000000080089b2       0x50 zephyr/kernel/libkernel.a(timeout.c.obj)
                0x00000000080089b2                z_abort_timeout
 .text.sys_clock_tick_get_32
                0x0000000008008a02        0x8 zephyr/kernel/libkernel.a(timeout.c.obj)
                0x0000000008008a02                sys_clock_tick_get_32
 .text.z_impl_k_uptime_ticks
                0x0000000008008a0a        0x4 zephyr/kernel/libkernel.a(timeout.c.obj)
                0x0000000008008a0a                z_impl_k_uptime_ticks
 .text.k_timer_init
                0x0000000008008a0e       0x18 zephyr/kernel/libkernel.a(timer.c.obj)
                0x0000000008008a0e                k_timer_init
 .text.z_impl_k_timer_stop
                0x0000000008008a26       0x38 zephyr/kernel/libkernel.a(timer.c.obj)
                0x0000000008008a26                z_impl_k_timer_stop
 .text.k_heap_init
                0x0000000008008a5e       0x10 zephyr/kernel/libkernel.a(kheap.c.obj)
                0x0000000008008a5e                k_heap_init
 .text.memcpy   0x0000000008008a6e       0x1c c:\zephyr-sdk\zephyr\zephyr-sdk-0.17.3\arm-zephyr-eabi\bin\../lib/gcc/../../picolibc/arm-zephyr-eabi/lib/thumb/v7e-m/nofp\libc.a(memcpy.c.o)
                0x0000000008008a6e                __aeabi_memcpy
                0x0000000008008a6e                __aeabi_memcpy4
                0x0000000008008a6e                __aeabi_memcpy8
                0x0000000008008a6e                memcpy
 .text.memset   0x0000000008008a8a       0x10 c:\zephyr-sdk\zephyr\zephyr-sdk-0.17.3\arm-zephyr-eabi\bin\../lib/gcc/../../picolibc/arm-zephyr-eabi/lib/thumb/v7e-m/nofp\libc.a(memset.c.o)
                0x0000000008008a8a                memset
 .text.strnlen  0x0000000008008a9a       0x18 c:\zephyr-sdk\zephyr\zephyr-sdk-0.17.3\arm-zephyr-eabi\bin\../lib/gcc/../../picolibc/arm-zephyr-eabi/lib/thumb/v7e-m/nofp\libc.a(libc_string_strnlen.c.o)
                0x0000000008008a9a                strnlen
 .text.__ultoa_invert
                0x0000000008008ab2       0xae c:\zephyr-sdk\zephyr\zephyr-sdk-0.17.3\arm-zephyr-eabi\bin\../lib/gcc/../../picolibc/arm-zephyr-eabi/lib/thumb/v7e-m/nofp\libc.a(libc_tinystdio_vflprintf.c.o)
 .text.__file_str_put
                0x0000000008008b60       0x10 c:\zephyr-sdk\zephyr\zephyr-sdk-0.17.3\arm-zephyr-eabi\bin\../lib/gcc/../../picolibc/arm-zephyr-eabi/lib/thumb/v7e-m/nofp\libc.a(libc_tinystdio_filestrput.c.o)
                0x0000000008008b60                __file_str_put
 *(SORT_BY_ALIGNMENT(.TEXT.*))
 .TEXT.__aeabi_read_tp
                0x0000000008008b70        0xc zephyr/arch/arch/arm/core/cortex_m/libarch__arm__core__cortex_m.a(__aeabi_read_tp.S.obj)
                0x0000000008008b70                __aeabi_read_tp
 *(SORT_BY_ALIGNMENT(.gnu.linkonce.t.*))
 *(SORT_BY_ALIGNMENT(.glue_7t))
 .glue_7t       0x0000000008008b7c        0x0 linker stubs
 *(SORT_BY_ALIGNMENT(.glue_7))
 .glue_7        0x0000000008008b7c        0x0 linker stubs
 *(SORT_BY_ALIGNMENT(.vfp11_veneer))
 .vfp11_veneer  0x0000000008008b7c        0x0 linker stubs
 *(SORT_BY_ALIGNMENT(.v4_bx))
 .v4_bx         0x0000000008008b7c        0x0 linker stubs
                0x0000000008008b7c                . = ALIGN (0x4)
                0x0000000008008b7c                __text_region_end = .

.ARM.exidx      0x0000000008008b7c        0x8
                0x0000000008008b7c                __exidx_start = .
 *(SORT_BY_ALIGNMENT(.ARM.exidx*) SORT_BY_ALIGNMENT(gnu.linkonce.armexidx.*))
 .ARM.exidx     0x0000000008008b7c        0x8 c:\zephyr-sdk\zephyr\zephyr-sdk-0.17.3\arm-zephyr-eabi\bin\../lib/gcc/../../picolibc/arm-zephyr-eabi/lib/thumb/v7e-m/nofp\libc.a(strlen.S.o)
 .ARM.exidx     0x0000000008008b84        0x0 c:/zephyr-sdk/zephyr/zephyr-sdk-0.17.3/arm-zephyr-eabi/bin/../lib/gcc/arm-zephyr-eabi/12.2.0/thumb/v7e-m/nofp\libgcc.a(_udivmoddi4.o)
                                          0x8 (size before relaxing)
                0x0000000008008b84                __exidx_end = .
                0x0000000008008b84                __rodata_region_start = .

initlevel       0x0000000008008b84       0xe8
                0x0000000008008b84                __init_start = .
                0x0000000008008b84                __init_EARLY_start = .
 *(SORT_BY_NAME(SORT_BY_ALIGNMENT(.z_init_EARLY_P_?_*)))
 *(SORT_BY_NAME(SORT_BY_ALIGNMENT(.z_init_EARLY_P_??_*)))
 *(SORT_BY_NAME(SORT_BY_ALIGNMENT(.z_init_EARLY_P_???_*)))
                0x0000000008008b84                __init_PRE_KERNEL_1_start = .
 *(SORT_BY_NAME(SORT_BY_ALIGNMENT(.z_init_PRE_KERNEL_1_P_?_*)))
 .z_init_PRE_KERNEL_1_P_1_SUB_00009_
                0x0000000008008b84        0x8 zephyr/drivers/clock_control/libdrivers__clock_control.a(clock_stm32_ll_h7.c.obj)
 .z_init_PRE_KERNEL_1_P_1_SUB_0_
                0x0000000008008b8c        0x8 zephyr/libzephyr.a(soc_config.c.obj)
 *(SORT_BY_NAME(SORT_BY_ALIGNMENT(.z_init_PRE_KERNEL_1_P_??_*)))
 .z_init_PRE_KERNEL_1_P_30_SUB_0_
                0x0000000008008b94        0x8 zephyr/kernel/libkernel.a(mem_slab.c.obj)
 .z_init_PRE_KERNEL_1_P_30_SUB_0_
                0x0000000008008b9c        0x8 zephyr/kernel/libkernel.a(kheap.c.obj)
 .z_init_PRE_KERNEL_1_P_35_SUB_00055_
                0x0000000008008ba4        0x8 zephyr/drivers/reset/libdrivers__reset.a(reset_stm32.c.obj)
 .z_init_PRE_KERNEL_1_P_40_SUB_00043_
                0x0000000008008bac        0x8 zephyr/drivers/gpio/libdrivers__gpio.a(gpio_stm32.c.obj)
 .z_init_PRE_KERNEL_1_P_40_SUB_00046_
                0x0000000008008bb4        0x8 zephyr/drivers/gpio/libdrivers__gpio.a(gpio_stm32.c.obj)
 .z_init_PRE_KERNEL_1_P_40_SUB_00047_
                0x0000000008008bbc        0x8 zephyr/drivers/gpio/libdrivers__gpio.a(gpio_stm32.c.obj)
 .z_init_PRE_KERNEL_1_P_40_SUB_00071_
                0x0000000008008bc4        0x8 zephyr/drivers/dma/libdrivers__dma.a(dma_stm32.c.obj)
 .z_init_PRE_KERNEL_1_P_40_SUB_00084_
                0x0000000008008bcc        0x8 zephyr/drivers/interrupt_controller/libdrivers__interrupt_controller.a(intc_exti_stm32.c.obj)
 .z_init_PRE_KERNEL_1_P_40_SUB_00108_
                0x0000000008008bd4        0x8 zephyr/drivers/gpio/libdrivers__gpio.a(gpio_stm32.c.obj)
 .z_init_PRE_KERNEL_1_P_40_SUB_00143_
                0x0000000008008bdc        0x8 zephyr/drivers/gpio/libdrivers__gpio.a(gpio_stm32.c.obj)
 .z_init_PRE_KERNEL_1_P_40_SUB_00144_
                0x0000000008008be4        0x8 zephyr/drivers/gpio/libdrivers__gpio.a(gpio_stm32.c.obj)
 .z_init_PRE_KERNEL_1_P_40_SUB_00145_
                0x0000000008008bec        0x8 zephyr/drivers/gpio/libdrivers__gpio.a(gpio_stm32.c.obj)
 .z_init_PRE_KERNEL_1_P_40_SUB_00146_
                0x0000000008008bf4        0x8 zephyr/drivers/gpio/libdrivers__gpio.a(gpio_stm32.c.obj)
 .z_init_PRE_KERNEL_1_P_40_SUB_00147_
                0x0000000008008bfc        0x8 zephyr/drivers/gpio/libdrivers__gpio.a(gpio_stm32.c.obj)
 .z_init_PRE_KERNEL_1_P_40_SUB_00148_
                0x0000000008008c04        0x8 zephyr/drivers/gpio/libdrivers__gpio.a(gpio_stm32.c.obj)
 .z_init_PRE_KERNEL_1_P_40_SUB_00149_
                0x0000000008008c0c        0x8 zephyr/drivers/gpio/libdrivers__gpio.a(gpio_stm32.c.obj)
 .z_init_PRE_KERNEL_1_P_40_SUB_0_
                0x0000000008008c14        0x8 zephyr/drivers/interrupt_controller/libdrivers__interrupt_controller.a(intc_gpio_stm32.c.obj)
 .z_init_PRE_KERNEL_1_P_41_SUB_00077_
                0x0000000008008c1c        0x8 zephyr/drivers/dma/libdrivers__dma.a(dmamux_stm32.c.obj)
 .z_init_PRE_KERNEL_1_P_50_SUB_00091_
                0x0000000008008c24        0x8 zephyr/drivers/serial/libdrivers__serial.a(uart_stm32.c.obj)
 .z_init_PRE_KERNEL_1_P_50_SUB_00094_
                0x0000000008008c2c        0x8 zephyr/drivers/serial/libdrivers__serial.a(uart_stm32.c.obj)
 .z_init_PRE_KERNEL_1_P_50_SUB_00105_
                0x0000000008008c34        0x8 zephyr/drivers/serial/libdrivers__serial.a(uart_stm32.c.obj)
 .z_init_PRE_KERNEL_1_P_60_SUB_0_
                0x0000000008008c3c        0x8 zephyr/drivers/console/libdrivers__console.a(uart_console.c.obj)
 *(SORT_BY_NAME(SORT_BY_ALIGNMENT(.z_init_PRE_KERNEL_1_P_???_*)))
                0x0000000008008c44                __init_PRE_KERNEL_2_start = .
 *(SORT_BY_NAME(SORT_BY_ALIGNMENT(.z_init_PRE_KERNEL_2_P_?_*)))
 .z_init_PRE_KERNEL_2_P_0_SUB_0_
                0x0000000008008c44        0x8 zephyr/drivers/timer/libdrivers__timer.a(cortex_m_systick.c.obj)
 *(SORT_BY_NAME(SORT_BY_ALIGNMENT(.z_init_PRE_KERNEL_2_P_??_*)))
 *(SORT_BY_NAME(SORT_BY_ALIGNMENT(.z_init_PRE_KERNEL_2_P_???_*)))
                0x0000000008008c4c                __init_POST_KERNEL_start = .
 *(SORT_BY_NAME(SORT_BY_ALIGNMENT(.z_init_POST_KERNEL_P_?_*)))
 .z_init_POST_KERNEL_P_0_SUB_0_
                0x0000000008008c4c        0x8 zephyr/libzephyr.a(log_core.c.obj)
 *(SORT_BY_NAME(SORT_BY_ALIGNMENT(.z_init_POST_KERNEL_P_??_*)))
 .z_init_POST_KERNEL_P_35_SUB_0_
                0x0000000008008c54        0x8 zephyr/lib/libc/common/liblib__libc__common.a(malloc.c.obj)
 .z_init_POST_KERNEL_P_50_SUB_00083_
                0x0000000008008c5c        0x8 zephyr/drivers/i2s/libdrivers__i2s.a(i2s_ll_stm32.c.obj)
 .z_init_POST_KERNEL_P_50_SUB_00112_
                0x0000000008008c64        0x8 zephyr/drivers/spi/libdrivers__spi.a(spi_ll_stm32.c.obj)
 *(SORT_BY_NAME(SORT_BY_ALIGNMENT(.z_init_POST_KERNEL_P_???_*)))
                0x0000000008008c6c                __init_APPLICATION_start = .
 *(SORT_BY_NAME(SORT_BY_ALIGNMENT(.z_init_APPLICATION_P_?_*)))
 *(SORT_BY_NAME(SORT_BY_ALIGNMENT(.z_init_APPLICATION_P_??_*)))
 *(SORT_BY_NAME(SORT_BY_ALIGNMENT(.z_init_APPLICATION_P_???_*)))
                0x0000000008008c6c                __init_SMP_start = .
 *(SORT_BY_NAME(SORT_BY_ALIGNMENT(.z_init_SMP_P_?_*)))
 *(SORT_BY_NAME(SORT_BY_ALIGNMENT(.z_init_SMP_P_??_*)))
 *(SORT_BY_NAME(SORT_BY_ALIGNMENT(.z_init_SMP_P_???_*)))
                0x0000000008008c6c                __init_end = .

device_area     0x0000000008008c6c      0x2a0
                0x0000000008008c6c                _device_list_start = .
 *(SORT_BY_NAME(SORT_BY_ALIGNMENT(._device.static.*_?_*)))
 ._device.static.1_1_
                0x0000000008008c6c       0x20 zephyr/drivers/clock_control/libdrivers__clock_control.a(clock_stm32_ll_h7.c.obj)
                0x0000000008008c6c                __device_dts_ord_9
 *(SORT_BY_NAME(SORT_BY_ALIGNMENT(._device.static.*_??_*)))
 ._device.static.1_35_
                0x0000000008008c8c       0x20 zephyr/drivers/reset/libdrivers__reset.a(reset_stm32.c.obj)
                0x0000000008008c8c                __device_dts_ord_55
 ._device.static.1_40_
                0x0000000008008cac       0x20 zephyr/drivers/interrupt_controller/libdrivers__interrupt_controller.a(intc_exti_stm32.c.obj)
                0x0000000008008cac                __device_dts_ord_84
 ._device.static.1_40_
                0x0000000008008ccc       0x20 zephyr/drivers/dma/libdrivers__dma.a(dma_stm32.c.obj)
                0x0000000008008ccc                __device_dts_ord_71
 ._device.static.1_40_
                0x0000000008008cec      0x160 zephyr/drivers/gpio/libdrivers__gpio.a(gpio_stm32.c.obj)
                0x0000000008008cec                __device_dts_ord_149
                0x0000000008008d0c                __device_dts_ord_148
                0x0000000008008d2c                __device_dts_ord_147
                0x0000000008008d4c                __device_dts_ord_146
                0x0000000008008d6c                __device_dts_ord_145
                0x0000000008008d8c                __device_dts_ord_144
                0x0000000008008dac                __device_dts_ord_47
                0x0000000008008dcc                __device_dts_ord_108
                0x0000000008008dec                __device_dts_ord_43
                0x0000000008008e0c                __device_dts_ord_46
                0x0000000008008e2c                __device_dts_ord_143
 ._device.static.1_41_
                0x0000000008008e4c       0x20 zephyr/drivers/dma/libdrivers__dma.a(dmamux_stm32.c.obj)
                0x0000000008008e4c                __device_dts_ord_77
 ._device.static.1_50_
                0x0000000008008e6c       0x60 zephyr/drivers/serial/libdrivers__serial.a(uart_stm32.c.obj)
                0x0000000008008e6c                __device_dts_ord_105
                0x0000000008008e8c                __device_dts_ord_94
                0x0000000008008eac                __device_dts_ord_91
 ._device.static.3_50_
                0x0000000008008ecc       0x20 zephyr/drivers/i2s/libdrivers__i2s.a(i2s_ll_stm32.c.obj)
                0x0000000008008ecc                __device_dts_ord_83
 ._device.static.3_50_
                0x0000000008008eec       0x20 zephyr/drivers/spi/libdrivers__spi.a(spi_ll_stm32.c.obj)
                0x0000000008008eec                __device_dts_ord_112
 *(SORT_BY_NAME(SORT_BY_ALIGNMENT(._device.static.*_???_*)))
 *(SORT_BY_NAME(SORT_BY_ALIGNMENT(._device.static.*_????_*)))
 *(SORT_BY_NAME(SORT_BY_ALIGNMENT(._device.static.*_?????_*)))
                0x0000000008008f0c                _device_list_end = .

sw_isr_table    0x0000000008008f0c      0x518
                0x0000000008008f0c                . = ALIGN (0x4)
 *(SORT_BY_ALIGNMENT(.gnu.linkonce.sw_isr_table*))
 .gnu.linkonce.sw_isr_table
                0x0000000008008f0c      0x518 zephyr/arch/common/libisr_tables.a(isr_tables.c.obj)
                0x0000000008008f0c                _sw_isr_table

initlevel_error
                0x0000000008008b84        0x0
 *(SORT_BY_NAME(SORT_BY_ALIGNMENT(.z_init_*)))
                0x0000000000000001                ASSERT ((SIZEOF (initlevel_error) == 0x0), Undefined initialization levels used.)

app_shmem_regions
                0x0000000008009424        0x0
                0x0000000008009424                __app_shmem_regions_start = .
 *(SORT_BY_NAME(SORT_BY_ALIGNMENT(.app_regions.*)))
                0x0000000008009424                __app_shmem_regions_end = .

k_p4wq_initparam_area
                0x0000000008009424        0x0
                0x0000000008009424                _k_p4wq_initparam_list_start = .
 *(SORT_BY_NAME(SORT_BY_ALIGNMENT(._k_p4wq_initparam.static.*)))
                0x0000000008009424                _k_p4wq_initparam_list_end = .

_static_thread_data_area
                0x0000000008009424        0x0
                0x0000000008009424                __static_thread_data_list_start = .
 *(SORT_BY_NAME(SORT_BY_ALIGNMENT(.__static_thread_data.static.*)))
                0x0000000008009424                __static_thread_data_list_end = .

device_deps     0x0000000008009424        0x0
                0x0000000008009424                __device_deps_start = .
 *(SORT_BY_NAME(SORT_BY_ALIGNMENT(.__device_deps_pass2*)))
                0x0000000008009424                __device_deps_end = .

dma_driver_api_area
                0x0000000008009424       0x50
                0x0000000008009424                _dma_driver_api_list_start = .
 *(SORT_BY_NAME(SORT_BY_ALIGNMENT(._dma_driver_api.static.*)))
 ._dma_driver_api.static.dma_funcs_
                0x0000000008009424       0x28 zephyr/drivers/dma/libdrivers__dma.a(dma_stm32.c.obj)
 ._dma_driver_api.static.dma_funcs_
                0x000000000800944c       0x28 zephyr/drivers/dma/libdrivers__dma.a(dmamux_stm32.c.obj)
                0x0000000008009474                _dma_driver_api_list_end = .

gpio_driver_api_area
                0x0000000008009474       0x24
                0x0000000008009474                _gpio_driver_api_list_start = .
 *(SORT_BY_NAME(SORT_BY_ALIGNMENT(._gpio_driver_api.static.*)))
 ._gpio_driver_api.static.gpio_stm32_driver_
                0x0000000008009474       0x24 zephyr/drivers/gpio/libdrivers__gpio.a(gpio_stm32.c.obj)
                0x0000000008009498                _gpio_driver_api_list_end = .

i2s_driver_api_area
                0x0000000008009498       0x14
                0x0000000008009498                _i2s_driver_api_list_start = .
 *(SORT_BY_NAME(SORT_BY_ALIGNMENT(._i2s_driver_api.static.*)))
 ._i2s_driver_api.static.i2s_stm32_driver_api_
                0x0000000008009498       0x14 zephyr/drivers/i2s/libdrivers__i2s.a(i2s_ll_stm32.c.obj)
                0x00000000080094ac                _i2s_driver_api_list_end = .

reset_driver_api_area
                0x00000000080094ac       0x10
                0x00000000080094ac                _reset_driver_api_list_start = .
 *(SORT_BY_NAME(SORT_BY_ALIGNMENT(._reset_driver_api.static.*)))
 ._reset_driver_api.static.reset_stm32_driver_api_
                0x00000000080094ac       0x10 zephyr/drivers/reset/libdrivers__reset.a(reset_stm32.c.obj)
                0x00000000080094bc                _reset_driver_api_list_end = .

spi_driver_api_area
                0x00000000080094bc        0x8
                0x00000000080094bc                _spi_driver_api_list_start = .
 *(SORT_BY_NAME(SORT_BY_ALIGNMENT(._spi_driver_api.static.*)))
 ._spi_driver_api.static.api_funcs_
                0x00000000080094bc        0x8 zephyr/drivers/spi/libdrivers__spi.a(spi_ll_stm32.c.obj)
                0x00000000080094c4                _spi_driver_api_list_end = .

shared_irq_driver_api_area
                0x00000000080094c4        0x0
                0x00000000080094c4                _shared_irq_driver_api_list_start = .
 *(SORT_BY_NAME(SORT_BY_ALIGNMENT(._shared_irq_driver_api.static.*)))
                0x00000000080094c4                _shared_irq_driver_api_list_end = .

crypto_driver_api_area
                0x00000000080094c4        0x0
                0x00000000080094c4                _crypto_driver_api_list_start = .
 *(SORT_BY_NAME(SORT_BY_ALIGNMENT(._crypto_driver_api.static.*)))
                0x00000000080094c4                _crypto_driver_api_list_end = .

adc_driver_api_area
                0x00000000080094c4        0x0